Component: ARM Compiler 5.06 update 6 (build 750) Tool: armlink [4d35ed]

==============================================================================

Section Cross References

    can_mcal.o(i.CAN_IRQHandler) refers to rt_cmsis.o(i.osMessagePut) for osMessagePut
    can_mcal.o(i.CAN_IRQHandler) refers to main.o(.data) for can_queue_id
    can_mcal.o(i.CAN_Init) refers to system_lpc17xx.o(.data) for SystemCoreClock
    can_mcal.o(i.CAN_Init_Interrupt) refers to can_mcal.o(i.CAN_Init) for CAN_Init
    main.o(i.Event_RxTask) refers to _printf_percent.o(.ARM.Collect$$_printf_percent$$00000000) for _printf_percent
    main.o(i.Event_RxTask) refers to _printf_u.o(.ARM.Collect$$_printf_percent$$0000000A) for _printf_u
    main.o(i.Event_RxTask) refers to _printf_dec.o(.text) for _printf_int_dec
    main.o(i.Event_RxTask) refers to _printf_pad.o(.text) for _printf_pre_padding
    main.o(i.Event_RxTask) refers to _printf_d.o(.ARM.Collect$$_printf_percent$$00000009) for _printf_d
    main.o(i.Event_RxTask) refers to can_mcal.o(i.CAN_Init_Interrupt) for CAN_Init_Interrupt
    main.o(i.Event_RxTask) refers to can_mcal.o(i.Can_Write) for Can_Write
    main.o(i.Event_RxTask) refers to uart_debug.o(i.UART0_SendString) for UART0_SendString
    main.o(i.Event_RxTask) refers to rt_cmsis.o(i.osMessageGet) for osMessageGet
    main.o(i.Event_RxTask) refers to noretval__2sprintf.o(.text) for __2sprintf
    main.o(i.Event_RxTask) refers to main.o(.data) for transmit_timer_request
    main.o(i.Event_RxTask) refers to ui_control.o(.data) for ac_mode
    main.o(i.main) refers to system_lpc17xx.o(i.SystemInit) for SystemInit
    main.o(i.main) refers to rt_cmsis.o(i.osKernelInitialize) for osKernelInitialize
    main.o(i.main) refers to uart_debug.o(i.UART0_Init) for UART0_Init
    main.o(i.main) refers to rt_cmsis.o(i.osMessageCreate) for osMessageCreate
    main.o(i.main) refers to rt_cmsis.o(i.osThreadCreate) for osThreadCreate
    main.o(i.main) refers to rt_cmsis.o(i.osKernelStart) for osKernelStart
    main.o(i.main) refers to main.o(.constdata) for os_messageQ_def_can_queue
    main.o(i.main) refers to main.o(.data) for can_queue_id
    main.o(.constdata) refers to main.o(.bss) for os_messageQ_q_can_queue
    main.o(.constdata) refers to main.o(i.Event_RxTask) for Event_RxTask
    main.o(.constdata) refers to ui_control.o(i.UI_MenuTask) for UI_MenuTask
    ui_control.o(i.UI_MenuTask) refers to _printf_pad.o(.text) for _printf_pre_padding
    ui_control.o(i.UI_MenuTask) refers to _printf_percent.o(.ARM.Collect$$_printf_percent$$00000000) for _printf_percent
    ui_control.o(i.UI_MenuTask) refers to _printf_d.o(.ARM.Collect$$_printf_percent$$00000009) for _printf_d
    ui_control.o(i.UI_MenuTask) refers to _printf_s.o(.ARM.Collect$$_printf_percent$$00000014) for _printf_s
    ui_control.o(i.UI_MenuTask) refers to _printf_dec.o(.text) for _printf_int_dec
    ui_control.o(i.UI_MenuTask) refers to _printf_str.o(.text) for _printf_str
    ui_control.o(i.UI_MenuTask) refers to _printf_u.o(.ARM.Collect$$_printf_percent$$0000000A) for _printf_u
    ui_control.o(i.UI_MenuTask) refers to joystick_driver.o(i.Joystick_Init) for Joystick_Init
    ui_control.o(i.UI_MenuTask) refers to glcd_mcb1700.o(i.GLCD_Initialize) for GLCD_Initialize
    ui_control.o(i.UI_MenuTask) refers to glcd_mcb1700.o(i.GLCD_SetFont) for GLCD_SetFont
    ui_control.o(i.UI_MenuTask) refers to ui_control.o(i.Update_Kit2_Hardware_LEDs) for Update_Kit2_Hardware_LEDs
    ui_control.o(i.UI_MenuTask) refers to joystick_driver.o(i.Joystick_GetState) for Joystick_GetState
    ui_control.o(i.UI_MenuTask) refers to rt_cmsis.o(i.osDelay) for osDelay
    ui_control.o(i.UI_MenuTask) refers to glcd_fonts.o(.constdata) for GLCD_Font_16x24
    ui_control.o(i.UI_MenuTask) refers to ui_control.o(.data) for sensor_control_mask
    ui_control.o(i.UI_MenuTask) refers to glcd_mcb1700.o(i.GLCD_SetBackgroundColor) for GLCD_SetBackgroundColor
    ui_control.o(i.UI_MenuTask) refers to glcd_mcb1700.o(i.GLCD_SetForegroundColor) for GLCD_SetForegroundColor
    ui_control.o(i.UI_MenuTask) refers to glcd_mcb1700.o(i.GLCD_ClearScreen) for GLCD_ClearScreen
    ui_control.o(i.UI_MenuTask) refers to glcd_mcb1700.o(i.GLCD_DrawString) for GLCD_DrawString
    ui_control.o(i.UI_MenuTask) refers to noretval__2sprintf.o(.text) for __2sprintf
    ui_control.o(i.UI_MenuTask) refers to main.o(.data) for transmit_timer_request
    glcd_mcb1700.o(i.GLCD_ClearScreen) refers to glcd_mcb1700.o(i.GLCD_SetWindow) for GLCD_SetWindow
    glcd_mcb1700.o(i.GLCD_ClearScreen) refers to glcd_mcb1700.o(i.wr_cmd) for wr_cmd
    glcd_mcb1700.o(i.GLCD_ClearScreen) refers to glcd_mcb1700.o(i.wr_dat_start) for wr_dat_start
    glcd_mcb1700.o(i.GLCD_ClearScreen) refers to glcd_mcb1700.o(i.wr_dat_only) for wr_dat_only
    glcd_mcb1700.o(i.GLCD_ClearScreen) refers to glcd_mcb1700.o(i.wr_dat_stop) for wr_dat_stop
    glcd_mcb1700.o(i.GLCD_ClearScreen) refers to glcd_mcb1700.o(.data) for background_color
[...]
    delay_ms                                 0x00004c7d   Thumb Code    42  glcd_mcb1700.o(i.delay_ms)
    i.isrMessageGet                          0x00004cac   Section        0  rt_cmsis.o(i.isrMessageGet)
    i.isrMessagePut                          0x00004cd6   Section        0  rt_cmsis.o(i.isrMessagePut)
    i.isr_mbx_receive                        0x00004d04   Section        0  rt_mailbox.o(i.isr_mbx_receive)
    i.isr_mbx_send                           0x00004d5a   Section        0  rt_mailbox.o(i.isr_mbx_send)
    i.main                                   0x00004d68   Section        0  main.o(i.main)
    i.osDelay                                0x00004dac   Section        0  rt_cmsis.o(i.osDelay)
    i.osKernelInitialize                     0x00004dc4   Section        0  rt_cmsis.o(i.osKernelInitialize)
    i.osKernelStart                          0x00004de8   Section        0  rt_cmsis.o(i.osKernelStart)
    i.osMessageCreate                        0x00004e54   Section        0  rt_cmsis.o(i.osMessageCreate)
    i.osMessageGet                           0x00004e80   Section        0  rt_cmsis.o(i.osMessageGet)
    i.osMessagePut                           0x00004e98   Section        0  rt_cmsis.o(i.osMessagePut)
    i.osThreadCreate                         0x00004eb0   Section        0  rt_cmsis.o(i.osThreadCreate)
    i.osThreadExit                           0x00004edc   Section        0  rt_cmsis.o(i.osThreadExit)
    i.osTimerCall                            0x00004ef4   Section        0  rt_cmsis.o(i.osTimerCall)
    i.osTimerThread                          0x00004f00   Section        0  rt_cmsis.o(i.osTimerThread)
    i.os_error                               0x00004f2c   Section        0  rtx_conf_cm.o(i.os_error)
    i.os_idle_demon                          0x00004f4e   Section        0  rtx_conf_cm.o(i.os_idle_demon)
    i.os_tick_init                           0x00004f54   Section        0  rt_system.o(i.os_tick_init)
    i.os_tick_irqack                         0x00004f7c   Section        0  rt_system.o(i.os_tick_irqack)
    i.rd_id_man                              0x00004f80   Section        0  glcd_mcb1700.o(i.rd_id_man)
    rd_id_man                                0x00004f81   Thumb Code   196  glcd_mcb1700.o(i.rd_id_man)
    i.rt_alloc_box                           0x00005048   Section        0  rt_membox.o(i.rt_alloc_box)
    i.rt_alloc_mem                           0x00005062   Section        0  rt_memory.o(i.rt_alloc_mem)
    i.rt_block                               0x000050a0   Section        0  rt_task.o(i.rt_block)
    i.rt_chk_robin                           0x000050d8   Section        0  rt_robin.o(i.rt_chk_robin)
    i.rt_dec_dly                             0x00005120   Section        0  rt_list.o(i.rt_dec_dly)
    i.rt_dispatch                            0x00005190   Section        0  rt_task.o(i.rt_dispatch)
    i.rt_dly_wait                            0x000051d4   Section        0  rt_time.o(i.rt_dly_wait)
    i.rt_evt_psh                             0x000051dc   Section        0  rt_event.o(i.rt_evt_psh)
    i.rt_free_box                            0x0000522c   Section        0  rt_membox.o(i.rt_free_box)
    i.rt_free_mem                            0x00005258   Section        0  rt_memory.o(i.rt_free_mem)
    i.rt_get_first                           0x00005280   Section        0  rt_list.o(i.rt_get_first)
    i.rt_id2obj                              0x000052a8   Section        0  rt_cmsis.o(i.rt_id2obj)
    rt_id2obj                                0x000052a9   Thumb Code     8  rt_cmsis.o(i.rt_id2obj)
    i.rt_init_context                        0x000052b0   Section        0  rt_task.o(i.rt_init_context)
    rt_init_context                          0x000052b1   Thumb Code    66  rt_task.o(i.rt_init_context)
    i.rt_init_mem                            0x000052f8   Section        0  rt_memory.o(i.rt_init_mem)
    i.rt_init_robin                          0x00005314   Section        0  rt_robin.o(i.rt_init_robin)
    i.rt_init_stack                          0x0000532c   Section        0  hal_cm.o(i.rt_init_stack)
    i.rt_mbx_check                           0x000053ac   Section        0  rt_mailbox.o(i.rt_mbx_check)
    i.rt_mbx_init                            0x000053b4   Section        0  rt_mailbox.o(i.rt_mbx_init)
    i.rt_mbx_psh                             0x000053d0   Section        0  rt_mailbox.o(i.rt_mbx_psh)
    i.rt_mbx_send                            0x000054c0   Section        0  rt_mailbox.o(i.rt_mbx_send)
    i.rt_mbx_wait                            0x00005558   Section        0  rt_mailbox.o(i.rt_mbx_wait)
    i.rt_ms2tick                             0x0000560c   Section        0  rt_cmsis.o(i.rt_ms2tick)
    rt_ms2tick                               0x0000560d   Thumb Code    58  rt_cmsis.o(i.rt_ms2tick)
    i.rt_mut_release                         0x00005650   Section        0  rt_mutex.o(i.rt_mut_release)
    i.rt_mut_wait                            0x00005728   Section        0  rt_mutex.o(i.rt_mut_wait)
    i.rt_pop_req                             0x000057a0   Section        0  rt_system.o(i.rt_pop_req)
    i.rt_psh_req                             0x0000581c   Section        0  rt_system.o(i.rt_psh_req)
    i.rt_psq_enq                             0x0000583c   Section        0  rt_list.o(i.rt_psq_enq)
    i.rt_put_dly                             0x00005898   Section        0  rt_list.o(i.rt_put_dly)
    i.rt_put_prio                            0x000058e0   Section        0  rt_list.o(i.rt_put_prio)
    i.rt_put_rdy_first                       0x00005918   Section        0  rt_list.o(i.rt_put_rdy_first)
    i.rt_resort_prio                         0x0000592c   Section        0  rt_list.o(i.rt_resort_prio)
    i.rt_ret_val                             0x00005960   Section        0  hal_cm.o(i.rt_ret_val)
    i.rt_ret_val2                            0x00005966   Section        0  hal_cm.o(i.rt_ret_val2)
    i.rt_rmv_dly                             0x0000596e   Section        0  rt_list.o(i.rt_rmv_dly)
    i.rt_rmv_list                            0x00005998   Section        0  rt_list.o(i.rt_rmv_list)
    i.rt_sem_psh                             0x000059c8   Section        0  rt_semaphore.o(i.rt_sem_psh)
    i.rt_stk_check                           0x000059fc   Section        0  rt_system.o(i.rt_stk_check)
    i.rt_switch_req                          0x00005a20   Section        0  rt_task.o(i.rt_switch_req)
    i.rt_sys_init                            0x00005a48   Section        0  rt_task.o(i.rt_sys_init)
    i.rt_sys_start                           0x00005b14   Section        0  rt_task.o(i.rt_sys_start)
    i.rt_systick                             0x00005b8c   Section        0  rt_system.o(i.rt_systick)
    i.rt_tid2ptcb                            0x00005bcc   Section        0  rt_cmsis.o(i.rt_tid2ptcb)
    rt_tid2ptcb                              0x00005bcd   Thumb Code    18  rt_cmsis.o(i.rt_tid2ptcb)
    i.rt_timer_insert                        0x00005be0   Section        0  rt_cmsis.o(i.rt_timer_insert)
    rt_timer_insert                          0x00005be1   Thumb Code    48  rt_cmsis.o(i.rt_timer_insert)
    i.rt_tsk_create                          0x00005c14   Section        0  rt_task.o(i.rt_tsk_create)
    i.rt_tsk_delete                          0x00005c9c   Section        0  rt_task.o(i.rt_tsk_delete)
    i.rt_tsk_prio                            0x00005e18   Section        0  rt_task.o(i.rt_tsk_prio)
    i.rt_tsk_self                            0x00005e94   Section        0  rt_task.o(i.rt_tsk_self)
    i.spi_tran                               0x00005ea4   Section        0  glcd_mcb1700.o(i.spi_tran)
    spi_tran                                 0x00005ea5   Thumb Code    40  glcd_mcb1700.o(i.spi_tran)
    i.spi_tran_man                           0x00005ed0   Section        0  glcd_mcb1700.o(i.spi_tran_man)
    spi_tran_man                             0x00005ed1   Thumb Code   132  glcd_mcb1700.o(i.spi_tran_man)
    i.svcDelay                               0x00005f58   Section        0  rt_cmsis.o(i.svcDelay)
    i.svcKernelInitialize                    0x00005f6c   Section        0  rt_cmsis.o(i.svcKernelInitialize)
    i.svcKernelStart                         0x00005fdc   Section        0  rt_cmsis.o(i.svcKernelStart)
    i.svcMessageCreate                       0x00006024   Section        0  rt_cmsis.o(i.svcMessageCreate)
    i.svcMessageGet                          0x00006048   Section        0  rt_cmsis.o(i.svcMessageGet)
    i.svcMessagePut                          0x00006082   Section        0  rt_cmsis.o(i.svcMessagePut)
    i.svcThreadCreate                        0x000060b8   Section        0  rt_cmsis.o(i.svcThreadCreate)
    i.svcThreadGetId                         0x00006124   Section        0  rt_cmsis.o(i.svcThreadGetId)
    i.svcThreadTerminate                     0x00006140   Section        0  rt_cmsis.o(i.svcThreadTerminate)
    i.svcTimerCall                           0x00006178   Section        0  rt_cmsis.o(i.svcTimerCall)
    i.sysTimerTick                           0x00006190   Section        0  rt_cmsis.o(i.sysTimerTick)
    i.wr_cmd                                 0x000061ec   Section        0  glcd_mcb1700.o(i.wr_cmd)
    wr_cmd                                   0x000061ed   Thumb Code    70  glcd_mcb1700.o(i.wr_cmd)
    i.wr_dat_only                            0x00006238   Section        0  glcd_mcb1700.o(i.wr_dat_only)
    wr_dat_only                              0x00006239   Thumb Code    46  glcd_mcb1700.o(i.wr_dat_only)
    i.wr_dat_start                           0x0000626c   Section        0  glcd_mcb1700.o(i.wr_dat_start)
    wr_dat_start                             0x0000626d   Thumb Code    20  glcd_mcb1700.o(i.wr_dat_start)
    i.wr_dat_stop                            0x00006284   Section        0  glcd_mcb1700.o(i.wr_dat_stop)
    wr_dat_stop                              0x00006285   Thumb Code    14  glcd_mcb1700.o(i.wr_dat_stop)
    i.wr_reg                                 0x00006298   Section        0  glcd_mcb1700.o(i.wr_reg)
    wr_reg                                   0x00006299   Thumb Code   140  glcd_mcb1700.o(i.wr_reg)
    .constdata                               0x00006328   Section       40  main.o(.constdata)
    .constdata                               0x00006350   Section     6304  glcd_fonts.o(.constdata)
    Font_6x8_h                               0x00006350   Data         896  glcd_fonts.o(.constdata)
    Font_16x24_h                             0x000066d0   Data        5376  glcd_fonts.o(.constdata)
    .constdata                               0x00007bf0   Section        8  glcd_mcb1700.o(.constdata)
    spi1_pins                                0x00007bf0   Data           8  glcd_mcb1700.o(.constdata)
    .constdata                               0x00007bf8   Section      104  rtx_conf_cm.o(.constdata)
    __tagsym$$used                           0x00007c14   Number         0  rtx_conf_cm.o(.constdata)
    __tagsym$$used                           0x00007c18   Number         0  rtx_conf_cm.o(.constdata)
    __tagsym$$used                           0x00007c1c   Number         0  rtx_conf_cm.o(.constdata)
    __tagsym$$used                           0x00007c20   Number         0  rtx_conf_cm.o(.constdata)
    .constdata                               0x00007c60   Section      116  spi_lpc17xx.o(.constdata)
    DriverVersion                            0x00007c60   Data           4  spi_lpc17xx.o(.constdata)
    DriverCapabilities                       0x00007c64   Data           4  spi_lpc17xx.o(.constdata)
    SPI_pin_sck                              0x00007c68   Data           2  spi_lpc17xx.o(.constdata)
    SPI_pin_miso                             0x00007c6a   Data           2  spi_lpc17xx.o(.constdata)
    SPI_pin_mosi                             0x00007c6c   Data           2  spi_lpc17xx.o(.constdata)
    SPI_pin_ssel                             0x00007c6e   Data           2  spi_lpc17xx.o(.constdata)
    SPI_Resources                            0x00007c70   Data          56  spi_lpc17xx.o(.constdata)
    .constdata                               0x00007cd4   Section      132  ssp_lpc17xx.o(.constdata)
    DriverVersion                            0x00007cd4   Data           4  ssp_lpc17xx.o(.constdata)
    DriverCapabilities                       0x00007cd8   Data           4  ssp_lpc17xx.o(.constdata)
    SSP1_pin_sck                             0x00007cdc   Data           2  ssp_lpc17xx.o(.constdata)
    SSP1_pin_miso                            0x00007cde   Data           2  ssp_lpc17xx.o(.constdata)
    SSP1_pin_mosi                            0x00007ce0   Data           2  ssp_lpc17xx.o(.constdata)
    SSP1_pin_ssel                            0x00007ce2   Data           2  ssp_lpc17xx.o(.constdata)
    SSP1_Resources                           0x00007ce4   Data          72  ssp_lpc17xx.o(.constdata)
    .constdata                               0x00007d58   Section       17  __printf_flags_wp.o(.constdata)
    maptable                                 0x00007d58   Data          17  __printf_flags_wp.o(.constdata)
    .bss                                     0x10000000   Section    15840  rtx_conf_cm.o(.bss)
    std_libspace                             0x10003880   Data        1248  rtx_conf_cm.o(.bss)
    std_libmutex                             0x10003d60   Data         128  rtx_conf_cm.o(.bss)
    .data                                    0x2007c000   Section       20  main.o(.data)
    last_printed_status                      0x2007c00c   Data           1  main.o(.data)
    last_printed_time                        0x2007c010   Data           4  main.o(.data)
    .data                                    0x2007c014   Section       37  ui_control.o(.data)
    selected_row                             0x2007c014   Data           1  ui_control.o(.data)
    display_focus                            0x2007c016   Data           1  ui_control.o(.data)
    in_sub_ui                                0x2007c017   Data           1  ui_control.o(.data)
    sub_ui_row                               0x2007c018   Data           1  ui_control.o(.data)
    is_editing                               0x2007c019   Data           1  ui_control.o(.data)
    time_field_focus                         0x2007c01a   Data           1  ui_control.o(.data)
    s2_h                                     0x2007c022   Data           2  ui_control.o(.data)
    s2_m                                     0x2007c024   Data           2  ui_control.o(.data)
    s2_s                                     0x2007c026   Data           2  ui_control.o(.data)
    time_step_value                          0x2007c028   Data           1  ui_control.o(.data)
    s2_countdown_seconds                     0x2007c030   Data           4  ui_control.o(.data)
    ms_tick_accumulator                      0x2007c034   Data           4  ui_control.o(.data)
    .data                                    0x2007c03c   Section        9  glcd_mcb1700.o(.data)
    foreground_color                         0x2007c03c   Data           2  glcd_mcb1700.o(.data)
    background_color                         0x2007c03e   Data           2  glcd_mcb1700.o(.data)
    active_font                              0x2007c040   Data           4  glcd_mcb1700.o(.data)
    Himax                                    0x2007c044   Data           1  glcd_mcb1700.o(.data)
    .data                                    0x2007c048   Section       20  rtx_conf_cm.o(.data)
    nr_mutex                                 0x2007c058   Data           4  rtx_conf_cm.o(.data)
    .data                                    0x2007c05c   Section        4  spi_lpc17xx.o(.data)
    spi                                      0x2007c05c   Data           4  spi_lpc17xx.o(.data)
    .data                                    0x2007c060   Section        8  ssp_lpc17xx.o(.data)
    dummy_data                               0x2007c060   Data           4  ssp_lpc17xx.o(.data)
    dummy_data                               0x2007c064   Data           4  ssp_lpc17xx.o(.data)
    .data                                    0x2007c068   Section        8  gpdma_lpc17xx.o(.data)
    Channel_active                           0x2007c068   Data           4  gpdma_lpc17xx.o(.data)
    Init_cnt                                 0x2007c06c   Data           4  gpdma_lpc17xx.o(.data)
    .data                                    0x2007c070   Section        4  system_lpc17xx.o(.data)
    .data                                    0x2007c074   Section        8  rt_cmsis.o(.data)
    .data                                    0x2007c07c   Section        8  rt_task.o(.data)
    .data                                    0x2007c084   Section        8  rt_system.o(.data)
    os_lock                                  0x2007c084   Data           1  rt_system.o(.data)
    os_psh_flag                              0x2007c085   Data           1  rt_system.o(.data)
    pend_flags                               0x2007c086   Data           1  rt_system.o(.data)
    .data                                    0x2007c08c   Section        4  rt_time.o(.data)
    .data                                    0x2007c090   Section        8  rt_robin.o(.data)
    .data                                    0x2007c098   Section        1  hal_cm.o(.data)
    .bss                                     0x2007c09c   Section       80  main.o(.bss)
    .bss                                     0x2007c0ec   Section       44  spi_lpc17xx.o(.bss)
    SPI_Info                                 0x2007c0ec   Data          16  spi_lpc17xx.o(.bss)
    SPI_Xfer                                 0x2007c0fc   Data          28  spi_lpc17xx.o(.bss)
    .bss                                     0x2007c118   Section       44  ssp_lpc17xx.o(.bss)
    SSP1_Info                                0x2007c118   Data          16  ssp_lpc17xx.o(.bss)
    SSP1_Xfer                                0x2007c128   Data          28  ssp_lpc17xx.o(.bss)
    .bss                                     0x2007c144   Section      160  gpdma_lpc17xx.o(.bss)
    Channel_info                             0x2007c144   Data         160  gpdma_lpc17xx.o(.bss)
    .bss                                     0x2007c1e4   Section       52  rt_task.o(.bss)
    .bss                                     0x2007c218   Section       48  rt_list.o(.bss)
    .bss                                     0x2007c248   Section       96  libspace.o(.bss)
    HEAP                                     0x2007c2a8   Section        0  startup_lpc17xx.o(HEAP)
    STACK                                    0x2007c2a8   Section      512  startup_lpc17xx.o(STACK)
    Heap_Mem                                 0x2007c2a8   Data           0  startup_lpc17xx.o(HEAP)
    Stack_Mem                                0x2007c2a8   Data         512  startup_lpc17xx.o(STACK)
    __initial_sp                             0x2007c4a8   Data           0  startup_lpc17xx.o(STACK)

    Global Symbols

    Symbol Name                              Value     Ov Type        Size  Object(Section)

    BuildAttributes$$THM_ISAv4$P$D$K$B$S$PE$A:L22UL41UL21$X:L11$S22US41US21$IEEE1$IW$~IW$USESV6$~STKCKD$USESV7$~SHL$OSPACE$ROPI$EBA8$UX$STANDARDLIB$REQ8$PRES8$EABIv2 0x00000000   Number         0  anon$$obj.o ABSOLUTE
    __ARM_use_no_argv                        0x00000000   Number         0  main.o ABSOLUTE
    __Vectors                                0x00000000   Data           4  startup_lpc17xx.o(RESET)
    _printf_flags                            0x00000000   Number         0  printf_stubs.o ABSOLUTE
    _printf_return_value                     0x00000000   Number         0  printf_stubs.o ABSOLUTE
    _printf_sizespec                         0x00000000   Number         0  printf_stubs.o ABSOLUTE
    _printf_widthprec                        0x00000000   Number         0  printf_stubs.o ABSOLUTE
    __ARM_exceptions_init                     - Undefined Weak Reference
    __alloca_initialize                       - Undefined Weak Reference
    __arm_preinit_                            - Undefined Weak Reference
    __cpp_initialize__aeabi_                  - Undefined Weak Reference
    __cxa_finalize                            - Undefined Weak Reference
    __rt_locale                               - Undefined Weak Reference
    __sigvec_lookup                           - Undefined Weak Reference
    _atexit_init                              - Undefined Weak Reference
    _call_atexit_fns                          - Undefined Weak Reference
    _clock_init                               - Undefined Weak Reference
    _fp_trap_init                             - Undefined Weak Reference
    _fp_trap_shutdown                         - Undefined Weak Reference
    _get_lc_collate                           - Undefined Weak Reference
    _get_lc_ctype                             - Undefined Weak Reference
    _get_lc_monetary                          - Undefined Weak Reference
    _get_lc_numeric                           - Undefined Weak Reference
    _get_lc_time                              - Undefined Weak Reference
    _getenv_init                              - Undefined Weak Reference
    _handle_redirection                       - Undefined Weak Reference
    _init_alloc                               - Undefined Weak Reference
    _init_user_alloc                          - Undefined Weak Reference
    _initio                                   - Undefined Weak Reference
    _printf_mbtowc                            - Undefined Weak Reference
    _printf_truncate_signed                   - Undefined Weak Reference
    _printf_truncate_unsigned                 - Undefined Weak Reference
    _rand_init                                - Undefined Weak Reference
    _signal_finish                            - Undefined Weak Reference
    _signal_init                              - Undefined Weak Reference
    _terminate_alloc                          - Undefined Weak Reference
    _terminate_user_alloc                     - Undefined Weak Reference
    _terminateio                              - Undefined Weak Reference
    __main                                   0x000000cd   Thumb Code     8  __main.o(!!!main)
    __scatterload                            0x000000d5   Thumb Code     0  __scatter.o(!!!scatter)
    __scatterload_rt2                        0x000000d5   Thumb Code    44  __scatter.o(!!!scatter)
    __scatterload_rt2_thumb_only             0x000000d5   Thumb Code     0  __scatter.o(!!!scatter)
    __scatterload_null                       0x000000e3   Thumb Code     0  __scatter.o(!!!scatter)
    __scatterload_copy                       0x00000109   Thumb Code    26  __scatter_copy.o(!!handler_copy)
    __scatterload_zeroinit                   0x00000125   Thumb Code    28  __scatter_zi.o(!!handler_zi)
    _printf_d                                0x00000141   Thumb Code     0  _printf_d.o(.ARM.Collect$$_printf_percent$$00000009)
    _printf_percent                          0x00000141   Thumb Code     0  _printf_percent.o(.ARM.Collect$$_printf_percent$$00000000)
    _printf_u                                0x00000147   Thumb Code     0  _printf_u.o(.ARM.Collect$$_printf_percent$$0000000A)
    _printf_s                                0x0000014d   Thumb Code     0  _printf_s.o(.ARM.Collect$$_printf_percent$$00000014)
    _printf_percent_end                      0x00000153   Thumb Code     0  _printf_percent_end.o(.ARM.Collect$$_printf_percent$$00000017)
    __rt_lib_init                            0x00000157   Thumb Code     0  libinit.o(.ARM.Collect$$libinit$$00000000)
    __rt_lib_init_alloca_1                   0x00000159   Thumb Code     0  libinit2.o(.ARM.Collect$$libinit$$0000002E)
    __rt_lib_init_argv_1                     0x00000159   Thumb Code     0  libinit2.o(.ARM.Collect$$libinit$$0000002C)
    __rt_lib_init_atexit_1                   0x00000159   Thumb Code     0  libinit2.o(.ARM.Collect$$libinit$$0000001B)
    __rt_lib_init_clock_1                    0x00000159   Thumb Code     0  libinit2.o(.ARM.Collect$$libinit$$00000021)
    __rt_lib_init_cpp_1                      0x00000159   Thumb Code     0  libinit2.o(.ARM.Collect$$libinit$$00000032)
    __rt_lib_init_exceptions_1               0x00000159   Thumb Code     0  libinit2.o(.ARM.Collect$$libinit$$00000030)
    __rt_lib_init_fp_1                       0x00000159   Thumb Code     0  libinit2.o(.ARM.Collect$$libinit$$00000002)
    __rt_lib_init_fp_trap_1                  0x00000159   Thumb Code     0  libinit2.o(.ARM.Collect$$libinit$$0000001F)
    __rt_lib_init_getenv_1                   0x00000159   Thumb Code     0  libinit2.o(.ARM.Collect$$libinit$$00000023)
    __rt_lib_init_heap_1                     0x00000159   Thumb Code     0  libinit2.o(.ARM.Collect$$libinit$$0000000A)
    __rt_lib_init_lc_collate_1               0x00000159   Thumb Code     0  libinit2.o(.ARM.Collect$$libinit$$00000011)
    __rt_lib_init_lc_ctype_1                 0x00000159   Thumb Code     0  libinit2.o(.ARM.Collect$$libinit$$00000013)
    __rt_lib_init_lc_monetary_1              0x00000159   Thumb Code     0  libinit2.o(.ARM.Collect$$libinit$$00000015)
    __rt_lib_init_lc_numeric_1               0x00000159   Thumb Code     0  libinit2.o(.ARM.Collect$$libinit$$00000017)
    __rt_lib_init_lc_time_1                  0x00000159   Thumb Code     0  libinit2.o(.ARM.Collect$$libinit$$00000019)
    __rt_lib_init_preinit_1                  0x00000159   Thumb Code     0  libinit2.o(.ARM.Collect$$libinit$$00000004)
    __rt_lib_init_rand_1                     0x00000159   Thumb Code     0  libinit2.o(.ARM.Collect$$libinit$$0000000E)
    __rt_lib_init_return                     0x00000159   Thumb Code     0  libinit2.o(.ARM.Collect$$libinit$$00000033)
    __rt_lib_init_signal_1                   0x00000159   Thumb Code     0  libinit2.o(.ARM.Collect$$libinit$$0000001D)
    __rt_lib_init_stdio_1                    0x00000159   Thumb Code     0  libinit2.o(.ARM.Collect$$libinit$$00000025)
    __rt_lib_init_user_alloc_1               0x00000159   Thumb Code     0  libinit2.o(.ARM.Collect$$libinit$$0000000C)
    __rt_lib_shutdown                        0x0000015b   Thumb Code     0  libshutdown.o(.ARM.Collect$$libshutdown$$00000000)
    __rt_lib_shutdown_cpp_1                  0x0000015d   Thumb Code     0  libshutdown2.o(.ARM.Collect$$libshutdown$$00000002)
    __rt_lib_shutdown_fp_trap_1              0x0000015d   Thumb Code     0  libshutdown2.o(.ARM.Collect$$libshutdown$$00000007)
    __rt_lib_shutdown_heap_1                 0x0000015d   Thumb Code     0  libshutdown2.o(.ARM.Collect$$libshutdown$$0000000F)
    __rt_lib_shutdown_return                 0x0000015d   Thumb Code     0  libshutdown2.o(.ARM.Collect$$libshutdown$$00000010)
    __rt_lib_shutdown_signal_1               0x0000015d   Thumb Code     0  libshutdown2.o(.ARM.Collect$$libshutdown$$0000000A)
    __rt_lib_shutdown_stdio_1                0x0000015d   Thumb Code     0  libshutdown2.o(.ARM.Collect$$libshutdown$$00000004)
    __rt_lib_shutdown_user_alloc_1           0x0000015d   Thumb Code     0  libshutdown2.o(.ARM.Collect$$libshutdown$$0000000C)
    __rt_entry                               0x0000015f   Thumb Code     0  __rtentry.o(.ARM.Collect$$rtentry$$00000000)
    __rt_entry_presh_1                       0x0000015f   Thumb Code     0  __rtentry2.o(.ARM.Collect$$rtentry$$00000002)
    __rt_entry_sh                            0x0000015f   Thumb Code     0  __rtentry4.o(.ARM.Collect$$rtentry$$00000004)
    __rt_entry_li                            0x00000165   Thumb Code     0  __rtentry2.o(.ARM.Collect$$rtentry$$0000000A)
    __rt_entry_postsh_1                      0x00000165   Thumb Code     0  __rtentry2.o(.ARM.Collect$$rtentry$$00000009)
    __rt_entry_postli_1                      0x00000169   Thumb Code     0  __rtentry2.o(.ARM.Collect$$rtentry$$0000000B)
    __rt_entry_main                          0x00000171   Thumb Code     0  __rtentry2.o(.ARM.Collect$$rtentry$$0000000D)
    __rt_exit                                0x00000179   Thumb Code     0  rtexit.o(.ARM.Collect$$rtexit$$00000000)
    __rt_exit_ls                             0x0000017b   Thumb Code     0  rtexit2.o(.ARM.Collect$$rtexit$$00000003)
    __rt_exit_prels_1                        0x0000017b   Thumb Code     0  rtexit2.o(.ARM.Collect$$rtexit$$00000002)
    __rt_exit_exit                           0x0000017f   Thumb Code     0  rtexit2.o(.ARM.Collect$$rtexit$$00000004)
    _platform_post_lib_init                  0x00000185   Thumb Code    24  rtx_conf_cm.o(.emb_text)
    rt_set_PSP                               0x000001a1   Thumb Code     6  hal_cm3.o(.emb_text)
    rt_get_PSP                               0x000001a7   Thumb Code     6  hal_cm3.o(.emb_text)
    os_set_env                               0x000001ad   Thumb Code    24  hal_cm3.o(.emb_text)
    _alloc_box                               0x000001c9   Thumb Code    28  hal_cm3.o(.emb_text)
    _free_box                                0x000001e9   Thumb Code    28  hal_cm3.o(.emb_text)
    SVC_Handler                              0x00000209   Thumb Code   108  hal_cm3.o(.emb_text)
    PendSV_Handler                           0x00000281   Thumb Code    56  hal_cm3.o(.emb_text)
    SysTick_Handler                          0x000002bd   Thumb Code     8  hal_cm3.o(.emb_text)
    OS_Tick_Handler                          0x000002c5   Thumb Code    12  hal_cm3.o(.emb_text)
    __user_libspace                          0x000002d1   Thumb Code     8  libspace.o(.text)
    __user_perproc_libspace                  0x000002d1   Thumb Code     0  libspace.o(.text)
    exit                                     0x000002d9   Thumb Code    18  exit.o(.text)
    __use_two_region_memory                  0x000002eb   Thumb Code     2  heapauxi.o(.text)
    __rt_heap_escrow$2region                 0x000002ed   Thumb Code     2  heapauxi.o(.text)
    __rt_heap_expand$2region                 0x000002ef   Thumb Code     2  heapauxi.o(.text)
    _sputc                                   0x000002f1   Thumb Code    10  _sputc.o(.text)
    __I$use$semihosting                      0x000002fb   Thumb Code     0  use_no_semi.o(.text)
    __use_no_semihosting_swi                 0x000002fb   Thumb Code     2  use_no_semi.o(.text)
    Reset_Handler                            0x00000301   Thumb Code     8  startup_lpc17xx.o(.text)
    NMI_Handler                              0x00000309   Thumb Code     2  startup_lpc17xx.o(.text)
    HardFault_Handler                        0x0000030b   Thumb Code     2  startup_lpc17xx.o(.text)
    MemManage_Handler                        0x0000030d   Thumb Code     2  startup_lpc17xx.o(.text)
    BusFault_Handler                         0x0000030f   Thumb Code     2  startup_lpc17xx.o(.text)
    UsageFault_Handler                       0x00000311   Thumb Code     2  startup_lpc17xx.o(.text)
    DebugMon_Handler                         0x00000315   Thumb Code     2  startup_lpc17xx.o(.text)
    ADC_IRQHandler                           0x0000031b   Thumb Code     0  startup_lpc17xx.o(.text)
    BOD_IRQHandler                           0x0000031b   Thumb Code     0  startup_lpc17xx.o(.text)
    CANActivity_IRQHandler                   0x0000031b   Thumb Code     0  startup_lpc17xx.o(.text)
    EINT0_IRQHandler                         0x0000031b   Thumb Code     0  startup_lpc17xx.o(.text)
    EINT1_IRQHandler                         0x0000031b   Thumb Code     0  startup_lpc17xx.o(.text)
    EINT2_IRQHandler                         0x0000031b   Thumb Code     0  startup_lpc17xx.o(.text)
    EINT3_IRQHandler                         0x0000031b   Thumb Code     0  startup_lpc17xx.o(.text)
    ENET_IRQHandler                          0x0000031b   Thumb Code     0  startup_lpc17xx.o(.text)
    I2C0_IRQHandler                          0x0000031b   Thumb Code     0  startup_lpc17xx.o(.text)
    I2C1_IRQHandler                          0x0000031b   Thumb Code     0  startup_lpc17xx.o(.text)
    I2C2_IRQHandler                          0x0000031b   Thumb Code     0  startup_lpc17xx.o(.text)
    I2S_IRQHandler                           0x0000031b   Thumb Code     0  startup_lpc17xx.o(.text)
    MCPWM_IRQHandler                         0x0000031b   Thumb Code     0  startup_lpc17xx.o(.text)
    PLL0_IRQHandler                          0x0000031b   Thumb Code     0  startup_lpc17xx.o(.text)
    PLL1_IRQHandler                          0x0000031b   Thumb Code     0  startup_lpc17xx.o(.text)
    PWM1_IRQHandler                          0x0000031b   Thumb Code     0  startup_lpc17xx.o(.text)
    QEI_IRQHandler                           0x0000031b   Thumb Code     0  startup_lpc17xx.o(.text)
    RIT_IRQHandler                           0x0000031b   Thumb Code     0  startup_lpc17xx.o(.text)
    RTC_IRQHandler                           0x0000031b   Thumb Code     0  startup_lpc17xx.o(.text)
    SSP0_IRQHandler                          0x0000031b   Thumb Code     0  startup_lpc17xx.o(.text)
    TIMER0_IRQHandler                        0x0000031b   Thumb Code     0  startup_lpc17xx.o(.text)
    TIMER1_IRQHandler                        0x0000031b   Thumb Code     0  startup_lpc17xx.o(.text)
    TIMER2_IRQHandler                        0x0000031b   Thumb Code     0  startup_lpc17xx.o(.text)
    TIMER3_IRQHandler                        0x0000031b   Thumb Code     0  startup_lpc17xx.o(.text)
    UART0_IRQHandler                         0x0000031b   Thumb Code     0  startup_lpc17xx.o(.text)
    UART1_IRQHandler                         0x0000031b   Thumb Code     0  startup_lpc17xx.o(.text)
    UART2_IRQHandler                         0x0000031b   Thumb Code     0  startup_lpc17xx.o(.text)
    UART3_IRQHandler                         0x0000031b   Thumb Code     0  startup_lpc17xx.o(.text)
    USBActivity_IRQHandler                   0x0000031b   Thumb Code     0  startup_lpc17xx.o(.text)
    USB_IRQHandler                           0x0000031b   Thumb Code     0  startup_lpc17xx.o(.text)
    WDT_IRQHandler                           0x0000031b   Thumb Code     0  startup_lpc17xx.o(.text)
    __user_initial_stackheap                 0x0000031d   Thumb Code     0  startup_lpc17xx.o(.text)
    __2sprintf                               0x0000033d   Thumb Code    34  noretval__2sprintf.o(.text)
    _printf_pre_padding                      0x00000365   Thumb Code    44  _printf_pad.o(.text)
    _printf_post_padding                     0x00000391   Thumb Code    34  _printf_pad.o(.text)
    _printf_str                              0x000003b3   Thumb Code    82  _printf_str.o(.text)
    _printf_int_dec                          0x00000405   Thumb Code   104  _printf_dec.o(.text)
    __printf                                 0x0000047d   Thumb Code   308  __printf_flags_wp.o(.text)
    __RL_RTX_VER                             0x00000482   Number         0  rt_system.o ABSOLUTE
    __aeabi_memclr4                          0x000005b5   Thumb Code     0  rt_memclr_w.o(.text)
    __aeabi_memclr8                          0x000005b5   Thumb Code     0  rt_memclr_w.o(.text)
    __rt_memclr_w                            0x000005b5   Thumb Code    78  rt_memclr_w.o(.text)
    _memset_w                                0x000005b9   Thumb Code     0  rt_memclr_w.o(.text)
    _printf_int_common                       0x00000603   Thumb Code   178  _printf_intcommon.o(.text)
    _printf_char_common                      0x000006bf   Thumb Code    32  _printf_char_common.o(.text)
    _printf_cs_common                        0x000006e5   Thumb Code    20  _printf_char.o(.text)
    _printf_char                             0x000006f9   Thumb Code    16  _printf_char.o(.text)
    _printf_string                           0x00000709   Thumb Code     8  _printf_char.o(.text)
    _sys_exit                                0x00000711   Thumb Code     8  sys_exit.o(.text)
    __user_setup_stackheap                   0x0000071d   Thumb Code    74  sys_stackheap_outer.o(.text)
    __semihosting_library_function           0x00000767   Thumb Code     0  indicate_semi.o(.text)
    SVC_Count                                0x00000768   Data           4  svc_table.o(SVC_TABLE)
    CAN_IRQHandler                           0x0000076d   Thumb Code    52  can_mcal.o(i.CAN_IRQHandler)
    SVC_Table                                0x0000076c   Data           0  svc_table.o(SVC_TABLE)
    CAN_Init                                 0x000007a9   Thumb Code   174  can_mcal.o(i.CAN_Init)
    CAN_Init_Interrupt                       0x0000086d   Thumb Code    60  can_mcal.o(i.CAN_Init_Interrupt)
    Can_Write                                0x000008ad   Thumb Code    64  can_mcal.o(i.Can_Write)
    DMA_IRQHandler                           0x00000911   Thumb Code   372  gpdma_lpc17xx.o(i.DMA_IRQHandler)
    Event_RxTask                             0x00000a91   Thumb Code   496  main.o(i.Event_RxTask)
    GLCD_ClearScreen                         0x00000ff1   Thumb Code    54  glcd_mcb1700.o(i.GLCD_ClearScreen)
    GLCD_DrawChar                            0x0000102d   Thumb Code   194  glcd_mcb1700.o(i.GLCD_DrawChar)
    GLCD_DrawString                          0x000010fd   Thumb Code    38  glcd_mcb1700.o(i.GLCD_DrawString)
    GLCD_Initialize                          0x00001129   Thumb Code  1534  glcd_mcb1700.o(i.GLCD_Initialize)
    GLCD_SetBackgroundColor                  0x00001729   Thumb Code    10  glcd_mcb1700.o(i.GLCD_SetBackgroundColor)
    GLCD_SetFont                             0x00001739   Thumb Code    10  glcd_mcb1700.o(i.GLCD_SetFont)
    GLCD_SetForegroundColor                  0x00001749   Thumb Code    10  glcd_mcb1700.o(i.GLCD_SetForegroundColor)
    GPDMA_ChannelConfigure                   0x000017f9   Thumb Code   232  gpdma_lpc17xx.o(i.GPDMA_ChannelConfigure)
    GPDMA_ChannelDisable                     0x000018ed   Thumb Code    44  gpdma_lpc17xx.o(i.GPDMA_ChannelDisable)
    GPDMA_ChannelGetCount                    0x0000191d   Thumb Code    38  gpdma_lpc17xx.o(i.GPDMA_ChannelGetCount)
    GPDMA_Initialize                         0x0000194d   Thumb Code   154  gpdma_lpc17xx.o(i.GPDMA_Initialize)
    GPDMA_PeripheralSelect                   0x000019fd   Thumb Code    62  gpdma_lpc17xx.o(i.GPDMA_PeripheralSelect)
    GPDMA_Uninitialize                       0x00001a41   Thumb Code   116  gpdma_lpc17xx.o(i.GPDMA_Uninitialize)
    GPIO_PinRead                             0x00001ac1   Thumb Code    28  gpio_lpc17xx.o(i.GPIO_PinRead)
    GPIO_PinWrite                            0x00001ae1   Thumb Code    36  gpio_lpc17xx.o(i.GPIO_PinWrite)
    GPIO_PortClock                           0x00001b09   Thumb Code    38  gpio_lpc17xx.o(i.GPIO_PortClock)
    GPIO_SetDir                              0x00001b35   Thumb Code    52  gpio_lpc17xx.o(i.GPIO_SetDir)
    Joystick_GetState                        0x00001c01   Thumb Code    12  joystick_driver.o(i.Joystick_GetState)
    Joystick_Init                            0x00001c11   Thumb Code    14  joystick_driver.o(i.Joystick_Init)
    PIN_Configure                            0x00001c25   Thumb Code   246  pin_lpc17xx.o(i.PIN_Configure)
    SPI_IRQHandler                           0x000023ad   Thumb Code   516  spi_lpc17xx.o(i.SPI_IRQHandler)
    SSP1_GPDMA_Rx_SignalEvent                0x00002c05   Thumb Code    14  ssp_lpc17xx.o(i.SSP1_GPDMA_Rx_SignalEvent)
    SSP1_GPDMA_Tx_SignalEvent                0x00002c19   Thumb Code    14  ssp_lpc17xx.o(i.SSP1_GPDMA_Tx_SignalEvent)
    SSP1_IRQHandler                          0x00002c4d   Thumb Code    10  ssp_lpc17xx.o(i.SSP1_IRQHandler)
    SSPx_GPDMA_Rx_SignalEvent                0x0000321b   Thumb Code    54  ssp_lpc17xx.o(i.SSPx_GPDMA_Rx_SignalEvent)
    SSPx_GPDMA_Tx_SignalEvent                0x00003251   Thumb Code    28  ssp_lpc17xx.o(i.SSPx_GPDMA_Tx_SignalEvent)
    SystemInit                               0x00003b25   Thumb Code   302  system_lpc17xx.o(i.SystemInit)
    UART0_Init                               0x00003c65   Thumb Code    70  uart_debug.o(i.UART0_Init)
    UART0_SendString                         0x00003cbd   Thumb Code    32  uart_debug.o(i.UART0_SendString)
    UI_MenuTask                              0x00003ce1   Thumb Code  3168  ui_control.o(i.UI_MenuTask)
    Update_Kit2_Hardware_LEDs                0x00004af9   Thumb Code    60  ui_control.o(i.Update_Kit2_Hardware_LEDs)
    _init_box                                0x00004b8d   Thumb Code    70  rt_membox.o(i._init_box)
    _is_digit                                0x00004bd3   Thumb Code    14  __printf_wp.o(i._is_digit)
    _mutex_acquire                           0x00004be1   Thumb Code    22  rtx_conf_cm.o(i._mutex_acquire)
    _mutex_release                           0x00004c01   Thumb Code    18  rtx_conf_cm.o(i._mutex_release)
    dbg_init                                 0x00004c1d   Thumb Code    34  hal_cm.o(i.dbg_init)
    dbg_task_notify                          0x00004c4d   Thumb Code    32  hal_cm.o(i.dbg_task_notify)
    dbg_task_switch                          0x00004c6d   Thumb Code    16  hal_cm.o(i.dbg_task_switch)
    isrMessageGet                            0x00004cad   Thumb Code    42  rt_cmsis.o(i.isrMessageGet)
    isrMessagePut                            0x00004cd7   Thumb Code    44  rt_cmsis.o(i.isrMessagePut)
    isr_mbx_receive                          0x00004d05   Thumb Code    86  rt_mailbox.o(i.isr_mbx_receive)
    isr_mbx_send                             0x00004d5b   Thumb Code    14  rt_mailbox.o(i.isr_mbx_send)
    main                                     0x00004d69   Thumb Code    52  main.o(i.main)
    osDelay                                  0x00004dad   Thumb Code    18  rt_cmsis.o(i.osDelay)
    osKernelInitialize                       0x00004dc5   Thumb Code    30  rt_cmsis.o(i.osKernelInitialize)
    osKernelStart                            0x00004de9   Thumb Code    98  rt_cmsis.o(i.osKernelStart)
    osMessageCreate                          0x00004e55   Thumb Code    36  rt_cmsis.o(i.osMessageCreate)
    osMessageGet                             0x00004e81   Thumb Code    18  rt_cmsis.o(i.osMessageGet)
    osMessagePut                             0x00004e99   Thumb Code    18  rt_cmsis.o(i.osMessagePut)
    osThreadCreate                           0x00004eb1   Thumb Code    36  rt_cmsis.o(i.osThreadCreate)
    osThreadExit                             0x00004edd   Thumb Code    14  rt_cmsis.o(i.osThreadExit)
    osTimerCall                              0x00004ef5   Thumb Code     8  rt_cmsis.o(i.osTimerCall)
    osTimerThread                            0x00004f01   Thumb Code    38  rt_cmsis.o(i.osTimerThread)
    os_error                                 0x00004f2d   Thumb Code    34  rtx_conf_cm.o(i.os_error)
    os_idle_demon                            0x00004f4f   Thumb Code     4  rtx_conf_cm.o(i.os_idle_demon)
    os_tick_init                             0x00004f55   Thumb Code    32  rt_system.o(i.os_tick_init)
    os_tick_irqack                           0x00004f7d   Thumb Code     2  rt_system.o(i.os_tick_irqack)
    rt_alloc_box                             0x00005049   Thumb Code    26  rt_membox.o(i.rt_alloc_box)
    rt_alloc_mem                             0x00005063   Thumb Code    62  rt_memory.o(i.rt_alloc_mem)
    rt_block                                 0x000050a1   Thumb Code    48  rt_task.o(i.rt_block)
    rt_chk_robin                             0x000050d9   Thumb Code    60  rt_robin.o(i.rt_chk_robin)
    rt_dec_dly                               0x00005121   Thumb Code   102  rt_list.o(i.rt_dec_dly)
    rt_dispatch                              0x00005191   Thumb Code    60  rt_task.o(i.rt_dispatch)
    rt_dly_wait                              0x000051d5   Thumb Code     6  rt_time.o(i.rt_dly_wait)
    rt_evt_psh                               0x000051dd   Thumb Code    76  rt_event.o(i.rt_evt_psh)
    rt_free_box                              0x0000522d   Thumb Code    44  rt_membox.o(i.rt_free_box)
    rt_free_mem                              0x00005259   Thumb Code    40  rt_memory.o(i.rt_free_mem)
    rt_get_first                             0x00005281   Thumb Code    40  rt_list.o(i.rt_get_first)
    rt_init_mem                              0x000052f9   Thumb Code    26  rt_memory.o(i.rt_init_mem)
    rt_init_robin                            0x00005315   Thumb Code    14  rt_robin.o(i.rt_init_robin)
    rt_init_stack                            0x0000532d   Thumb Code   118  hal_cm.o(i.rt_init_stack)
    rt_mbx_check                             0x000053ad   Thumb Code     8  rt_mailbox.o(i.rt_mbx_check)
    rt_mbx_init                              0x000053b5   Thumb Code    26  rt_mailbox.o(i.rt_mbx_init)
    rt_mbx_psh                               0x000053d1   Thumb Code   236  rt_mailbox.o(i.rt_mbx_psh)
    rt_mbx_send                              0x000054c1   Thumb Code   148  rt_mailbox.o(i.rt_mbx_send)
    rt_mbx_wait                              0x00005559   Thumb Code   174  rt_mailbox.o(i.rt_mbx_wait)
    rt_mut_release                           0x00005651   Thumb Code   208  rt_mutex.o(i.rt_mut_release)
    rt_mut_wait                              0x00005729   Thumb Code   114  rt_mutex.o(i.rt_mut_wait)
    rt_pop_req                               0x000057a1   Thumb Code   112  rt_system.o(i.rt_pop_req)
    rt_psh_req                               0x0000581d   Thumb Code    22  rt_system.o(i.rt_psh_req)
    rt_psq_enq                               0x0000583d   Thumb Code    88  rt_list.o(i.rt_psq_enq)
    rt_put_dly                               0x00005899   Thumb Code    68  rt_list.o(i.rt_put_dly)
    rt_put_prio                              0x000058e1   Thumb Code    54  rt_list.o(i.rt_put_prio)
    rt_put_rdy_first                         0x00005919   Thumb Code    14  rt_list.o(i.rt_put_rdy_first)
    rt_resort_prio                           0x0000592d   Thumb Code    46  rt_list.o(i.rt_resort_prio)
    rt_ret_val                               0x00005961   Thumb Code     6  hal_cm.o(i.rt_ret_val)
    rt_ret_val2                              0x00005967   Thumb Code     8  hal_cm.o(i.rt_ret_val2)
    rt_rmv_dly                               0x0000596f   Thumb Code    40  rt_list.o(i.rt_rmv_dly)
    rt_rmv_list                              0x00005999   Thumb Code    44  rt_list.o(i.rt_rmv_list)
    rt_sem_psh                               0x000059c9   Thumb Code    48  rt_semaphore.o(i.rt_sem_psh)
    rt_stk_check                             0x000059fd   Thumb Code    28  rt_system.o(i.rt_stk_check)
    rt_switch_req                            0x00005a21   Thumb Code    30  rt_task.o(i.rt_switch_req)
    rt_sys_init                              0x00005a49   Thumb Code   138  rt_task.o(i.rt_sys_init)
    rt_sys_start                             0x00005b15   Thumb Code   110  rt_task.o(i.rt_sys_start)
    rt_systick                               0x00005b8d   Thumb Code    50  rt_system.o(i.rt_systick)
    rt_tsk_create                            0x00005c15   Thumb Code   118  rt_task.o(i.rt_tsk_create)
    rt_tsk_delete                            0x00005c9d   Thumb Code   352  rt_task.o(i.rt_tsk_delete)
    rt_tsk_prio                              0x00005e19   Thumb Code   108  rt_task.o(i.rt_tsk_prio)
    rt_tsk_self                              0x00005e95   Thumb Code    12  rt_task.o(i.rt_tsk_self)
    svcDelay                                 0x00005f59   Thumb Code    18  rt_cmsis.o(i.svcDelay)
    svcKernelInitialize                      0x00005f6d   Thumb Code    80  rt_cmsis.o(i.svcKernelInitialize)
    svcKernelStart                           0x00005fdd   Thumb Code    62  rt_cmsis.o(i.svcKernelStart)
    svcMessageCreate                         0x00006025   Thumb Code    36  rt_cmsis.o(i.svcMessageCreate)
    svcMessageGet                            0x00006049   Thumb Code    58  rt_cmsis.o(i.svcMessageGet)
    svcMessagePut                            0x00006083   Thumb Code    54  rt_cmsis.o(i.svcMessagePut)
    svcThreadCreate                          0x000060b9   Thumb Code    96  rt_cmsis.o(i.svcThreadCreate)
    svcThreadGetId                           0x00006125   Thumb Code    22  rt_cmsis.o(i.svcThreadGetId)
    svcThreadTerminate                       0x00006141   Thumb Code    50  rt_cmsis.o(i.svcThreadTerminate)
    svcTimerCall                             0x00006179   Thumb Code    24  rt_cmsis.o(i.svcTimerCall)
    sysTimerTick                             0x00006191   Thumb Code    84  rt_cmsis.o(i.sysTimerTick)
    os_messageQ_def_can_queue                0x00006328   Data           8  main.o(.constdata)
    os_thread_def_Event_RxTask               0x00006330   Data          16  main.o(.constdata)
    os_thread_def_UI_MenuTask                0x00006340   Data          16  main.o(.constdata)
    GLCD_Font_6x8                            0x00007bd0   Data          16  glcd_fonts.o(.constdata)
    GLCD_Font_16x24                          0x00007be0   Data          16  glcd_fonts.o(.constdata)
    os_maxtaskrun                            0x00007bf8   Data           2  rtx_conf_cm.o(.constdata)
    os_stackinfo                             0x00007bfc   Data           4  rtx_conf_cm.o(.constdata)
    os_rrobin                                0x00007c00   Data           4  rtx_conf_cm.o(.constdata)
    os_tickfreq                              0x00007c04   Data           4  rtx_conf_cm.o(.constdata)
    os_tickus_i                              0x00007c08   Data           2  rtx_conf_cm.o(.constdata)
    os_tickus_f                              0x00007c0a   Data           2  rtx_conf_cm.o(.constdata)
    os_trv                                   0x00007c0c   Data           4  rtx_conf_cm.o(.constdata)
    os_flags                                 0x00007c10   Data           1  rtx_conf_cm.o(.constdata)
    CMSIS_RTOS_API_Version                   0x00007c14   Data           4  rtx_conf_cm.o(.constdata)
    CMSIS_RTOS_RTX_Version                   0x00007c18   Data           4  rtx_conf_cm.o(.constdata)
    os_clockrate                             0x00007c1c   Data           4  rtx_conf_cm.o(.constdata)
    os_timernum                              0x00007c20   Data           4  rtx_conf_cm.o(.constdata)
    mp_tcb_size                              0x00007c24   Data           2  rtx_conf_cm.o(.constdata)
    mp_stk_size                              0x00007c28   Data           4  rtx_conf_cm.o(.constdata)
    os_stack_sz                              0x00007c2c   Data           4  rtx_conf_cm.o(.constdata)
    os_fifo_size                             0x00007c30   Data           1  rtx_conf_cm.o(.constdata)
    os_thread_def_osTimerThread              0x00007c34   Data          16  rtx_conf_cm.o(.constdata)
    os_messageQ_def_osTimerMessageQ          0x00007c44   Data           8  rtx_conf_cm.o(.constdata)
    mp_tmr_size                              0x00007c4c   Data           2  rtx_conf_cm.o(.constdata)
    os_thread_def_main                       0x00007c50   Data          16  rtx_conf_cm.o(.constdata)
    Driver_SPI2                              0x00007ca8   Data          44  spi_lpc17xx.o(.constdata)
    Driver_SPI1                              0x00007d2c   Data          44  ssp_lpc17xx.o(.constdata)
    Region$$Table$$Base                      0x00007d6c   Number         0  anon$$obj.o(Region$$Table)
    Region$$Table$$Limit                     0x00007d9c   Number         0  anon$$obj.o(Region$$Table)
    mp_tcb                                   0x10000000   Data         688  rtx_conf_cm.o(.bss)
    mp_stk                                   0x100002b0   Data       12304  rtx_conf_cm.o(.bss)
    os_stack_mem                             0x100032c0   Data        1256  rtx_conf_cm.o(.bss)
    os_fifo                                  0x100037a8   Data         132  rtx_conf_cm.o(.bss)
    os_active_TCB                            0x1000382c   Data          52  rtx_conf_cm.o(.bss)
    os_messageQ_q_osTimerMessageQ            0x10003860   Data          32  rtx_conf_cm.o(.bss)
    current_temperature                      0x2007c000   Data           1  main.o(.data)
    current_humidity                         0x2007c001   Data           1  main.o(.data)
    kit1_ac_feedback                         0x2007c002   Data           1  main.o(.data)
    kit1_status_code                         0x2007c003   Data           1  main.o(.data)
    transmit_timer_request                   0x2007c004   Data           1  main.o(.data)
    can_queue_id                             0x2007c008   Data           4  main.o(.data)
    ac_mode                                  0x2007c015   Data           1  ui_control.o(.data)
    s1_h                                     0x2007c01c   Data           2  ui_control.o(.data)
    s1_m                                     0x2007c01e   Data           2  ui_control.o(.data)
    s1_s                                     0x2007c020   Data           2  ui_control.o(.data)
    s1_countdown_seconds                     0x2007c02c   Data           4  ui_control.o(.data)
    sensor_control_mask                      0x2007c038   Data           1  ui_control.o(.data)
    osThreadId_osTimerThread                 0x2007c048   Data           4  rtx_conf_cm.o(.data)
    osMessageQId_osTimerMessageQ             0x2007c04c   Data           4  rtx_conf_cm.o(.data)
    os_tmr                                   0x2007c050   Data           4  rtx_conf_cm.o(.data)
    m_tmr                                    0x2007c054   Data           4  rtx_conf_cm.o(.data)
    SystemCoreClock                          0x2007c070   Data           4  system_lpc17xx.o(.data)
    os_initialized                           0x2007c074   Data           1  rt_cmsis.o(.data)
    os_running                               0x2007c075   Data           1  rt_cmsis.o(.data)
    os_timer_head                            0x2007c078   Data           4  rt_cmsis.o(.data)
    os_tsk                                   0x2007c07c   Data           8  rt_task.o(.data)
    os_tick_irqn                             0x2007c088   Data           4  rt_system.o(.data)
    os_time                                  0x2007c08c   Data           4  rt_time.o(.data)
    os_robin                                 0x2007c090   Data           8  rt_robin.o(.data)
    dbg_msg                                  0x2007c098   Data           1  hal_cm.o(.data)
    os_messageQ_q_can_queue                  0x2007c09c   Data          80  main.o(.bss)
    os_idle_TCB                              0x2007c1e4   Data          52  rt_task.o(.bss)
    os_rdy                                   0x2007c218   Data          24  rt_list.o(.bss)
    os_dly                                   0x2007c230   Data          24  rt_list.o(.bss)
    __libspace_start                         0x2007c248   Data          96  libspace.o(.bss)
    __temporary_stack_top$libspace           0x2007c2a8   Data           0  libspace.o(.bss)



==============================================================================

Memory Map of the image

  Image Entry point : 0x000000cd

  Load Region LR_IROM1 (Base: 0x00000000, Size: 0x00007e38, Max: 0x00080000, ABSOLUTE)

    Execution Region ER_IROM1 (Exec base: 0x00000000, Load base: 0x00000000, Size: 0x00007d9c, Max: 0x00080000, ABSOLUTE)

    Exec Addr    Load Addr    Size         Type   Attr      Idx    E Section Name        Object

    0x00000000   0x00000000   0x000000cc   Data   RO         1047    RESET               startup_lpc17xx.o
    0x000000cc   0x000000cc   0x00000008   Code   RO         2351  * !!!main             c_w.l(__main.o)
    0x000000d4   0x000000d4   0x00000034   Code   RO         2523    !!!scatter          c_w.l(__scatter.o)
    0x00000108   0x00000108   0x0000001a   Code   RO         2525    !!handler_copy      c_w.l(__scatter_copy.o)
    0x00000122   0x00000122   0x00000002   PAD
    0x00000124   0x00000124   0x0000001c   Code   RO         2527    !!handler_zi        c_w.l(__scatter_zi.o)
    0x00000140   0x00000140   0x00000000   Code   RO         2344    .ARM.Collect$$_printf_percent$$00000000  c_w.l(_printf_percent.o)
    0x00000140   0x00000140   0x00000006   Code   RO         2342    .ARM.Collect$$_printf_percent$$00000009  c_w.l(_printf_d.o)
    0x00000146   0x00000146   0x00000006   Code   RO         2343    .ARM.Collect$$_printf_percent$$0000000A  c_w.l(_printf_u.o)
    0x0000014c   0x0000014c   0x00000006   Code   RO         2341    .ARM.Collect$$_printf_percent$$00000014  c_w.l(_printf_s.o)
    0x00000152   0x00000152   0x00000004   Code   RO         2368    .ARM.Collect$$_printf_percent$$00000017  c_w.l(_printf_percent_end.o)
    0x00000156   0x00000156   0x00000002   Code   RO         2409    .ARM.Collect$$libinit$$00000000  c_w.l(libinit.o)
    0x00000158   0x00000158   0x00000000   Code   RO         2421    .ARM.Collect$$libinit$$00000002  c_w.l(libinit2.o)
    0x00000158   0x00000158   0x00000000   Code   RO         2423    .ARM.Collect$$libinit$$00000004  c_w.l(libinit2.o)
    0x00000158   0x00000158   0x00000000   Code   RO         2426    .ARM.Collect$$libinit$$0000000A  c_w.l(libinit2.o)
    0x00000158   0x00000158   0x00000000   Code   RO         2428    .ARM.Collect$$libinit$$0000000C  c_w.l(libinit2.o)
    0x00000158   0x00000158   0x00000000   Code   RO         2430    .ARM.Collect$$libinit$$0000000E  c_w.l(libinit2.o)
    0x00000158   0x00000158   0x00000000   Code   RO         2433    .ARM.Collect$$libinit$$00000011  c_w.l(libinit2.o)
    0x00000158   0x00000158   0x00000000   Code   RO         2435    .ARM.Collect$$libinit$$00000013  c_w.l(libinit2.o)
    0x00000158   0x00000158   0x00000000   Code   RO         2437    .ARM.Collect$$libinit$$00000015  c_w.l(libinit2.o)
    0x00000158   0x00000158   0x00000000   Code   RO         2439    .ARM.Collect$$libinit$$00000017  c_w.l(libinit2.o)
    0x00000158   0x00000158   0x00000000   Code   RO         2441    .ARM.Collect$$libinit$$00000019  c_w.l(libinit2.o)
    0x00000158   0x00000158   0x00000000   Code   RO         2443    .ARM.Collect$$libinit$$0000001B  c_w.l(libinit2.o)
    0x00000158   0x00000158   0x00000000   Code   RO         2445    .ARM.Collect$$libinit$$0000001D  c_w.l(libinit2.o)
    0x00000158   0x00000158   0x00000000   Code   RO         2447    .ARM.Collect$$libinit$$0000001F  c_w.l(libinit2.o)
    0x00000158   0x00000158   0x00000000   Code   RO         2449    .ARM.Collect$$libinit$$00000021  c_w.l(libinit2.o)
    0x00000158   0x00000158   0x00000000   Code   RO         2451    .ARM.Collect$$libinit$$00000023  c_w.l(libinit2.o)
    0x00000158   0x00000158   0x00000000   Code   RO         2453    .ARM.Collect$$libinit$$00000025  c_w.l(libinit2.o)
    0x00000158   0x00000158   0x00000000   Code   RO         2457    .ARM.Collect$$libinit$$0000002C  c_w.l(libinit2.o)
    0x00000158   0x00000158   0x00000000   Code   RO         2459    .ARM.Collect$$libinit$$0000002E  c_w.l(libinit2.o)
    0x00000158   0x00000158   0x00000000   Code   RO         2461    .ARM.Collect$$libinit$$00000030  c_w.l(libinit2.o)
    0x00000158   0x00000158   0x00000000   Code   RO         2463    .ARM.Collect$$libinit$$00000032  c_w.l(libinit2.o)
    0x00000158   0x00000158   0x00000002   Code   RO         2464    .ARM.Collect$$libinit$$00000033  c_w.l(libinit2.o)
    0x0000015a   0x0000015a   0x00000002   Code   RO         2410    .ARM.Collect$$libshutdown$$00000000  c_w.l(libshutdown.o)
    0x0000015c   0x0000015c   0x00000000   Code   RO         2466    .ARM.Collect$$libshutdown$$00000002  c_w.l(libshutdown2.o)
    0x0000015c   0x0000015c   0x00000000   Code   RO         2468    .ARM.Collect$$libshutdown$$00000004  c_w.l(libshutdown2.o)
    0x0000015c   0x0000015c   0x00000000   Code   RO         2471    .ARM.Collect$$libshutdown$$00000007  c_w.l(libshutdown2.o)
    0x0000015c   0x0000015c   0x00000000   Code   RO         2474    .ARM.Collect$$libshutdown$$0000000A  c_w.l(libshutdown2.o)
    0x0000015c   0x0000015c   0x00000000   Code   RO         2476    .ARM.Collect$$libshutdown$$0000000C  c_w.l(libshutdown2.o)
    0x0000015c   0x0000015c   0x00000000   Code   RO         2479    .ARM.Collect$$libshutdown$$0000000F  c_w.l(libshutdown2.o)
    0x0000015c   0x0000015c   0x00000002   Code   RO         2480    .ARM.Collect$$libshutdown$$00000010  c_w.l(libshutdown2.o)
    0x0000015e   0x0000015e   0x00000000   Code   RO         2353    .ARM.Collect$$rtentry$$00000000  c_w.l(__rtentry.o)
    0x0000015e   0x0000015e   0x00000000   Code   RO         2370    .ARM.Collect$$rtentry$$00000002  c_w.l(__rtentry2.o)
    0x0000015e   0x0000015e   0x00000006   Code   RO         2382    .ARM.Collect$$rtentry$$00000004  c_w.l(__rtentry4.o)
    0x00000164   0x00000164   0x00000000   Code   RO         2372    .ARM.Collect$$rtentry$$00000009  c_w.l(__rtentry2.o)
    0x00000164   0x00000164   0x00000004   Code   RO         2373    .ARM.Collect$$rtentry$$0000000A  c_w.l(__rtentry2.o)
    0x00000168   0x00000168   0x00000008   Code   RO         2374    .ARM.Collect$$rtentry$$0000000B  c_w.l(__rtentry2.o)
    0x00000170   0x00000170   0x00000008   Code   RO         2376    .ARM.Collect$$rtentry$$0000000D  c_w.l(__rtentry2.o)
    0x00000178   0x00000178   0x00000002   Code   RO         2354    .ARM.Collect$$rtexit$$00000000  c_w.l(rtexit.o)
    0x0000017a   0x0000017a   0x00000000   Code   RO         2385    .ARM.Collect$$rtexit$$00000002  c_w.l(rtexit2.o)
    0x0000017a   0x0000017a   0x00000004   Code   RO         2386    .ARM.Collect$$rtexit$$00000003  c_w.l(rtexit2.o)
    0x0000017e   0x0000017e   0x00000006   Code   RO         2387    .ARM.Collect$$rtexit$$00000004  c_w.l(rtexit2.o)
    0x00000184   0x00000184   0x0000001c   Code   RO          519    .emb_text           rtx_conf_cm.o
    0x000001a0   0x000001a0   0x00000130   Code   RO         2289    .emb_text           RTX_CM3.lib(hal_cm3.o)
    0x000002d0   0x000002d0   0x00000008   Code   RO         2304    .text               c_w.l(libspace.o)
    0x000002d8   0x000002d8   0x00000012   Code   RO         2345    .text               c_w.l(exit.o)
    0x000002ea   0x000002ea   0x00000006   Code   RO         2349    .text               c_w.l(heapauxi.o)
    0x000002f0   0x000002f0   0x0000000a   Code   RO         2364    .text               c_w.l(_sputc.o)
    0x000002fa   0x000002fa   0x00000002   Code   RO         2411    .text               c_w.l(use_no_semi.o)
    0x000002fc   0x000002fc   0x00000004   Code   RO         1048    .ARM.__at_0x02FC    startup_lpc17xx.o
    0x00000300   0x00000300   0x0000003c   Code   RO         1049    .text               startup_lpc17xx.o
    0x0000033c   0x0000033c   0x00000028   Code   RO         2311    .text               c_w.l(noretval__2sprintf.o)
    0x00000364   0x00000364   0x0000004e   Code   RO         2315    .text               c_w.l(_printf_pad.o)
    0x000003b2   0x000003b2   0x00000052   Code   RO         2317    .text               c_w.l(_printf_str.o)
    0x00000404   0x00000404   0x00000078   Code   RO         2319    .text               c_w.l(_printf_dec.o)
    0x0000047c   0x0000047c   0x00000138   Code   RO         2333    .text               c_w.l(__printf_flags_wp.o)
    0x000005b4   0x000005b4   0x0000004e   Code   RO         2347    .text               c_w.l(rt_memclr_w.o)
    0x00000602   0x00000602   0x000000b2   Code   RO         2360    .text               c_w.l(_printf_intcommon.o)
    0x000006b4   0x000006b4   0x00000030   Code   RO         2362    .text               c_w.l(_printf_char_common.o)
    0x000006e4   0x000006e4   0x0000002c   Code   RO         2366    .text               c_w.l(_printf_char.o)
    0x00000710   0x00000710   0x0000000c   Code   RO         2395    .text               c_w.l(sys_exit.o)
    0x0000071c   0x0000071c   0x0000004a   Code   RO         2397    .text               c_w.l(sys_stackheap_outer.o)
    0x00000766   0x00000766   0x00000000   Code   RO         2413    .text               c_w.l(indicate_semi.o)
    0x00000766   0x00000766   0x00000002   PAD
    0x00000768   0x00000768   0x00000004   Code   RO         2299    SVC_TABLE           RTX_CM3.lib(svc_table.o)
    0x0000076c   0x0000076c   0x0000003c   Code   RO            4    i.CAN_IRQHandler    can_mcal.o
    0x000007a8   0x000007a8   0x000000c4   Code   RO            5    i.CAN_Init          can_mcal.o
    0x0000086c   0x0000086c   0x00000040   Code   RO            6    i.CAN_Init_Interrupt  can_mcal.o
    0x000008ac   0x000008ac   0x00000044   Code   RO            8    i.Can_Write         can_mcal.o
    0x000008f0   0x000008f0   0x00000020   Code   RO          868    i.Clear_Channel_active_flag  gpdma_lpc17xx.o
    0x00000910   0x00000910   0x00000180   Code   RO          869    i.DMA_IRQHandler    gpdma_lpc17xx.o
    0x00000a90   0x00000a90   0x00000560   Code   RO           95    i.Event_RxTask      main.o
    0x00000ff0   0x00000ff0   0x0000003c   Code   RO          274    i.GLCD_ClearScreen  glcd_mcb1700.o
    0x0000102c   0x0000102c   0x000000d0   Code   RO          277    i.GLCD_DrawChar     glcd_mcb1700.o
    0x000010fc   0x000010fc   0x0000002c   Code   RO          281    i.GLCD_DrawString   glcd_mcb1700.o
    0x00001128   0x00001128   0x000005fe   Code   RO          285    i.GLCD_Initialize   glcd_mcb1700.o
    0x00001726   0x00001726   0x00000002   PAD
    0x00001728   0x00001728   0x00000010   Code   RO          286    i.GLCD_SetBackgroundColor  glcd_mcb1700.o
    0x00001738   0x00001738   0x00000010   Code   RO          287    i.GLCD_SetFont      glcd_mcb1700.o
    0x00001748   0x00001748   0x00000010   Code   RO          288    i.GLCD_SetForegroundColor  glcd_mcb1700.o
    0x00001758   0x00001758   0x000000a0   Code   RO          289    i.GLCD_SetWindow    glcd_mcb1700.o
    0x000017f8   0x000017f8   0x000000f4   Code   RO          870    i.GPDMA_ChannelConfigure  gpdma_lpc17xx.o
    0x000018ec   0x000018ec   0x00000030   Code   RO          871    i.GPDMA_ChannelDisable  gpdma_lpc17xx.o
    0x0000191c   0x0000191c   0x00000030   Code   RO          873    i.GPDMA_ChannelGetCount  gpdma_lpc17xx.o
    0x0000194c   0x0000194c   0x000000b0   Code   RO          875    i.GPDMA_Initialize  gpdma_lpc17xx.o
    0x000019fc   0x000019fc   0x00000044   Code   RO          876    i.GPDMA_PeripheralSelect  gpdma_lpc17xx.o
    0x00001a40   0x00001a40   0x00000080   Code   RO          877    i.GPDMA_Uninitialize  gpdma_lpc17xx.o
    0x00001ac0   0x00001ac0   0x00000020   Code   RO          958    i.GPIO_PinRead      gpio_lpc17xx.o
    0x00001ae0   0x00001ae0   0x00000028   Code   RO          959    i.GPIO_PinWrite     gpio_lpc17xx.o
    0x00001b08   0x00001b08   0x0000002c   Code   RO          960    i.GPIO_PortClock    gpio_lpc17xx.o
    0x00001b34   0x00001b34   0x00000038   Code   RO          963    i.GPIO_SetDir       gpio_lpc17xx.o
    0x00001b6c   0x00001b6c   0x00000050   Code   RO          580    i.GetSPIClockFreq   spi_lpc17xx.o
    0x00001bbc   0x00001bbc   0x00000044   Code   RO          693    i.GetSSPClockFreq   ssp_lpc17xx.o
    0x00001c00   0x00001c00   0x00000010   Code   RO          181    i.Joystick_GetState  joystick_driver.o
    0x00001c10   0x00001c10   0x00000014   Code   RO          182    i.Joystick_Init     joystick_driver.o
    0x00001c24   0x00001c24   0x000000fc   Code   RO         1012    i.PIN_Configure     pin_lpc17xx.o
    0x00001d20   0x00001d20   0x000005e8   Code   RO          581    i.SPI_Control       spi_lpc17xx.o
    0x00002308   0x00002308   0x0000000c   Code   RO          582    i.SPI_GetCapabilities  spi_lpc17xx.o
    0x00002314   0x00002314   0x00000020   Code   RO          583    i.SPI_GetDataCount  spi_lpc17xx.o
    0x00002334   0x00002334   0x00000068   Code   RO          584    i.SPI_GetStatus     spi_lpc17xx.o
    0x0000239c   0x0000239c   0x00000010   Code   RO          585    i.SPI_GetVersion    spi_lpc17xx.o
    0x000023ac   0x000023ac   0x00000208   Code   RO          586    i.SPI_IRQHandler    spi_lpc17xx.o
    0x000025b4   0x000025b4   0x000000c8   Code   RO          587    i.SPI_Initialize    spi_lpc17xx.o
    0x0000267c   0x0000267c   0x000001ec   Code   RO          588    i.SPI_PowerControl  spi_lpc17xx.o
    0x00002868   0x00002868   0x000000b8   Code   RO          589    i.SPI_Receive       spi_lpc17xx.o
    0x00002920   0x00002920   0x00000118   Code   RO          590    i.SPI_Send          spi_lpc17xx.o
    0x00002a38   0x00002a38   0x00000118   Code   RO          591    i.SPI_Transfer      spi_lpc17xx.o
    0x00002b50   0x00002b50   0x0000009c   Code   RO          592    i.SPI_Uninitialize  spi_lpc17xx.o
    0x00002bec   0x00002bec   0x00000018   Code   RO          694    i.SSP1_Control      ssp_lpc17xx.o
    0x00002c04   0x00002c04   0x00000014   Code   RO          695    i.SSP1_GPDMA_Rx_SignalEvent  ssp_lpc17xx.o
    0x00002c18   0x00002c18   0x00000014   Code   RO          696    i.SSP1_GPDMA_Tx_SignalEvent  ssp_lpc17xx.o
    0x00002c2c   0x00002c2c   0x00000010   Code   RO          697    i.SSP1_GetDataCount  ssp_lpc17xx.o
    0x00002c3c   0x00002c3c   0x00000010   Code   RO          698    i.SSP1_GetStatus    ssp_lpc17xx.o
    0x00002c4c   0x00002c4c   0x00000010   Code   RO          699    i.SSP1_IRQHandler   ssp_lpc17xx.o
    0x00002c5c   0x00002c5c   0x00000014   Code   RO          700    i.SSP1_Initialize   ssp_lpc17xx.o
    0x00002c70   0x00002c70   0x00000014   Code   RO          701    i.SSP1_PowerControl  ssp_lpc17xx.o
    0x00002c84   0x00002c84   0x00000018   Code   RO          702    i.SSP1_Receive      ssp_lpc17xx.o
    0x00002c9c   0x00002c9c   0x00000018   Code   RO          703    i.SSP1_Send         ssp_lpc17xx.o
    0x00002cb4   0x00002cb4   0x0000001c   Code   RO          704    i.SSP1_Transfer     ssp_lpc17xx.o
    0x00002cd0   0x00002cd0   0x00000010   Code   RO          705    i.SSP1_Uninitialize  ssp_lpc17xx.o
    0x00002ce0   0x00002ce0   0x0000000c   Code   RO          706    i.SSP_GetCapabilities  ssp_lpc17xx.o
    0x00002cec   0x00002cec   0x00000010   Code   RO          707    i.SSP_GetVersion    ssp_lpc17xx.o
    0x00002cfc   0x00002cfc   0x0000051e   Code   RO          708    i.SSPx_Control      ssp_lpc17xx.o
    0x0000321a   0x0000321a   0x00000036   Code   RO          709    i.SSPx_GPDMA_Rx_SignalEvent  ssp_lpc17xx.o
    0x00003250   0x00003250   0x0000001c   Code   RO          710    i.SSPx_GPDMA_Tx_SignalEvent  ssp_lpc17xx.o
    0x0000326c   0x0000326c   0x0000002c   Code   RO          711    i.SSPx_GetDataCount  ssp_lpc17xx.o
    0x00003298   0x00003298   0x0000005a   Code   RO          712    i.SSPx_GetStatus    ssp_lpc17xx.o
    0x000032f2   0x000032f2   0x00000104   Code   RO          713    i.SSPx_IRQHandler   ssp_lpc17xx.o
    0x000033f6   0x000033f6   0x000000a8   Code   RO          714    i.SSPx_Initialize   ssp_lpc17xx.o
    0x0000349e   0x0000349e   0x00000002   PAD
    0x000034a0   0x000034a0   0x000001d8   Code   RO          715    i.SSPx_PowerControl  ssp_lpc17xx.o
    0x00003678   0x00003678   0x0000015c   Code   RO          716    i.SSPx_Receive      ssp_lpc17xx.o
    0x000037d4   0x000037d4   0x00000154   Code   RO          717    i.SSPx_Send         ssp_lpc17xx.o
    0x00003928   0x00003928   0x00000152   Code   RO          718    i.SSPx_Transfer     ssp_lpc17xx.o
    0x00003a7a   0x00003a7a   0x00000070   Code   RO          719    i.SSPx_Uninitialize  ssp_lpc17xx.o
    0x00003aea   0x00003aea   0x00000002   PAD
    0x00003aec   0x00003aec   0x00000038   Code   RO          878    i.Set_Channel_active_flag  gpdma_lpc17xx.o
    0x00003b24   0x00003b24   0x00000140   Code   RO         1059    i.SystemInit        system_lpc17xx.o
    0x00003c64   0x00003c64   0x00000058   Code   RO          142    i.UART0_Init        uart_debug.o
    0x00003cbc   0x00003cbc   0x00000024   Code   RO          143    i.UART0_SendString  uart_debug.o
    0x00003ce0   0x00003ce0   0x00000e18   Code   RO          214    i.UI_MenuTask       ui_control.o
    0x00004af8   0x00004af8   0x00000040   Code   RO          215    i.Update_Kit2_Hardware_LEDs  ui_control.o
    0x00004b38   0x00004b38   0x0000001c   Code   RO          593    i.__NVIC_ClearPendingIRQ  spi_lpc17xx.o
    0x00004b54   0x00004b54   0x0000001c   Code   RO          720    i.__NVIC_ClearPendingIRQ  ssp_lpc17xx.o
    0x00004b70   0x00004b70   0x0000001c   Code   RO          879    i.__NVIC_ClearPendingIRQ  gpdma_lpc17xx.o
    0x00004b8c   0x00004b8c   0x00000046   Code   RO         2188    i._init_box         RTX_CM3.lib(rt_membox.o)
    0x00004bd2   0x00004bd2   0x0000000e   Code   RO         2331    i._is_digit         c_w.l(__printf_wp.o)
    0x00004be0   0x00004be0   0x00000020   Code   RO          521    i._mutex_acquire    rtx_conf_cm.o
    0x00004c00   0x00004c00   0x0000001c   Code   RO          523    i._mutex_release    rtx_conf_cm.o
    0x00004c1c   0x00004c1c   0x00000030   Code   RO         2241    i.dbg_init          RTX_CM3.lib(hal_cm.o)
    0x00004c4c   0x00004c4c   0x00000020   Code   RO         2242    i.dbg_task_notify   RTX_CM3.lib(hal_cm.o)
    0x00004c6c   0x00004c6c   0x00000010   Code   RO         2243    i.dbg_task_switch   RTX_CM3.lib(hal_cm.o)
    0x00004c7c   0x00004c7c   0x00000030   Code   RO          292    i.delay_ms          glcd_mcb1700.o
    0x00004cac   0x00004cac   0x0000002a   Code   RO         1094    i.isrMessageGet     RTX_CM3.lib(rt_cmsis.o)
    0x00004cd6   0x00004cd6   0x0000002c   Code   RO         1095    i.isrMessagePut     RTX_CM3.lib(rt_cmsis.o)
    0x00004d02   0x00004d02   0x00000002   PAD
    0x00004d04   0x00004d04   0x00000056   Code   RO         2043    i.isr_mbx_receive   RTX_CM3.lib(rt_mailbox.o)
    0x00004d5a   0x00004d5a   0x0000000e   Code   RO         2044    i.isr_mbx_send      RTX_CM3.lib(rt_mailbox.o)
    0x00004d68   0x00004d68   0x00000044   Code   RO           96    i.main              main.o
    0x00004dac   0x00004dac   0x00000018   Code   RO         1098    i.osDelay           RTX_CM3.lib(rt_cmsis.o)
    0x00004dc4   0x00004dc4   0x00000024   Code   RO         1099    i.osKernelInitialize  RTX_CM3.lib(rt_cmsis.o)
    0x00004de8   0x00004de8   0x0000006c   Code   RO         1101    i.osKernelStart     RTX_CM3.lib(rt_cmsis.o)
    0x00004e54   0x00004e54   0x0000002c   Code   RO         1109    i.osMessageCreate   RTX_CM3.lib(rt_cmsis.o)
    0x00004e80   0x00004e80   0x00000018   Code   RO         1110    i.osMessageGet      RTX_CM3.lib(rt_cmsis.o)
    0x00004e98   0x00004e98   0x00000018   Code   RO         1111    i.osMessagePut      RTX_CM3.lib(rt_cmsis.o)
    0x00004eb0   0x00004eb0   0x0000002c   Code   RO         1127    i.osThreadCreate    RTX_CM3.lib(rt_cmsis.o)
    0x00004edc   0x00004edc   0x00000018   Code   RO         1128    i.osThreadExit      RTX_CM3.lib(rt_cmsis.o)
    0x00004ef4   0x00004ef4   0x0000000c   Code   RO         1134    i.osTimerCall       RTX_CM3.lib(rt_cmsis.o)
    0x00004f00   0x00004f00   0x0000002c   Code   RO         1139    i.osTimerThread     RTX_CM3.lib(rt_cmsis.o)
    0x00004f2c   0x00004f2c   0x00000022   Code   RO          524    i.os_error          rtx_conf_cm.o
    0x00004f4e   0x00004f4e   0x00000004   Code   RO          525    i.os_idle_demon     rtx_conf_cm.o
    0x00004f52   0x00004f52   0x00000002   PAD
    0x00004f54   0x00004f54   0x00000028   Code   RO         1835    i.os_tick_init      RTX_CM3.lib(rt_system.o)
    0x00004f7c   0x00004f7c   0x00000002   Code   RO         1836    i.os_tick_irqack    RTX_CM3.lib(rt_system.o)
    0x00004f7e   0x00004f7e   0x00000002   PAD
    0x00004f80   0x00004f80   0x000000c8   Code   RO          293    i.rd_id_man         glcd_mcb1700.o
    0x00005048   0x00005048   0x0000001a   Code   RO         2189    i.rt_alloc_box      RTX_CM3.lib(rt_membox.o)
    0x00005062   0x00005062   0x0000003e   Code   RO         2217    i.rt_alloc_mem      RTX_CM3.lib(rt_memory.o)
    0x000050a0   0x000050a0   0x00000038   Code   RO         1716    i.rt_block          RTX_CM3.lib(rt_task.o)
    0x000050d8   0x000050d8   0x00000048   Code   RO         2166    i.rt_chk_robin      RTX_CM3.lib(rt_robin.o)
    0x00005120   0x00005120   0x00000070   Code   RO         1967    i.rt_dec_dly        RTX_CM3.lib(rt_list.o)
    0x00005190   0x00005190   0x00000044   Code   RO         1717    i.rt_dispatch       RTX_CM3.lib(rt_task.o)
    0x000051d4   0x000051d4   0x00000006   Code   RO         2133    i.rt_dly_wait       RTX_CM3.lib(rt_time.o)
    0x000051da   0x000051da   0x00000002   PAD
    0x000051dc   0x000051dc   0x00000050   Code   RO         1928    i.rt_evt_psh        RTX_CM3.lib(rt_event.o)
    0x0000522c   0x0000522c   0x0000002c   Code   RO         2190    i.rt_free_box       RTX_CM3.lib(rt_membox.o)
    0x00005258   0x00005258   0x00000028   Code   RO         2218    i.rt_free_mem       RTX_CM3.lib(rt_memory.o)
    0x00005280   0x00005280   0x00000028   Code   RO         1968    i.rt_get_first      RTX_CM3.lib(rt_list.o)
    0x000052a8   0x000052a8   0x00000008   Code   RO         1144    i.rt_id2obj         RTX_CM3.lib(rt_cmsis.o)
    0x000052b0   0x000052b0   0x00000048   Code   RO         1718    i.rt_init_context   RTX_CM3.lib(rt_task.o)
    0x000052f8   0x000052f8   0x0000001a   Code   RO         2219    i.rt_init_mem       RTX_CM3.lib(rt_memory.o)
    0x00005312   0x00005312   0x00000002   PAD
    0x00005314   0x00005314   0x00000018   Code   RO         2167    i.rt_init_robin     RTX_CM3.lib(rt_robin.o)
    0x0000532c   0x0000532c   0x00000080   Code   RO         2244    i.rt_init_stack     RTX_CM3.lib(hal_cm.o)
    0x000053ac   0x000053ac   0x00000008   Code   RO         2045    i.rt_mbx_check      RTX_CM3.lib(rt_mailbox.o)
    0x000053b4   0x000053b4   0x0000001a   Code   RO         2046    i.rt_mbx_init       RTX_CM3.lib(rt_mailbox.o)
    0x000053ce   0x000053ce   0x00000002   PAD
    0x000053d0   0x000053d0   0x000000f0   Code   RO         2047    i.rt_mbx_psh        RTX_CM3.lib(rt_mailbox.o)
    0x000054c0   0x000054c0   0x00000098   Code   RO         2048    i.rt_mbx_send       RTX_CM3.lib(rt_mailbox.o)
    0x00005558   0x00005558   0x000000b4   Code   RO         2049    i.rt_mbx_wait       RTX_CM3.lib(rt_mailbox.o)
    0x0000560c   0x0000560c   0x00000044   Code   RO         1145    i.rt_ms2tick        RTX_CM3.lib(rt_cmsis.o)
    0x00005650   0x00005650   0x000000d8   Code   RO         1802    i.rt_mut_release    RTX_CM3.lib(rt_mutex.o)
    0x00005728   0x00005728   0x00000078   Code   RO         1803    i.rt_mut_wait       RTX_CM3.lib(rt_mutex.o)
    0x000057a0   0x000057a0   0x0000007c   Code   RO         1839    i.rt_pop_req        RTX_CM3.lib(rt_system.o)
    0x0000581c   0x0000581c   0x00000020   Code   RO         1840    i.rt_psh_req        RTX_CM3.lib(rt_system.o)
    0x0000583c   0x0000583c   0x0000005c   Code   RO         1970    i.rt_psq_enq        RTX_CM3.lib(rt_list.o)
    0x00005898   0x00005898   0x00000048   Code   RO         1971    i.rt_put_dly        RTX_CM3.lib(rt_list.o)
    0x000058e0   0x000058e0   0x00000036   Code   RO         1972    i.rt_put_prio       RTX_CM3.lib(rt_list.o)
    0x00005916   0x00005916   0x00000002   PAD
    0x00005918   0x00005918   0x00000014   Code   RO         1973    i.rt_put_rdy_first  RTX_CM3.lib(rt_list.o)
    0x0000592c   0x0000592c   0x00000034   Code   RO         1974    i.rt_resort_prio    RTX_CM3.lib(rt_list.o)
    0x00005960   0x00005960   0x00000006   Code   RO         2245    i.rt_ret_val        RTX_CM3.lib(hal_cm.o)
    0x00005966   0x00005966   0x00000008   Code   RO         2246    i.rt_ret_val2       RTX_CM3.lib(hal_cm.o)
    0x0000596e   0x0000596e   0x00000028   Code   RO         1975    i.rt_rmv_dly        RTX_CM3.lib(rt_list.o)
    0x00005996   0x00005996   0x00000002   PAD
    0x00005998   0x00005998   0x00000030   Code   RO         1976    i.rt_rmv_list       RTX_CM3.lib(rt_list.o)
    0x000059c8   0x000059c8   0x00000034   Code   RO         2094    i.rt_sem_psh        RTX_CM3.lib(rt_semaphore.o)
    0x000059fc   0x000059fc   0x00000024   Code   RO         1842    i.rt_stk_check      RTX_CM3.lib(rt_system.o)
    0x00005a20   0x00005a20   0x00000028   Code   RO         1719    i.rt_switch_req     RTX_CM3.lib(rt_task.o)
    0x00005a48   0x00005a48   0x000000cc   Code   RO         1720    i.rt_sys_init       RTX_CM3.lib(rt_task.o)
    0x00005b14   0x00005b14   0x00000078   Code   RO         1721    i.rt_sys_start      RTX_CM3.lib(rt_task.o)
    0x00005b8c   0x00005b8c   0x00000040   Code   RO         1844    i.rt_systick        RTX_CM3.lib(rt_system.o)
    0x00005bcc   0x00005bcc   0x00000012   Code   RO         1146    i.rt_tid2ptcb       RTX_CM3.lib(rt_cmsis.o)
    0x00005bde   0x00005bde   0x00000002   PAD
    0x00005be0   0x00005be0   0x00000034   Code   RO         1147    i.rt_timer_insert   RTX_CM3.lib(rt_cmsis.o)
    0x00005c14   0x00005c14   0x00000088   Code   RO         1722    i.rt_tsk_create     RTX_CM3.lib(rt_task.o)
    0x00005c9c   0x00005c9c   0x0000017c   Code   RO         1723    i.rt_tsk_delete     RTX_CM3.lib(rt_task.o)
    0x00005e18   0x00005e18   0x0000007c   Code   RO         1725    i.rt_tsk_prio       RTX_CM3.lib(rt_task.o)
    0x00005e94   0x00005e94   0x00000010   Code   RO         1726    i.rt_tsk_self       RTX_CM3.lib(rt_task.o)
    0x00005ea4   0x00005ea4   0x0000002c   Code   RO          294    i.spi_tran          glcd_mcb1700.o
    0x00005ed0   0x00005ed0   0x00000088   Code   RO          295    i.spi_tran_man      glcd_mcb1700.o
    0x00005f58   0x00005f58   0x00000012   Code   RO         1149    i.svcDelay          RTX_CM3.lib(rt_cmsis.o)
    0x00005f6a   0x00005f6a   0x00000002   PAD
    0x00005f6c   0x00005f6c   0x00000070   Code   RO         1150    i.svcKernelInitialize  RTX_CM3.lib(rt_cmsis.o)
    0x00005fdc   0x00005fdc   0x00000048   Code   RO         1152    i.svcKernelStart    RTX_CM3.lib(rt_cmsis.o)
    0x00006024   0x00006024   0x00000024   Code   RO         1155    i.svcMessageCreate  RTX_CM3.lib(rt_cmsis.o)
    0x00006048   0x00006048   0x0000003a   Code   RO         1156    i.svcMessageGet     RTX_CM3.lib(rt_cmsis.o)
    0x00006082   0x00006082   0x00000036   Code   RO         1157    i.svcMessagePut     RTX_CM3.lib(rt_cmsis.o)
    0x000060b8   0x000060b8   0x0000006c   Code   RO         1170    i.svcThreadCreate   RTX_CM3.lib(rt_cmsis.o)
    0x00006124   0x00006124   0x0000001c   Code   RO         1171    i.svcThreadGetId    RTX_CM3.lib(rt_cmsis.o)
    0x00006140   0x00006140   0x00000038   Code   RO         1174    i.svcThreadTerminate  RTX_CM3.lib(rt_cmsis.o)
    0x00006178   0x00006178   0x00000018   Code   RO         1176    i.svcTimerCall      RTX_CM3.lib(rt_cmsis.o)
    0x00006190   0x00006190   0x0000005c   Code   RO         1185    i.sysTimerTick      RTX_CM3.lib(rt_cmsis.o)
    0x000061ec   0x000061ec   0x0000004c   Code   RO          296    i.wr_cmd            glcd_mcb1700.o
    0x00006238   0x00006238   0x00000034   Code   RO          297    i.wr_dat_only       glcd_mcb1700.o
    0x0000626c   0x0000626c   0x00000018   Code   RO          298    i.wr_dat_start      glcd_mcb1700.o
    0x00006284   0x00006284   0x00000014   Code   RO          299    i.wr_dat_stop       glcd_mcb1700.o
    0x00006298   0x00006298   0x00000090   Code   RO          300    i.wr_reg            glcd_mcb1700.o
    0x00006328   0x00006328   0x00000028   Data   RO           98    .constdata          main.o
    0x00006350   0x00006350   0x000018a0   Data   RO          259    .constdata          glcd_fonts.o
    0x00007bf0   0x00007bf0   0x00000008   Data   RO          301    .constdata          glcd_mcb1700.o
    0x00007bf8   0x00007bf8   0x00000068   Data   RO          527    .constdata          rtx_conf_cm.o
    0x00007c60   0x00007c60   0x00000074   Data   RO          595    .constdata          spi_lpc17xx.o
    0x00007cd4   0x00007cd4   0x00000084   Data   RO          722    .constdata          ssp_lpc17xx.o
    0x00007d58   0x00007d58   0x00000011   Data   RO         2334    .constdata          c_w.l(__printf_flags_wp.o)
    0x00007d69   0x00007d69   0x00000003   PAD
    0x00007d6c   0x00007d6c   0x00000030   Data   RO         2521    Region$$Table       anon$$obj.o


    Execution Region RW_IRAM1 (Exec base: 0x10000000, Load base: 0x00007d9c, Size: 0x00003de0, Max: 0x00008000, ABSOLUTE)

    Exec Addr    Load Addr    Size         Type   Attr      Idx    E Section Name        Object

    0x10000000        -       0x00003de0   Zero   RW          526    .bss                rtx_conf_cm.o


    Execution Region RW_IRAM2 (Exec base: 0x2007c000, Load base: 0x00007d9c, Size: 0x000004a8, Max: 0x00008000, ABSOLUTE)

    Exec Addr    Load Addr    Size         Type   Attr      Idx    E Section Name        Object

    0x2007c000   0x00007d9c   0x00000014   Data   RW           99    .data               main.o
    0x2007c014   0x00007db0   0x00000025   Data   RW          216    .data               ui_control.o
    0x2007c039   0x00007dd5   0x00000003   PAD
    0x2007c03c   0x00007dd8   0x00000009   Data   RW          302    .data               glcd_mcb1700.o
    0x2007c045   0x00007de1   0x00000003   PAD
    0x2007c048   0x00007de4   0x00000014   Data   RW          528    .data               rtx_conf_cm.o
    0x2007c05c   0x00007df8   0x00000004   Data   RW          596    .data               spi_lpc17xx.o
    0x2007c060   0x00007dfc   0x00000008   Data   RW          723    .data               ssp_lpc17xx.o
    0x2007c068   0x00007e04   0x00000008   Data   RW          881    .data               gpdma_lpc17xx.o
    0x2007c070   0x00007e0c   0x00000004   Data   RW         1060    .data               system_lpc17xx.o
    0x2007c074   0x00007e10   0x00000008   Data   RW         1188    .data               RTX_CM3.lib(rt_cmsis.o)
    0x2007c07c   0x00007e18   0x00000008   Data   RW         1728    .data               RTX_CM3.lib(rt_task.o)
    0x2007c084   0x00007e20   0x00000008   Data   RW         1847    .data               RTX_CM3.lib(rt_system.o)
    0x2007c08c   0x00007e28   0x00000004   Data   RW         2137    .data               RTX_CM3.lib(rt_time.o)
    0x2007c090   0x00007e2c   0x00000008   Data   RW         2168    .data               RTX_CM3.lib(rt_robin.o)
    0x2007c098   0x00007e34   0x00000001   Data   RW         2247    .data               RTX_CM3.lib(hal_cm.o)
    0x2007c099   0x00007e35   0x00000003   PAD
    0x2007c09c        -       0x00000050   Zero   RW           97    .bss                main.o
    0x2007c0ec        -       0x0000002c   Zero   RW          594    .bss                spi_lpc17xx.o
    0x2007c118        -       0x0000002c   Zero   RW          721    .bss                ssp_lpc17xx.o
    0x2007c144        -       0x000000a0   Zero   RW          880    .bss                gpdma_lpc17xx.o
    0x2007c1e4        -       0x00000034   Zero   RW         1727    .bss                RTX_CM3.lib(rt_task.o)
    0x2007c218        -       0x00000030   Zero   RW         1977    .bss                RTX_CM3.lib(rt_list.o)
    0x2007c248        -       0x00000060   Zero   RW         2305    .bss                c_w.l(libspace.o)
    0x2007c2a8        -       0x00000000   Zero   RW         1046    HEAP                startup_lpc17xx.o
    0x2007c2a8        -       0x00000200   Zero   RW         1045    STACK               startup_lpc17xx.o


==============================================================================

Image component sizes


      Code (inc. data)   RO Data    RW Data    ZI Data      Debug   Object Name

       388         38          0          0          0      55613   can_mcal.o
         0          0       6304          0          0       1128   glcd_fonts.o
      2798        110          8          9          0      20104   glcd_mcb1700.o
      1212         94          0          8        160       9170   gpdma_lpc17xx.o
       172         18          0          0          0       2570   gpio_lpc17xx.o
        36         10          0          0          0        888   joystick_driver.o
      1444        896         40         20         80       3345   main.o
       252          6          0          0          0        876   pin_lpc17xx.o
       126         26        104         20      15840       9491   rtx_conf_cm.o
      3896         86        116          4         44      40838   spi_lpc17xx.o
      3932        106        132          8         44      29438   ssp_lpc17xx.o
        64         26        204          0        512       1008   startup_lpc17xx.o
       320         18          0          4          0        859   system_lpc17xx.o
       124         22          0          0          0        996   uart_debug.o
      3672        810          0         37          0       4716   ui_control.o

    ----------------------------------------------------------------------
     18444       2266       6956        116      16680     181040   Object Totals
         0          0         48          0          0          0   (incl. Generated)
         8          0          0          6          0          0   (incl. Padding)

    ----------------------------------------------------------------------

      Code (inc. data)   RO Data    RW Data    ZI Data      Debug   Library Member Name

       238         24          0          1          0       3268   hal_cm.o
       304         36          0          0          0        760   hal_cm3.o
      1274        158          0          8          0      35156   rt_cmsis.o
        80          4          0          0          0        653   rt_event.o
       530         34          0          0         48       8169   rt_list.o
       706         14          0          0          0       4731   rt_mailbox.o
       140          0          0          0          0       1901   rt_membox.o
       128          0          0          0          0       2275   rt_memory.o
       336         14          0          0          0       1631   rt_mutex.o
        96         22          0          8          0       1134   rt_robin.o
        52          4          0          0          0        565   rt_semaphore.o
       298         52          0          8          0       6151   rt_system.o
      1216        174          0          8         52       9565   rt_task.o
         6          0          0          4          0        644   rt_time.o
         4          4          0          0          0        200   svc_table.o
         8          0          0          0          0         68   __main.o
       312          4         17          0          0         92   __printf_flags_wp.o
        14          0          0          0          0         68   __printf_wp.o
         0          0          0          0          0          0   __rtentry.o
        20          0          0          0          0          0   __rtentry2.o
         6          0          0          0          0          0   __rtentry4.o
        52          8          0          0          0          0   __scatter.o
        26          0          0          0          0          0   __scatter_copy.o
        28          0          0          0          0          0   __scatter_zi.o
        44          0          0          0          0        108   _printf_char.o
        48          6          0          0          0         96   _printf_char_common.o
         6          0          0          0          0          0   _printf_d.o
       120         16          0          0          0         92   _printf_dec.o
       178          0          0          0          0         88   _printf_intcommon.o
        78          0          0          0          0        108   _printf_pad.o
         0          0          0          0          0          0   _printf_percent.o
         4          0          0          0          0          0   _printf_percent_end.o
         6          0          0          0          0          0   _printf_s.o
        82          0          0          0          0         80   _printf_str.o
         6          0          0          0          0          0   _printf_u.o
        10          0          0          0          0         68   _sputc.o
        18          0          0          0          0         80   exit.o
         6          0          0          0          0        152   heapauxi.o
         0          0          0          0          0          0   indicate_semi.o
         2          0          0          0          0          0   libinit.o
         2          0          0          0          0          0   libinit2.o
         2          0          0          0          0          0   libshutdown.o
         2          0          0          0          0          0   libshutdown2.o
         8          4          0          0         96         68   libspace.o
        40          6          0          0          0         84   noretval__2sprintf.o
        78          0          0          0          0         80   rt_memclr_w.o
         2          0          0          0          0          0   rtexit.o
        10          0          0          0          0          0   rtexit2.o
        12          4          0          0          0         68   sys_exit.o
        74          0          0          0          0         80   sys_stackheap_outer.o
         2          0          0          0          0         68   use_no_semi.o

    ----------------------------------------------------------------------
      6736        588         20         40        196      78351   Library Totals
        22          0          3          3          0          0   (incl. Padding)

    ----------------------------------------------------------------------

      Code (inc. data)   RO Data    RW Data    ZI Data      Debug   Library Name

      5408        540          0         37        100      76803   RTX_CM3.lib
      1306         48         17          0         96       1548   c_w.l

    ----------------------------------------------------------------------
      6736        588         20         40        196      78351   Library Totals

    ----------------------------------------------------------------------

==============================================================================


      Code (inc. data)   RO Data    RW Data    ZI Data      Debug   

     25180       2854       6976        156      16876     250235   Grand Totals
     25180       2854       6976        156      16876     250235   ELF Image Totals
     25180       2854       6976        156          0          0   ROM Totals

==============================================================================

    Total RO  Size (Code + RO Data)                32156 (  31.40kB)
    Total RW  Size (RW Data + ZI Data)             17032 (  16.63kB)
    Total ROM Size (Code + RO Data + RW Data)      32312 (  31.55kB)

==============================================================================

