Component: ARM Compiler 5.06 update 6 (build 750) Tool: armlink [4d35ed]

==============================================================================

Section Cross References

    can_mcal.o(i.CAN_IRQHandler) refers to rt_cmsis.o(i.osMessagePut) for osMessagePut
    can_mcal.o(i.CAN_IRQHandler) refers to main.o(.data) for can_queue_id
    can_mcal.o(i.CAN_Init) refers to system_lpc17xx.o(.data) for SystemCoreClock
    can_mcal.o(i.CAN_Init_Interrupt) refers to can_mcal.o(i.CAN_Init) for CAN_Init
    main.o(i.Command_RxTask) refers to can_mcal.o(i.CAN_Init_Interrupt) for CAN_Init_Interrupt
    main.o(i.Command_RxTask) refers to rt_cmsis.o(i.osMessageGet) for osMessageGet
    main.o(i.Command_RxTask) refers to main.o(.data) for can_queue_id
    main.o(i.Sensor_TxTask) refers to _printf_pad.o(.text) for _printf_pre_padding
    main.o(i.Sensor_TxTask) refers to _printf_percent.o(.ARM.Collect$$_printf_percent$$00000000) for _printf_percent
    main.o(i.Sensor_TxTask) refers to _printf_u.o(.ARM.Collect$$_printf_percent$$0000000A) for _printf_u
    main.o(i.Sensor_TxTask) refers to _printf_dec.o(.text) for _printf_int_dec
    main.o(i.Sensor_TxTask) refers to adc_driver.o(i.ADC_Init_Hardware) for ADC_Init_Hardware
    main.o(i.Sensor_TxTask) refers to glcd_mcb1700.o(i.GLCD_Initialize) for GLCD_Initialize
    main.o(i.Sensor_TxTask) refers to glcd_mcb1700.o(i.GLCD_SetFont) for GLCD_SetFont
    main.o(i.Sensor_TxTask) refers to main.o(i.Update_Kit1_Hardware_LEDs) for Update_Kit1_Hardware_LEDs
    main.o(i.Sensor_TxTask) refers to adc_driver.o(i.ADC_Read_Knob) for ADC_Read_Knob
    main.o(i.Sensor_TxTask) refers to glcd_mcb1700.o(i.GLCD_SetBackgroundColor) for GLCD_SetBackgroundColor
    main.o(i.Sensor_TxTask) refers to glcd_mcb1700.o(i.GLCD_ClearScreen) for GLCD_ClearScreen
    main.o(i.Sensor_TxTask) refers to glcd_mcb1700.o(i.GLCD_SetForegroundColor) for GLCD_SetForegroundColor
    main.o(i.Sensor_TxTask) refers to glcd_mcb1700.o(i.GLCD_DrawString) for GLCD_DrawString
    main.o(i.Sensor_TxTask) refers to main.o(i.Set_All_LEDs) for Set_All_LEDs
    main.o(i.Sensor_TxTask) refers to can_mcal.o(i.Can_Write) for Can_Write
    main.o(i.Sensor_TxTask) refers to noretval__2sprintf.o(.text) for __2sprintf
    main.o(i.Sensor_TxTask) refers to rt_cmsis.o(i.osDelay) for osDelay
    main.o(i.Sensor_TxTask) refers to glcd_fonts.o(.constdata) for GLCD_Font_16x24
    main.o(i.Sensor_TxTask) refers to main.o(.data) for rx_sensor_control_mask
    main.o(i.Sensor_TxTask) refers to main.o(.constdata) for PortMap
    main.o(i.Set_All_LEDs) refers to main.o(.constdata) for PortMap
    main.o(i.main) refers to system_lpc17xx.o(i.SystemInit) for SystemInit
    main.o(i.main) refers to rt_cmsis.o(i.osKernelInitialize) for osKernelInitialize
    main.o(i.main) refers to rt_cmsis.o(i.osMessageCreate) for osMessageCreate
    main.o(i.main) refers to rt_cmsis.o(i.osThreadCreate) for osThreadCreate
    main.o(i.main) refers to rt_cmsis.o(i.osKernelStart) for osKernelStart
    main.o(i.main) refers to main.o(.constdata) for os_messageQ_def_can_queue
    main.o(i.main) refers to main.o(.data) for can_queue_id
    main.o(.constdata) refers to main.o(.bss) for os_messageQ_q_can_queue
    main.o(.constdata) refers to main.o(i.Sensor_TxTask) for Sensor_TxTask
    main.o(.constdata) refers to main.o(i.Command_RxTask) for Command_RxTask
    glcd_mcb1700.o(i.GLCD_ClearScreen) refers to glcd_mcb1700.o(i.GLCD_SetWindow) for GLCD_SetWindow
    glcd_mcb1700.o(i.GLCD_ClearScreen) refers to glcd_mcb1700.o(i.wr_cmd) for wr_cmd
    glcd_mcb1700.o(i.GLCD_ClearScreen) refers to glcd_mcb1700.o(i.wr_dat_start) for wr_dat_start
    glcd_mcb1700.o(i.GLCD_ClearScreen) refers to glcd_mcb1700.o(i.wr_dat_only) for wr_dat_only
    glcd_mcb1700.o(i.GLCD_ClearScreen) refers to glcd_mcb1700.o(i.wr_dat_stop) for wr_dat_stop
    glcd_mcb1700.o(i.GLCD_ClearScreen) refers to glcd_mcb1700.o(.data) for background_color
    glcd_mcb1700.o(i.GLCD_DrawBargraph) refers to glcd_mcb1700.o(i.GLCD_SetWindow) for GLCD_SetWindow
    glcd_mcb1700.o(i.GLCD_DrawBargraph) refers to glcd_mcb1700.o(i.wr_cmd) for wr_cmd
    glcd_mcb1700.o(i.GLCD_DrawBargraph) refers to glcd_mcb1700.o(i.wr_dat_start) for wr_dat_start
    glcd_mcb1700.o(i.GLCD_DrawBargraph) refers to glcd_mcb1700.o(i.wr_dat_only) for wr_dat_only
    glcd_mcb1700.o(i.GLCD_DrawBargraph) refers to glcd_mcb1700.o(i.wr_dat_stop) for wr_dat_stop
    glcd_mcb1700.o(i.GLCD_DrawBargraph) refers to glcd_mcb1700.o(.data) for background_color
    glcd_mcb1700.o(i.GLCD_DrawBitmap) refers to glcd_mcb1700.o(i.GLCD_SetWindow) for GLCD_SetWindow
    glcd_mcb1700.o(i.GLCD_DrawBitmap) refers to glcd_mcb1700.o(i.wr_cmd) for wr_cmd
    glcd_mcb1700.o(i.GLCD_DrawBitmap) refers to glcd_mcb1700.o(i.wr_dat_start) for wr_dat_start
    glcd_mcb1700.o(i.GLCD_DrawBitmap) refers to glcd_mcb1700.o(i.wr_dat_only) for wr_dat_only
    glcd_mcb1700.o(i.GLCD_DrawBitmap) refers to glcd_mcb1700.o(i.wr_dat_stop) for wr_dat_stop
[...]
    i.SSPx_Initialize                        0x00002f52   Section        0  ssp_lpc17xx.o(i.SSPx_Initialize)
    SSPx_Initialize                          0x00002f53   Thumb Code   168  ssp_lpc17xx.o(i.SSPx_Initialize)
    i.SSPx_PowerControl                      0x00002ffc   Section        0  ssp_lpc17xx.o(i.SSPx_PowerControl)
    SSPx_PowerControl                        0x00002ffd   Thumb Code   466  ssp_lpc17xx.o(i.SSPx_PowerControl)
    i.SSPx_Receive                           0x000031d4   Section        0  ssp_lpc17xx.o(i.SSPx_Receive)
    SSPx_Receive                             0x000031d5   Thumb Code   344  ssp_lpc17xx.o(i.SSPx_Receive)
    i.SSPx_Send                              0x00003330   Section        0  ssp_lpc17xx.o(i.SSPx_Send)
    SSPx_Send                                0x00003331   Thumb Code   336  ssp_lpc17xx.o(i.SSPx_Send)
    i.SSPx_Transfer                          0x00003484   Section        0  ssp_lpc17xx.o(i.SSPx_Transfer)
    SSPx_Transfer                            0x00003485   Thumb Code   338  ssp_lpc17xx.o(i.SSPx_Transfer)
    i.SSPx_Uninitialize                      0x000035d6   Section        0  ssp_lpc17xx.o(i.SSPx_Uninitialize)
    SSPx_Uninitialize                        0x000035d7   Thumb Code   112  ssp_lpc17xx.o(i.SSPx_Uninitialize)
    i.Sensor_TxTask                          0x00003648   Section        0  main.o(i.Sensor_TxTask)
    i.Set_All_LEDs                           0x000039b8   Section        0  main.o(i.Set_All_LEDs)
    i.Set_Channel_active_flag                0x00003a1c   Section        0  gpdma_lpc17xx.o(i.Set_Channel_active_flag)
    Set_Channel_active_flag                  0x00003a1d   Thumb Code    50  gpdma_lpc17xx.o(i.Set_Channel_active_flag)
    i.SystemInit                             0x00003a54   Section        0  system_lpc17xx.o(i.SystemInit)
    i.Update_Kit1_Hardware_LEDs              0x00003b94   Section        0  main.o(i.Update_Kit1_Hardware_LEDs)
    i.__NVIC_ClearPendingIRQ                 0x00003bcc   Section        0  spi_lpc17xx.o(i.__NVIC_ClearPendingIRQ)
    __NVIC_ClearPendingIRQ                   0x00003bcd   Thumb Code    22  spi_lpc17xx.o(i.__NVIC_ClearPendingIRQ)
    i.__NVIC_ClearPendingIRQ                 0x00003be8   Section        0  ssp_lpc17xx.o(i.__NVIC_ClearPendingIRQ)
    __NVIC_ClearPendingIRQ                   0x00003be9   Thumb Code    22  ssp_lpc17xx.o(i.__NVIC_ClearPendingIRQ)
    i.__NVIC_ClearPendingIRQ                 0x00003c04   Section        0  gpdma_lpc17xx.o(i.__NVIC_ClearPendingIRQ)
    __NVIC_ClearPendingIRQ                   0x00003c05   Thumb Code    22  gpdma_lpc17xx.o(i.__NVIC_ClearPendingIRQ)
    i._init_box                              0x00003c20   Section        0  rt_membox.o(i._init_box)
    i._is_digit                              0x00003c66   Section        0  __printf_wp.o(i._is_digit)
    i._mutex_acquire                         0x00003c74   Section        0  rtx_conf_cm.o(i._mutex_acquire)
    __tagsym$$used                           0x00003c75   Number         0  rtx_conf_cm.o(i._mutex_acquire)
    i._mutex_release                         0x00003c94   Section        0  rtx_conf_cm.o(i._mutex_release)
    __tagsym$$used                           0x00003c95   Number         0  rtx_conf_cm.o(i._mutex_release)
    i.dbg_init                               0x00003cb0   Section        0  hal_cm.o(i.dbg_init)
    i.dbg_task_notify                        0x00003ce0   Section        0  hal_cm.o(i.dbg_task_notify)
    i.dbg_task_switch                        0x00003d00   Section        0  hal_cm.o(i.dbg_task_switch)
    i.delay_ms                               0x00003d10   Section        0  glcd_mcb1700.o(i.delay_ms)
    delay_ms                                 0x00003d11   Thumb Code    42  glcd_mcb1700.o(i.delay_ms)
    i.isrMessageGet                          0x00003d40   Section        0  rt_cmsis.o(i.isrMessageGet)
    i.isrMessagePut                          0x00003d6a   Section        0  rt_cmsis.o(i.isrMessagePut)
    i.isr_mbx_receive                        0x00003d98   Section        0  rt_mailbox.o(i.isr_mbx_receive)
    i.isr_mbx_send                           0x00003dee   Section        0  rt_mailbox.o(i.isr_mbx_send)
    i.main                                   0x00003dfc   Section        0  main.o(i.main)
    i.osDelay                                0x00003e38   Section        0  rt_cmsis.o(i.osDelay)
    i.osKernelInitialize                     0x00003e50   Section        0  rt_cmsis.o(i.osKernelInitialize)
    i.osKernelStart                          0x00003e74   Section        0  rt_cmsis.o(i.osKernelStart)
    i.osMessageCreate                        0x00003ee0   Section        0  rt_cmsis.o(i.osMessageCreate)
    i.osMessageGet                           0x00003f0c   Section        0  rt_cmsis.o(i.osMessageGet)
    i.osMessagePut                           0x00003f24   Section        0  rt_cmsis.o(i.osMessagePut)
    i.osThreadCreate                         0x00003f3c   Section        0  rt_cmsis.o(i.osThreadCreate)
    i.osThreadExit                           0x00003f68   Section        0  rt_cmsis.o(i.osThreadExit)
    i.osTimerCall                            0x00003f80   Section        0  rt_cmsis.o(i.osTimerCall)
    i.osTimerThread                          0x00003f8c   Section        0  rt_cmsis.o(i.osTimerThread)
    i.os_error                               0x00003fb8   Section        0  rtx_conf_cm.o(i.os_error)
    i.os_idle_demon                          0x00003fda   Section        0  rtx_conf_cm.o(i.os_idle_demon)
    i.os_tick_init                           0x00003fe0   Section        0  rt_system.o(i.os_tick_init)
    i.os_tick_irqack                         0x00004008   Section        0  rt_system.o(i.os_tick_irqack)
    i.rd_id_man                              0x0000400c   Section        0  glcd_mcb1700.o(i.rd_id_man)
    rd_id_man                                0x0000400d   Thumb Code   196  glcd_mcb1700.o(i.rd_id_man)
    i.rt_alloc_box                           0x000040d4   Section        0  rt_membox.o(i.rt_alloc_box)
    i.rt_alloc_mem                           0x000040ee   Section        0  rt_memory.o(i.rt_alloc_mem)
    i.rt_block                               0x0000412c   Section        0  rt_task.o(i.rt_block)
    i.rt_chk_robin                           0x00004164   Section        0  rt_robin.o(i.rt_chk_robin)
    i.rt_dec_dly                             0x000041ac   Section        0  rt_list.o(i.rt_dec_dly)
    i.rt_dispatch                            0x0000421c   Section        0  rt_task.o(i.rt_dispatch)
    i.rt_dly_wait                            0x00004260   Section        0  rt_time.o(i.rt_dly_wait)
    i.rt_evt_psh                             0x00004268   Section        0  rt_event.o(i.rt_evt_psh)
    i.rt_free_box                            0x000042b8   Section        0  rt_membox.o(i.rt_free_box)
    i.rt_free_mem                            0x000042e4   Section        0  rt_memory.o(i.rt_free_mem)
    i.rt_get_first                           0x0000430c   Section        0  rt_list.o(i.rt_get_first)
    i.rt_id2obj                              0x00004334   Section        0  rt_cmsis.o(i.rt_id2obj)
    rt_id2obj                                0x00004335   Thumb Code     8  rt_cmsis.o(i.rt_id2obj)
    i.rt_init_context                        0x0000433c   Section        0  rt_task.o(i.rt_init_context)
    rt_init_context                          0x0000433d   Thumb Code    66  rt_task.o(i.rt_init_context)
    i.rt_init_mem                            0x00004384   Section        0  rt_memory.o(i.rt_init_mem)
    i.rt_init_robin                          0x000043a0   Section        0  rt_robin.o(i.rt_init_robin)
    i.rt_init_stack                          0x000043b8   Section        0  hal_cm.o(i.rt_init_stack)
    i.rt_mbx_check                           0x00004438   Section        0  rt_mailbox.o(i.rt_mbx_check)
    i.rt_mbx_init                            0x00004440   Section        0  rt_mailbox.o(i.rt_mbx_init)
    i.rt_mbx_psh                             0x0000445c   Section        0  rt_mailbox.o(i.rt_mbx_psh)
    i.rt_mbx_send                            0x0000454c   Section        0  rt_mailbox.o(i.rt_mbx_send)
    i.rt_mbx_wait                            0x000045e4   Section        0  rt_mailbox.o(i.rt_mbx_wait)
    i.rt_ms2tick                             0x00004698   Section        0  rt_cmsis.o(i.rt_ms2tick)
    rt_ms2tick                               0x00004699   Thumb Code    58  rt_cmsis.o(i.rt_ms2tick)
    i.rt_mut_release                         0x000046dc   Section        0  rt_mutex.o(i.rt_mut_release)
    i.rt_mut_wait                            0x000047b4   Section        0  rt_mutex.o(i.rt_mut_wait)
    i.rt_pop_req                             0x0000482c   Section        0  rt_system.o(i.rt_pop_req)
    i.rt_psh_req                             0x000048a8   Section        0  rt_system.o(i.rt_psh_req)
    i.rt_psq_enq                             0x000048c8   Section        0  rt_list.o(i.rt_psq_enq)
    i.rt_put_dly                             0x00004924   Section        0  rt_list.o(i.rt_put_dly)
    i.rt_put_prio                            0x0000496c   Section        0  rt_list.o(i.rt_put_prio)
    i.rt_put_rdy_first                       0x000049a4   Section        0  rt_list.o(i.rt_put_rdy_first)
    i.rt_resort_prio                         0x000049b8   Section        0  rt_list.o(i.rt_resort_prio)
    i.rt_ret_val                             0x000049ec   Section        0  hal_cm.o(i.rt_ret_val)
    i.rt_ret_val2                            0x000049f2   Section        0  hal_cm.o(i.rt_ret_val2)
    i.rt_rmv_dly                             0x000049fa   Section        0  rt_list.o(i.rt_rmv_dly)
    i.rt_rmv_list                            0x00004a24   Section        0  rt_list.o(i.rt_rmv_list)
    i.rt_sem_psh                             0x00004a54   Section        0  rt_semaphore.o(i.rt_sem_psh)
    i.rt_stk_check                           0x00004a88   Section        0  rt_system.o(i.rt_stk_check)
    i.rt_switch_req                          0x00004aac   Section        0  rt_task.o(i.rt_switch_req)
    i.rt_sys_init                            0x00004ad4   Section        0  rt_task.o(i.rt_sys_init)
    i.rt_sys_start                           0x00004ba0   Section        0  rt_task.o(i.rt_sys_start)
    i.rt_systick                             0x00004c18   Section        0  rt_system.o(i.rt_systick)
    i.rt_tid2ptcb                            0x00004c58   Section        0  rt_cmsis.o(i.rt_tid2ptcb)
    rt_tid2ptcb                              0x00004c59   Thumb Code    18  rt_cmsis.o(i.rt_tid2ptcb)
    i.rt_timer_insert                        0x00004c6c   Section        0  rt_cmsis.o(i.rt_timer_insert)
    rt_timer_insert                          0x00004c6d   Thumb Code    48  rt_cmsis.o(i.rt_timer_insert)
    i.rt_tsk_create                          0x00004ca0   Section        0  rt_task.o(i.rt_tsk_create)
    i.rt_tsk_delete                          0x00004d28   Section        0  rt_task.o(i.rt_tsk_delete)
    i.rt_tsk_prio                            0x00004ea4   Section        0  rt_task.o(i.rt_tsk_prio)
    i.rt_tsk_self                            0x00004f20   Section        0  rt_task.o(i.rt_tsk_self)
    i.spi_tran                               0x00004f30   Section        0  glcd_mcb1700.o(i.spi_tran)
    spi_tran                                 0x00004f31   Thumb Code    40  glcd_mcb1700.o(i.spi_tran)
    i.spi_tran_man                           0x00004f5c   Section        0  glcd_mcb1700.o(i.spi_tran_man)
    spi_tran_man                             0x00004f5d   Thumb Code   132  glcd_mcb1700.o(i.spi_tran_man)
    i.svcDelay                               0x00004fe4   Section        0  rt_cmsis.o(i.svcDelay)
    i.svcKernelInitialize                    0x00004ff8   Section        0  rt_cmsis.o(i.svcKernelInitialize)
    i.svcKernelStart                         0x00005068   Section        0  rt_cmsis.o(i.svcKernelStart)
    i.svcMessageCreate                       0x000050b0   Section        0  rt_cmsis.o(i.svcMessageCreate)
    i.svcMessageGet                          0x000050d4   Section        0  rt_cmsis.o(i.svcMessageGet)
    i.svcMessagePut                          0x0000510e   Section        0  rt_cmsis.o(i.svcMessagePut)
    i.svcThreadCreate                        0x00005144   Section        0  rt_cmsis.o(i.svcThreadCreate)
    i.svcThreadGetId                         0x000051b0   Section        0  rt_cmsis.o(i.svcThreadGetId)
    i.svcThreadTerminate                     0x000051cc   Section        0  rt_cmsis.o(i.svcThreadTerminate)
    i.svcTimerCall                           0x00005204   Section        0  rt_cmsis.o(i.svcTimerCall)
    i.sysTimerTick                           0x0000521c   Section        0  rt_cmsis.o(i.sysTimerTick)
    i.wr_cmd                                 0x00005278   Section        0  glcd_mcb1700.o(i.wr_cmd)
    wr_cmd                                   0x00005279   Thumb Code    70  glcd_mcb1700.o(i.wr_cmd)
    i.wr_dat_only                            0x000052c4   Section        0  glcd_mcb1700.o(i.wr_dat_only)
    wr_dat_only                              0x000052c5   Thumb Code    46  glcd_mcb1700.o(i.wr_dat_only)
    i.wr_dat_start                           0x000052f8   Section        0  glcd_mcb1700.o(i.wr_dat_start)
    wr_dat_start                             0x000052f9   Thumb Code    20  glcd_mcb1700.o(i.wr_dat_start)
    i.wr_dat_stop                            0x00005310   Section        0  glcd_mcb1700.o(i.wr_dat_stop)
    wr_dat_stop                              0x00005311   Thumb Code    14  glcd_mcb1700.o(i.wr_dat_stop)
    i.wr_reg                                 0x00005324   Section        0  glcd_mcb1700.o(i.wr_reg)
    wr_reg                                   0x00005325   Thumb Code   140  glcd_mcb1700.o(i.wr_reg)
    .constdata                               0x000053b4   Section       56  main.o(.constdata)
    .constdata                               0x000053ec   Section     6304  glcd_fonts.o(.constdata)
    Font_6x8_h                               0x000053ec   Data         896  glcd_fonts.o(.constdata)
    Font_16x24_h                             0x0000576c   Data        5376  glcd_fonts.o(.constdata)
    .constdata                               0x00006c8c   Section        8  glcd_mcb1700.o(.constdata)
    spi1_pins                                0x00006c8c   Data           8  glcd_mcb1700.o(.constdata)
    .constdata                               0x00006c94   Section      104  rtx_conf_cm.o(.constdata)
    __tagsym$$used                           0x00006cb0   Number         0  rtx_conf_cm.o(.constdata)
    __tagsym$$used                           0x00006cb4   Number         0  rtx_conf_cm.o(.constdata)
    __tagsym$$used                           0x00006cb8   Number         0  rtx_conf_cm.o(.constdata)
    __tagsym$$used                           0x00006cbc   Number         0  rtx_conf_cm.o(.constdata)
    .constdata                               0x00006cfc   Section      116  spi_lpc17xx.o(.constdata)
    DriverVersion                            0x00006cfc   Data           4  spi_lpc17xx.o(.constdata)
    DriverCapabilities                       0x00006d00   Data           4  spi_lpc17xx.o(.constdata)
    SPI_pin_sck                              0x00006d04   Data           2  spi_lpc17xx.o(.constdata)
    SPI_pin_miso                             0x00006d06   Data           2  spi_lpc17xx.o(.constdata)
    SPI_pin_mosi                             0x00006d08   Data           2  spi_lpc17xx.o(.constdata)
    SPI_pin_ssel                             0x00006d0a   Data           2  spi_lpc17xx.o(.constdata)
    SPI_Resources                            0x00006d0c   Data          56  spi_lpc17xx.o(.constdata)
    .constdata                               0x00006d70   Section      132  ssp_lpc17xx.o(.constdata)
    DriverVersion                            0x00006d70   Data           4  ssp_lpc17xx.o(.constdata)
    DriverCapabilities                       0x00006d74   Data           4  ssp_lpc17xx.o(.constdata)
    SSP1_pin_sck                             0x00006d78   Data           2  ssp_lpc17xx.o(.constdata)
    SSP1_pin_miso                            0x00006d7a   Data           2  ssp_lpc17xx.o(.constdata)
    SSP1_pin_mosi                            0x00006d7c   Data           2  ssp_lpc17xx.o(.constdata)
    SSP1_pin_ssel                            0x00006d7e   Data           2  ssp_lpc17xx.o(.constdata)
    SSP1_Resources                           0x00006d80   Data          72  ssp_lpc17xx.o(.constdata)
    .constdata                               0x00006df4   Section       17  __printf_flags_wp.o(.constdata)
    maptable                                 0x00006df4   Data          17  __printf_flags_wp.o(.constdata)
    .bss                                     0x10000000   Section    15840  rtx_conf_cm.o(.bss)
    std_libspace                             0x10003880   Data        1248  rtx_conf_cm.o(.bss)
    std_libmutex                             0x10003d60   Data         128  rtx_conf_cm.o(.bss)
    .data                                    0x2007c000   Section       16  main.o(.data)
    localized_h                              0x2007c00d   Data           1  main.o(.data)
    localized_m                              0x2007c00e   Data           1  main.o(.data)
    localized_s                              0x2007c00f   Data           1  main.o(.data)
    .data                                    0x2007c010   Section        9  glcd_mcb1700.o(.data)
    foreground_color                         0x2007c010   Data           2  glcd_mcb1700.o(.data)
    background_color                         0x2007c012   Data           2  glcd_mcb1700.o(.data)
    active_font                              0x2007c014   Data           4  glcd_mcb1700.o(.data)
    Himax                                    0x2007c018   Data           1  glcd_mcb1700.o(.data)
    .data                                    0x2007c01c   Section       20  rtx_conf_cm.o(.data)
    nr_mutex                                 0x2007c02c   Data           4  rtx_conf_cm.o(.data)
    .data                                    0x2007c030   Section        4  spi_lpc17xx.o(.data)
    spi                                      0x2007c030   Data           4  spi_lpc17xx.o(.data)
    .data                                    0x2007c034   Section        8  ssp_lpc17xx.o(.data)
    dummy_data                               0x2007c034   Data           4  ssp_lpc17xx.o(.data)
    dummy_data                               0x2007c038   Data           4  ssp_lpc17xx.o(.data)
    .data                                    0x2007c03c   Section        8  gpdma_lpc17xx.o(.data)
    Channel_active                           0x2007c03c   Data           4  gpdma_lpc17xx.o(.data)
    Init_cnt                                 0x2007c040   Data           4  gpdma_lpc17xx.o(.data)
    .data                                    0x2007c044   Section        4  system_lpc17xx.o(.data)
    .data                                    0x2007c048   Section        8  rt_cmsis.o(.data)
    .data                                    0x2007c050   Section        8  rt_task.o(.data)
    .data                                    0x2007c058   Section        8  rt_system.o(.data)
    os_lock                                  0x2007c058   Data           1  rt_system.o(.data)
    os_psh_flag                              0x2007c059   Data           1  rt_system.o(.data)
    pend_flags                               0x2007c05a   Data           1  rt_system.o(.data)
    .data                                    0x2007c060   Section        4  rt_time.o(.data)
    .data                                    0x2007c064   Section        8  rt_robin.o(.data)
    .data                                    0x2007c06c   Section        1  hal_cm.o(.data)
    .bss                                     0x2007c070   Section       80  main.o(.bss)
    .bss                                     0x2007c0c0   Section       44  spi_lpc17xx.o(.bss)
    SPI_Info                                 0x2007c0c0   Data          16  spi_lpc17xx.o(.bss)
    SPI_Xfer                                 0x2007c0d0   Data          28  spi_lpc17xx.o(.bss)
    .bss                                     0x2007c0ec   Section       44  ssp_lpc17xx.o(.bss)
    SSP1_Info                                0x2007c0ec   Data          16  ssp_lpc17xx.o(.bss)
    SSP1_Xfer                                0x2007c0fc   Data          28  ssp_lpc17xx.o(.bss)
    .bss                                     0x2007c118   Section      160  gpdma_lpc17xx.o(.bss)
    Channel_info                             0x2007c118   Data         160  gpdma_lpc17xx.o(.bss)
    .bss                                     0x2007c1b8   Section       52  rt_task.o(.bss)
    .bss                                     0x2007c1ec   Section       48  rt_list.o(.bss)
    .bss                                     0x2007c21c   Section       96  libspace.o(.bss)
    HEAP                                     0x2007c280   Section        0  startup_lpc17xx.o(HEAP)
    STACK                                    0x2007c280   Section      512  startup_lpc17xx.o(STACK)
    Heap_Mem                                 0x2007c280   Data           0  startup_lpc17xx.o(HEAP)
    Stack_Mem                                0x2007c280   Data         512  startup_lpc17xx.o(STACK)
    __initial_sp                             0x2007c480   Data           0  startup_lpc17xx.o(STACK)

    Global Symbols

    Symbol Name                              Value     Ov Type        Size  Object(Section)

    BuildAttributes$$THM_ISAv4$P$D$K$B$S$PE$A:L22UL41UL21$X:L11$S22US41US21$IEEE1$IW$~IW$USESV6$~STKCKD$USESV7$~SHL$OSPACE$ROPI$EBA8$UX$STANDARDLIB$REQ8$PRES8$EABIv2 0x00000000   Number         0  anon$$obj.o ABSOLUTE
    __ARM_use_no_argv                        0x00000000   Number         0  main.o ABSOLUTE
    __Vectors                                0x00000000   Data           4  startup_lpc17xx.o(RESET)
    _printf_flags                            0x00000000   Number         0  printf_stubs.o ABSOLUTE
    _printf_return_value                     0x00000000   Number         0  printf_stubs.o ABSOLUTE
    _printf_sizespec                         0x00000000   Number         0  printf_stubs.o ABSOLUTE
    _printf_widthprec                        0x00000000   Number         0  printf_stubs.o ABSOLUTE
    __ARM_exceptions_init                     - Undefined Weak Reference
    __alloca_initialize                       - Undefined Weak Reference
    __arm_preinit_                            - Undefined Weak Reference
    __cpp_initialize__aeabi_                  - Undefined Weak Reference
    __cxa_finalize                            - Undefined Weak Reference
    __rt_locale                               - Undefined Weak Reference
    __sigvec_lookup                           - Undefined Weak Reference
    _atexit_init                              - Undefined Weak Reference
    _call_atexit_fns                          - Undefined Weak Reference
    _clock_init                               - Undefined Weak Reference
    _fp_trap_init                             - Undefined Weak Reference
    _fp_trap_shutdown                         - Undefined Weak Reference
    _get_lc_collate                           - Undefined Weak Reference
    _get_lc_ctype                             - Undefined Weak Reference
    _get_lc_monetary                          - Undefined Weak Reference
    _get_lc_numeric                           - Undefined Weak Reference
    _get_lc_time                              - Undefined Weak Reference
    _getenv_init                              - Undefined Weak Reference
    _handle_redirection                       - Undefined Weak Reference
    _init_alloc                               - Undefined Weak Reference
    _init_user_alloc                          - Undefined Weak Reference
    _initio                                   - Undefined Weak Reference
    _printf_truncate_signed                   - Undefined Weak Reference
    _printf_truncate_unsigned                 - Undefined Weak Reference
    _rand_init                                - Undefined Weak Reference
    _signal_finish                            - Undefined Weak Reference
    _signal_init                              - Undefined Weak Reference
    _terminate_alloc                          - Undefined Weak Reference
    _terminate_user_alloc                     - Undefined Weak Reference
    _terminateio                              - Undefined Weak Reference
    __main                                   0x000000cd   Thumb Code     8  __main.o(!!!main)
    __scatterload                            0x000000d5   Thumb Code     0  __scatter.o(!!!scatter)
    __scatterload_rt2                        0x000000d5   Thumb Code    44  __scatter.o(!!!scatter)
    __scatterload_rt2_thumb_only             0x000000d5   Thumb Code     0  __scatter.o(!!!scatter)
    __scatterload_null                       0x000000e3   Thumb Code     0  __scatter.o(!!!scatter)
    __scatterload_copy                       0x00000109   Thumb Code    26  __scatter_copy.o(!!handler_copy)
    __scatterload_zeroinit                   0x00000125   Thumb Code    28  __scatter_zi.o(!!handler_zi)
    _printf_percent                          0x00000141   Thumb Code     0  _printf_percent.o(.ARM.Collect$$_printf_percent$$00000000)
    _printf_u                                0x00000141   Thumb Code     0  _printf_u.o(.ARM.Collect$$_printf_percent$$0000000A)
    _printf_percent_end                      0x00000147   Thumb Code     0  _printf_percent_end.o(.ARM.Collect$$_printf_percent$$00000017)
    __rt_lib_init                            0x0000014b   Thumb Code     0  libinit.o(.ARM.Collect$$libinit$$00000000)
    __rt_lib_init_alloca_1                   0x0000014d   Thumb Code     0  libinit2.o(.ARM.Collect$$libinit$$0000002E)
    __rt_lib_init_argv_1                     0x0000014d   Thumb Code     0  libinit2.o(.ARM.Collect$$libinit$$0000002C)
    __rt_lib_init_atexit_1                   0x0000014d   Thumb Code     0  libinit2.o(.ARM.Collect$$libinit$$0000001B)
    __rt_lib_init_clock_1                    0x0000014d   Thumb Code     0  libinit2.o(.ARM.Collect$$libinit$$00000021)
    __rt_lib_init_cpp_1                      0x0000014d   Thumb Code     0  libinit2.o(.ARM.Collect$$libinit$$00000032)
    __rt_lib_init_exceptions_1               0x0000014d   Thumb Code     0  libinit2.o(.ARM.Collect$$libinit$$00000030)
    __rt_lib_init_fp_1                       0x0000014d   Thumb Code     0  libinit2.o(.ARM.Collect$$libinit$$00000002)
    __rt_lib_init_fp_trap_1                  0x0000014d   Thumb Code     0  libinit2.o(.ARM.Collect$$libinit$$0000001F)
    __rt_lib_init_getenv_1                   0x0000014d   Thumb Code     0  libinit2.o(.ARM.Collect$$libinit$$00000023)
    __rt_lib_init_heap_1                     0x0000014d   Thumb Code     0  libinit2.o(.ARM.Collect$$libinit$$0000000A)
    __rt_lib_init_lc_collate_1               0x0000014d   Thumb Code     0  libinit2.o(.ARM.Collect$$libinit$$00000011)
    __rt_lib_init_lc_ctype_1                 0x0000014d   Thumb Code     0  libinit2.o(.ARM.Collect$$libinit$$00000013)
    __rt_lib_init_lc_monetary_1              0x0000014d   Thumb Code     0  libinit2.o(.ARM.Collect$$libinit$$00000015)
    __rt_lib_init_lc_numeric_1               0x0000014d   Thumb Code     0  libinit2.o(.ARM.Collect$$libinit$$00000017)
    __rt_lib_init_lc_time_1                  0x0000014d   Thumb Code     0  libinit2.o(.ARM.Collect$$libinit$$00000019)
    __rt_lib_init_preinit_1                  0x0000014d   Thumb Code     0  libinit2.o(.ARM.Collect$$libinit$$00000004)
    __rt_lib_init_rand_1                     0x0000014d   Thumb Code     0  libinit2.o(.ARM.Collect$$libinit$$0000000E)
    __rt_lib_init_return                     0x0000014d   Thumb Code     0  libinit2.o(.ARM.Collect$$libinit$$00000033)
    __rt_lib_init_signal_1                   0x0000014d   Thumb Code     0  libinit2.o(.ARM.Collect$$libinit$$0000001D)
    __rt_lib_init_stdio_1                    0x0000014d   Thumb Code     0  libinit2.o(.ARM.Collect$$libinit$$00000025)
    __rt_lib_init_user_alloc_1               0x0000014d   Thumb Code     0  libinit2.o(.ARM.Collect$$libinit$$0000000C)
    __rt_lib_shutdown                        0x0000014f   Thumb Code     0  libshutdown.o(.ARM.Collect$$libshutdown$$00000000)
    __rt_lib_shutdown_cpp_1                  0x00000151   Thumb Code     0  libshutdown2.o(.ARM.Collect$$libshutdown$$00000002)
    __rt_lib_shutdown_fp_trap_1              0x00000151   Thumb Code     0  libshutdown2.o(.ARM.Collect$$libshutdown$$00000007)
    __rt_lib_shutdown_heap_1                 0x00000151   Thumb Code     0  libshutdown2.o(.ARM.Collect$$libshutdown$$0000000F)
    __rt_lib_shutdown_return                 0x00000151   Thumb Code     0  libshutdown2.o(.ARM.Collect$$libshutdown$$00000010)
    __rt_lib_shutdown_signal_1               0x00000151   Thumb Code     0  libshutdown2.o(.ARM.Collect$$libshutdown$$0000000A)
    __rt_lib_shutdown_stdio_1                0x00000151   Thumb Code     0  libshutdown2.o(.ARM.Collect$$libshutdown$$00000004)
    __rt_lib_shutdown_user_alloc_1           0x00000151   Thumb Code     0  libshutdown2.o(.ARM.Collect$$libshutdown$$0000000C)
    __rt_entry                               0x00000153   Thumb Code     0  __rtentry.o(.ARM.Collect$$rtentry$$00000000)
    __rt_entry_presh_1                       0x00000153   Thumb Code     0  __rtentry2.o(.ARM.Collect$$rtentry$$00000002)
    __rt_entry_sh                            0x00000153   Thumb Code     0  __rtentry4.o(.ARM.Collect$$rtentry$$00000004)
    __rt_entry_li                            0x00000159   Thumb Code     0  __rtentry2.o(.ARM.Collect$$rtentry$$0000000A)
    __rt_entry_postsh_1                      0x00000159   Thumb Code     0  __rtentry2.o(.ARM.Collect$$rtentry$$00000009)
    __rt_entry_postli_1                      0x0000015d   Thumb Code     0  __rtentry2.o(.ARM.Collect$$rtentry$$0000000B)
    __rt_entry_main                          0x00000165   Thumb Code     0  __rtentry2.o(.ARM.Collect$$rtentry$$0000000D)
    __rt_exit                                0x0000016d   Thumb Code     0  rtexit.o(.ARM.Collect$$rtexit$$00000000)
    __rt_exit_ls                             0x0000016f   Thumb Code     0  rtexit2.o(.ARM.Collect$$rtexit$$00000003)
    __rt_exit_prels_1                        0x0000016f   Thumb Code     0  rtexit2.o(.ARM.Collect$$rtexit$$00000002)
    __rt_exit_exit                           0x00000173   Thumb Code     0  rtexit2.o(.ARM.Collect$$rtexit$$00000004)
    _platform_post_lib_init                  0x00000179   Thumb Code    24  rtx_conf_cm.o(.emb_text)
    rt_set_PSP                               0x00000195   Thumb Code     6  hal_cm3.o(.emb_text)
    rt_get_PSP                               0x0000019b   Thumb Code     6  hal_cm3.o(.emb_text)
    os_set_env                               0x000001a1   Thumb Code    24  hal_cm3.o(.emb_text)
    _alloc_box                               0x000001bd   Thumb Code    28  hal_cm3.o(.emb_text)
    _free_box                                0x000001dd   Thumb Code    28  hal_cm3.o(.emb_text)
    SVC_Handler                              0x000001fd   Thumb Code   108  hal_cm3.o(.emb_text)
    PendSV_Handler                           0x00000275   Thumb Code    56  hal_cm3.o(.emb_text)
    SysTick_Handler                          0x000002b1   Thumb Code     8  hal_cm3.o(.emb_text)
    OS_Tick_Handler                          0x000002b9   Thumb Code    12  hal_cm3.o(.emb_text)
    __user_libspace                          0x000002c5   Thumb Code     8  libspace.o(.text)
    __user_perproc_libspace                  0x000002c5   Thumb Code     0  libspace.o(.text)
    __2sprintf                               0x000002cd   Thumb Code    34  noretval__2sprintf.o(.text)
    __use_two_region_memory                  0x000002f5   Thumb Code     2  heapauxi.o(.text)
    __rt_heap_escrow$2region                 0x000002f7   Thumb Code     2  heapauxi.o(.text)
    __rt_heap_expand$2region                 0x000002f9   Thumb Code     2  heapauxi.o(.text)
    __I$use$semihosting                      0x000002fb   Thumb Code     0  use_no_semi.o(.text)
    __use_no_semihosting_swi                 0x000002fb   Thumb Code     2  use_no_semi.o(.text)
    Reset_Handler                            0x00000301   Thumb Code     8  startup_lpc17xx.o(.text)
    NMI_Handler                              0x00000309   Thumb Code     2  startup_lpc17xx.o(.text)
    HardFault_Handler                        0x0000030b   Thumb Code     2  startup_lpc17xx.o(.text)
    MemManage_Handler                        0x0000030d   Thumb Code     2  startup_lpc17xx.o(.text)
    BusFault_Handler                         0x0000030f   Thumb Code     2  startup_lpc17xx.o(.text)
    UsageFault_Handler                       0x00000311   Thumb Code     2  startup_lpc17xx.o(.text)
    DebugMon_Handler                         0x00000315   Thumb Code     2  startup_lpc17xx.o(.text)
    ADC_IRQHandler                           0x0000031b   Thumb Code     0  startup_lpc17xx.o(.text)
    BOD_IRQHandler                           0x0000031b   Thumb Code     0  startup_lpc17xx.o(.text)
    CANActivity_IRQHandler                   0x0000031b   Thumb Code     0  startup_lpc17xx.o(.text)
    EINT0_IRQHandler                         0x0000031b   Thumb Code     0  startup_lpc17xx.o(.text)
    EINT1_IRQHandler                         0x0000031b   Thumb Code     0  startup_lpc17xx.o(.text)
    EINT2_IRQHandler                         0x0000031b   Thumb Code     0  startup_lpc17xx.o(.text)
    EINT3_IRQHandler                         0x0000031b   Thumb Code     0  startup_lpc17xx.o(.text)
    ENET_IRQHandler                          0x0000031b   Thumb Code     0  startup_lpc17xx.o(.text)
    I2C0_IRQHandler                          0x0000031b   Thumb Code     0  startup_lpc17xx.o(.text)
    I2C1_IRQHandler                          0x0000031b   Thumb Code     0  startup_lpc17xx.o(.text)
    I2C2_IRQHandler                          0x0000031b   Thumb Code     0  startup_lpc17xx.o(.text)
    I2S_IRQHandler                           0x0000031b   Thumb Code     0  startup_lpc17xx.o(.text)
    MCPWM_IRQHandler                         0x0000031b   Thumb Code     0  startup_lpc17xx.o(.text)
    PLL0_IRQHandler                          0x0000031b   Thumb Code     0  startup_lpc17xx.o(.text)
    PLL1_IRQHandler                          0x0000031b   Thumb Code     0  startup_lpc17xx.o(.text)
    PWM1_IRQHandler                          0x0000031b   Thumb Code     0  startup_lpc17xx.o(.text)
    QEI_IRQHandler                           0x0000031b   Thumb Code     0  startup_lpc17xx.o(.text)
    RIT_IRQHandler                           0x0000031b   Thumb Code     0  startup_lpc17xx.o(.text)
    RTC_IRQHandler                           0x0000031b   Thumb Code     0  startup_lpc17xx.o(.text)
    SSP0_IRQHandler                          0x0000031b   Thumb Code     0  startup_lpc17xx.o(.text)
    TIMER0_IRQHandler                        0x0000031b   Thumb Code     0  startup_lpc17xx.o(.text)
    TIMER1_IRQHandler                        0x0000031b   Thumb Code     0  startup_lpc17xx.o(.text)
    TIMER2_IRQHandler                        0x0000031b   Thumb Code     0  startup_lpc17xx.o(.text)
    TIMER3_IRQHandler                        0x0000031b   Thumb Code     0  startup_lpc17xx.o(.text)
    UART0_IRQHandler                         0x0000031b   Thumb Code     0  startup_lpc17xx.o(.text)
    UART1_IRQHandler                         0x0000031b   Thumb Code     0  startup_lpc17xx.o(.text)
    UART2_IRQHandler                         0x0000031b   Thumb Code     0  startup_lpc17xx.o(.text)
    UART3_IRQHandler                         0x0000031b   Thumb Code     0  startup_lpc17xx.o(.text)
    USBActivity_IRQHandler                   0x0000031b   Thumb Code     0  startup_lpc17xx.o(.text)
    USB_IRQHandler                           0x0000031b   Thumb Code     0  startup_lpc17xx.o(.text)
    WDT_IRQHandler                           0x0000031b   Thumb Code     0  startup_lpc17xx.o(.text)
    __user_initial_stackheap                 0x0000031d   Thumb Code     0  startup_lpc17xx.o(.text)
    _printf_pre_padding                      0x0000033d   Thumb Code    44  _printf_pad.o(.text)
    _printf_post_padding                     0x00000369   Thumb Code    34  _printf_pad.o(.text)
    _printf_int_dec                          0x0000038d   Thumb Code   104  _printf_dec.o(.text)
    __printf                                 0x00000405   Thumb Code   308  __printf_flags_wp.o(.text)
    __RL_RTX_VER                             0x00000482   Number         0  rt_system.o ABSOLUTE
    exit                                     0x0000053d   Thumb Code    18  exit.o(.text)
    __aeabi_memclr4                          0x0000054f   Thumb Code     0  rt_memclr_w.o(.text)
    __aeabi_memclr8                          0x0000054f   Thumb Code     0  rt_memclr_w.o(.text)
    __rt_memclr_w                            0x0000054f   Thumb Code    78  rt_memclr_w.o(.text)
    _memset_w                                0x00000553   Thumb Code     0  rt_memclr_w.o(.text)
    _printf_int_common                       0x0000059d   Thumb Code   178  _printf_intcommon.o(.text)
    _printf_char_common                      0x0000065b   Thumb Code    32  _printf_char_common.o(.text)
    _sputc                                   0x00000681   Thumb Code    10  _sputc.o(.text)
    _sys_exit                                0x0000068d   Thumb Code     8  sys_exit.o(.text)
    __user_setup_stackheap                   0x00000699   Thumb Code    74  sys_stackheap_outer.o(.text)
    __semihosting_library_function           0x000006e3   Thumb Code     0  indicate_semi.o(.text)
    SVC_Count                                0x000006e4   Data           4  svc_table.o(SVC_TABLE)
    ADC_Init_Hardware                        0x000006e9   Thumb Code    46  adc_driver.o(i.ADC_Init_Hardware)
    SVC_Table                                0x000006e8   Data           0  svc_table.o(SVC_TABLE)
    ADC_Read_Knob                            0x00000729   Thumb Code    36  adc_driver.o(i.ADC_Read_Knob)
    CAN_IRQHandler                           0x00000751   Thumb Code   126  can_mcal.o(i.CAN_IRQHandler)
    CAN_Init                                 0x000007dd   Thumb Code   174  can_mcal.o(i.CAN_Init)
    CAN_Init_Interrupt                       0x000008a1   Thumb Code    60  can_mcal.o(i.CAN_Init_Interrupt)
    Can_Write                                0x000008e1   Thumb Code    64  can_mcal.o(i.Can_Write)
    Command_RxTask                           0x00000945   Thumb Code   138  main.o(i.Command_RxTask)
    DMA_IRQHandler                           0x000009f1   Thumb Code   372  gpdma_lpc17xx.o(i.DMA_IRQHandler)
    GLCD_ClearScreen                         0x00000b71   Thumb Code    54  glcd_mcb1700.o(i.GLCD_ClearScreen)
    GLCD_DrawChar                            0x00000bad   Thumb Code   194  glcd_mcb1700.o(i.GLCD_DrawChar)
    GLCD_DrawString                          0x00000c7d   Thumb Code    38  glcd_mcb1700.o(i.GLCD_DrawString)
    GLCD_Initialize                          0x00000ca9   Thumb Code  1534  glcd_mcb1700.o(i.GLCD_Initialize)
    GLCD_SetBackgroundColor                  0x000012a9   Thumb Code    10  glcd_mcb1700.o(i.GLCD_SetBackgroundColor)
    GLCD_SetFont                             0x000012b9   Thumb Code    10  glcd_mcb1700.o(i.GLCD_SetFont)
    GLCD_SetForegroundColor                  0x000012c9   Thumb Code    10  glcd_mcb1700.o(i.GLCD_SetForegroundColor)
    GPDMA_ChannelConfigure                   0x00001379   Thumb Code   232  gpdma_lpc17xx.o(i.GPDMA_ChannelConfigure)
    GPDMA_ChannelDisable                     0x0000146d   Thumb Code    44  gpdma_lpc17xx.o(i.GPDMA_ChannelDisable)
    GPDMA_ChannelGetCount                    0x0000149d   Thumb Code    38  gpdma_lpc17xx.o(i.GPDMA_ChannelGetCount)
    GPDMA_Initialize                         0x000014cd   Thumb Code   154  gpdma_lpc17xx.o(i.GPDMA_Initialize)
    GPDMA_PeripheralSelect                   0x0000157d   Thumb Code    62  gpdma_lpc17xx.o(i.GPDMA_PeripheralSelect)
    GPDMA_Uninitialize                       0x000015c1   Thumb Code   116  gpdma_lpc17xx.o(i.GPDMA_Uninitialize)
    GPIO_PinRead                             0x00001641   Thumb Code    28  gpio_lpc17xx.o(i.GPIO_PinRead)
    GPIO_PinWrite                            0x00001661   Thumb Code    36  gpio_lpc17xx.o(i.GPIO_PinWrite)
    GPIO_PortClock                           0x00001689   Thumb Code    38  gpio_lpc17xx.o(i.GPIO_PortClock)
    GPIO_SetDir                              0x000016b5   Thumb Code    52  gpio_lpc17xx.o(i.GPIO_SetDir)
    PIN_Configure                            0x00001781   Thumb Code   246  pin_lpc17xx.o(i.PIN_Configure)
    SPI_IRQHandler                           0x00001f09   Thumb Code   516  spi_lpc17xx.o(i.SPI_IRQHandler)
    SSP1_GPDMA_Rx_SignalEvent                0x00002761   Thumb Code    14  ssp_lpc17xx.o(i.SSP1_GPDMA_Rx_SignalEvent)
    SSP1_GPDMA_Tx_SignalEvent                0x00002775   Thumb Code    14  ssp_lpc17xx.o(i.SSP1_GPDMA_Tx_SignalEvent)
    SSP1_IRQHandler                          0x000027a9   Thumb Code    10  ssp_lpc17xx.o(i.SSP1_IRQHandler)
    SSPx_GPDMA_Rx_SignalEvent                0x00002d77   Thumb Code    54  ssp_lpc17xx.o(i.SSPx_GPDMA_Rx_SignalEvent)
    SSPx_GPDMA_Tx_SignalEvent                0x00002dad   Thumb Code    28  ssp_lpc17xx.o(i.SSPx_GPDMA_Tx_SignalEvent)
    Sensor_TxTask                            0x00003649   Thumb Code   710  main.o(i.Sensor_TxTask)
    Set_All_LEDs                             0x000039b9   Thumb Code    86  main.o(i.Set_All_LEDs)
    SystemInit                               0x00003a55   Thumb Code   302  system_lpc17xx.o(i.SystemInit)
    Update_Kit1_Hardware_LEDs                0x00003b95   Thumb Code    50  main.o(i.Update_Kit1_Hardware_LEDs)
    _init_box                                0x00003c21   Thumb Code    70  rt_membox.o(i._init_box)
    _is_digit                                0x00003c67   Thumb Code    14  __printf_wp.o(i._is_digit)
    _mutex_acquire                           0x00003c75   Thumb Code    22  rtx_conf_cm.o(i._mutex_acquire)
    _mutex_release                           0x00003c95   Thumb Code    18  rtx_conf_cm.o(i._mutex_release)
    dbg_init                                 0x00003cb1   Thumb Code    34  hal_cm.o(i.dbg_init)
    dbg_task_notify                          0x00003ce1   Thumb Code    32  hal_cm.o(i.dbg_task_notify)
    dbg_task_switch                          0x00003d01   Thumb Code    16  hal_cm.o(i.dbg_task_switch)
    isrMessageGet                            0x00003d41   Thumb Code    42  rt_cmsis.o(i.isrMessageGet)
    isrMessagePut                            0x00003d6b   Thumb Code    44  rt_cmsis.o(i.isrMessagePut)
    isr_mbx_receive                          0x00003d99   Thumb Code    86  rt_mailbox.o(i.isr_mbx_receive)
    isr_mbx_send                             0x00003def   Thumb Code    14  rt_mailbox.o(i.isr_mbx_send)
    main                                     0x00003dfd   Thumb Code    44  main.o(i.main)
    osDelay                                  0x00003e39   Thumb Code    18  rt_cmsis.o(i.osDelay)
    osKernelInitialize                       0x00003e51   Thumb Code    30  rt_cmsis.o(i.osKernelInitialize)
    osKernelStart                            0x00003e75   Thumb Code    98  rt_cmsis.o(i.osKernelStart)
    osMessageCreate                          0x00003ee1   Thumb Code    36  rt_cmsis.o(i.osMessageCreate)
    osMessageGet                             0x00003f0d   Thumb Code    18  rt_cmsis.o(i.osMessageGet)
    osMessagePut                             0x00003f25   Thumb Code    18  rt_cmsis.o(i.osMessagePut)
    osThreadCreate                           0x00003f3d   Thumb Code    36  rt_cmsis.o(i.osThreadCreate)
    osThreadExit                             0x00003f69   Thumb Code    14  rt_cmsis.o(i.osThreadExit)
    osTimerCall                              0x00003f81   Thumb Code     8  rt_cmsis.o(i.osTimerCall)
    osTimerThread                            0x00003f8d   Thumb Code    38  rt_cmsis.o(i.osTimerThread)
    os_error                                 0x00003fb9   Thumb Code    34  rtx_conf_cm.o(i.os_error)
    os_idle_demon                            0x00003fdb   Thumb Code     4  rtx_conf_cm.o(i.os_idle_demon)
    os_tick_init                             0x00003fe1   Thumb Code    32  rt_system.o(i.os_tick_init)
    os_tick_irqack                           0x00004009   Thumb Code     2  rt_system.o(i.os_tick_irqack)
    rt_alloc_box                             0x000040d5   Thumb Code    26  rt_membox.o(i.rt_alloc_box)
    rt_alloc_mem                             0x000040ef   Thumb Code    62  rt_memory.o(i.rt_alloc_mem)
    rt_block                                 0x0000412d   Thumb Code    48  rt_task.o(i.rt_block)
    rt_chk_robin                             0x00004165   Thumb Code    60  rt_robin.o(i.rt_chk_robin)
    rt_dec_dly                               0x000041ad   Thumb Code   102  rt_list.o(i.rt_dec_dly)
    rt_dispatch                              0x0000421d   Thumb Code    60  rt_task.o(i.rt_dispatch)
    rt_dly_wait                              0x00004261   Thumb Code     6  rt_time.o(i.rt_dly_wait)
    rt_evt_psh                               0x00004269   Thumb Code    76  rt_event.o(i.rt_evt_psh)
    rt_free_box                              0x000042b9   Thumb Code    44  rt_membox.o(i.rt_free_box)
    rt_free_mem                              0x000042e5   Thumb Code    40  rt_memory.o(i.rt_free_mem)
    rt_get_first                             0x0000430d   Thumb Code    40  rt_list.o(i.rt_get_first)
    rt_init_mem                              0x00004385   Thumb Code    26  rt_memory.o(i.rt_init_mem)
    rt_init_robin                            0x000043a1   Thumb Code    14  rt_robin.o(i.rt_init_robin)
    rt_init_stack                            0x000043b9   Thumb Code   118  hal_cm.o(i.rt_init_stack)
    rt_mbx_check                             0x00004439   Thumb Code     8  rt_mailbox.o(i.rt_mbx_check)
    rt_mbx_init                              0x00004441   Thumb Code    26  rt_mailbox.o(i.rt_mbx_init)
    rt_mbx_psh                               0x0000445d   Thumb Code   236  rt_mailbox.o(i.rt_mbx_psh)
    rt_mbx_send                              0x0000454d   Thumb Code   148  rt_mailbox.o(i.rt_mbx_send)
    rt_mbx_wait                              0x000045e5   Thumb Code   174  rt_mailbox.o(i.rt_mbx_wait)
    rt_mut_release                           0x000046dd   Thumb Code   208  rt_mutex.o(i.rt_mut_release)
    rt_mut_wait                              0x000047b5   Thumb Code   114  rt_mutex.o(i.rt_mut_wait)
    rt_pop_req                               0x0000482d   Thumb Code   112  rt_system.o(i.rt_pop_req)
    rt_psh_req                               0x000048a9   Thumb Code    22  rt_system.o(i.rt_psh_req)
    rt_psq_enq                               0x000048c9   Thumb Code    88  rt_list.o(i.rt_psq_enq)
    rt_put_dly                               0x00004925   Thumb Code    68  rt_list.o(i.rt_put_dly)
    rt_put_prio                              0x0000496d   Thumb Code    54  rt_list.o(i.rt_put_prio)
    rt_put_rdy_first                         0x000049a5   Thumb Code    14  rt_list.o(i.rt_put_rdy_first)
    rt_resort_prio                           0x000049b9   Thumb Code    46  rt_list.o(i.rt_resort_prio)
    rt_ret_val                               0x000049ed   Thumb Code     6  hal_cm.o(i.rt_ret_val)
    rt_ret_val2                              0x000049f3   Thumb Code     8  hal_cm.o(i.rt_ret_val2)
    rt_rmv_dly                               0x000049fb   Thumb Code    40  rt_list.o(i.rt_rmv_dly)
    rt_rmv_list                              0x00004a25   Thumb Code    44  rt_list.o(i.rt_rmv_list)
    rt_sem_psh                               0x00004a55   Thumb Code    48  rt_semaphore.o(i.rt_sem_psh)
    rt_stk_check                             0x00004a89   Thumb Code    28  rt_system.o(i.rt_stk_check)
    rt_switch_req                            0x00004aad   Thumb Code    30  rt_task.o(i.rt_switch_req)
    rt_sys_init                              0x00004ad5   Thumb Code   138  rt_task.o(i.rt_sys_init)
    rt_sys_start                             0x00004ba1   Thumb Code   110  rt_task.o(i.rt_sys_start)
    rt_systick                               0x00004c19   Thumb Code    50  rt_system.o(i.rt_systick)
    rt_tsk_create                            0x00004ca1   Thumb Code   118  rt_task.o(i.rt_tsk_create)
    rt_tsk_delete                            0x00004d29   Thumb Code   352  rt_task.o(i.rt_tsk_delete)
    rt_tsk_prio                              0x00004ea5   Thumb Code   108  rt_task.o(i.rt_tsk_prio)
    rt_tsk_self                              0x00004f21   Thumb Code    12  rt_task.o(i.rt_tsk_self)
    svcDelay                                 0x00004fe5   Thumb Code    18  rt_cmsis.o(i.svcDelay)
    svcKernelInitialize                      0x00004ff9   Thumb Code    80  rt_cmsis.o(i.svcKernelInitialize)
    svcKernelStart                           0x00005069   Thumb Code    62  rt_cmsis.o(i.svcKernelStart)
    svcMessageCreate                         0x000050b1   Thumb Code    36  rt_cmsis.o(i.svcMessageCreate)
    svcMessageGet                            0x000050d5   Thumb Code    58  rt_cmsis.o(i.svcMessageGet)
    svcMessagePut                            0x0000510f   Thumb Code    54  rt_cmsis.o(i.svcMessagePut)
    svcThreadCreate                          0x00005145   Thumb Code    96  rt_cmsis.o(i.svcThreadCreate)
    svcThreadGetId                           0x000051b1   Thumb Code    22  rt_cmsis.o(i.svcThreadGetId)
    svcThreadTerminate                       0x000051cd   Thumb Code    50  rt_cmsis.o(i.svcThreadTerminate)
    svcTimerCall                             0x00005205   Thumb Code    24  rt_cmsis.o(i.svcTimerCall)
    sysTimerTick                             0x0000521d   Thumb Code    84  rt_cmsis.o(i.sysTimerTick)
    os_messageQ_def_can_queue                0x000053b4   Data           8  main.o(.constdata)
    os_thread_def_Sensor_TxTask              0x000053bc   Data          16  main.o(.constdata)
    os_thread_def_Command_RxTask             0x000053cc   Data          16  main.o(.constdata)
    PortMap                                  0x000053dc   Data           8  main.o(.constdata)
    PinMap                                   0x000053e4   Data           8  main.o(.constdata)
    GLCD_Font_6x8                            0x00006c6c   Data          16  glcd_fonts.o(.constdata)
    GLCD_Font_16x24                          0x00006c7c   Data          16  glcd_fonts.o(.constdata)
    os_maxtaskrun                            0x00006c94   Data           2  rtx_conf_cm.o(.constdata)
    os_stackinfo                             0x00006c98   Data           4  rtx_conf_cm.o(.constdata)
    os_rrobin                                0x00006c9c   Data           4  rtx_conf_cm.o(.constdata)
    os_tickfreq                              0x00006ca0   Data           4  rtx_conf_cm.o(.constdata)
    os_tickus_i                              0x00006ca4   Data           2  rtx_conf_cm.o(.constdata)
    os_tickus_f                              0x00006ca6   Data           2  rtx_conf_cm.o(.constdata)
    os_trv                                   0x00006ca8   Data           4  rtx_conf_cm.o(.constdata)
    os_flags                                 0x00006cac   Data           1  rtx_conf_cm.o(.constdata)
    CMSIS_RTOS_API_Version                   0x00006cb0   Data           4  rtx_conf_cm.o(.constdata)
    CMSIS_RTOS_RTX_Version                   0x00006cb4   Data           4  rtx_conf_cm.o(.constdata)
    os_clockrate                             0x00006cb8   Data           4  rtx_conf_cm.o(.constdata)
    os_timernum                              0x00006cbc   Data           4  rtx_conf_cm.o(.constdata)
    mp_tcb_size                              0x00006cc0   Data           2  rtx_conf_cm.o(.constdata)
    mp_stk_size                              0x00006cc4   Data           4  rtx_conf_cm.o(.constdata)
    os_stack_sz                              0x00006cc8   Data           4  rtx_conf_cm.o(.constdata)
    os_fifo_size                             0x00006ccc   Data           1  rtx_conf_cm.o(.constdata)
    os_thread_def_osTimerThread              0x00006cd0   Data          16  rtx_conf_cm.o(.constdata)
    os_messageQ_def_osTimerMessageQ          0x00006ce0   Data           8  rtx_conf_cm.o(.constdata)
    mp_tmr_size                              0x00006ce8   Data           2  rtx_conf_cm.o(.constdata)
    os_thread_def_main                       0x00006cec   Data          16  rtx_conf_cm.o(.constdata)
    Driver_SPI2                              0x00006d44   Data          44  spi_lpc17xx.o(.constdata)
    Driver_SPI1                              0x00006dc8   Data          44  ssp_lpc17xx.o(.constdata)
    Region$$Table$$Base                      0x00006e08   Number         0  anon$$obj.o(Region$$Table)
    Region$$Table$$Limit                     0x00006e38   Number         0  anon$$obj.o(Region$$Table)
    mp_tcb                                   0x10000000   Data         688  rtx_conf_cm.o(.bss)
    mp_stk                                   0x100002b0   Data       12304  rtx_conf_cm.o(.bss)
    os_stack_mem                             0x100032c0   Data        1256  rtx_conf_cm.o(.bss)
    os_fifo                                  0x100037a8   Data         132  rtx_conf_cm.o(.bss)
    os_active_TCB                            0x1000382c   Data          52  rtx_conf_cm.o(.bss)
    os_messageQ_q_osTimerMessageQ            0x10003860   Data          32  rtx_conf_cm.o(.bss)
    rx_sensor_control_mask                   0x2007c000   Data           1  main.o(.data)
    can_queue_id                             0x2007c004   Data           4  main.o(.data)
    kit1_s1_countdown                        0x2007c008   Data           4  main.o(.data)
    timer_mode_active                        0x2007c00c   Data           1  main.o(.data)
    osThreadId_osTimerThread                 0x2007c01c   Data           4  rtx_conf_cm.o(.data)
    osMessageQId_osTimerMessageQ             0x2007c020   Data           4  rtx_conf_cm.o(.data)
    os_tmr                                   0x2007c024   Data           4  rtx_conf_cm.o(.data)
    m_tmr                                    0x2007c028   Data           4  rtx_conf_cm.o(.data)
    SystemCoreClock                          0x2007c044   Data           4  system_lpc17xx.o(.data)
    os_initialized                           0x2007c048   Data           1  rt_cmsis.o(.data)
    os_running                               0x2007c049   Data           1  rt_cmsis.o(.data)
    os_timer_head                            0x2007c04c   Data           4  rt_cmsis.o(.data)
    os_tsk                                   0x2007c050   Data           8  rt_task.o(.data)
    os_tick_irqn                             0x2007c05c   Data           4  rt_system.o(.data)
    os_time                                  0x2007c060   Data           4  rt_time.o(.data)
    os_robin                                 0x2007c064   Data           8  rt_robin.o(.data)
    dbg_msg                                  0x2007c06c   Data           1  hal_cm.o(.data)
    os_messageQ_q_can_queue                  0x2007c070   Data          80  main.o(.bss)
    os_idle_TCB                              0x2007c1b8   Data          52  rt_task.o(.bss)
    os_rdy                                   0x2007c1ec   Data          24  rt_list.o(.bss)
    os_dly                                   0x2007c204   Data          24  rt_list.o(.bss)
    __libspace_start                         0x2007c21c   Data          96  libspace.o(.bss)
    __temporary_stack_top$libspace           0x2007c27c   Data           0  libspace.o(.bss)



==============================================================================

Memory Map of the image

  Image Entry point : 0x000000cd

  Load Region LR_IROM1 (Base: 0x00000000, Size: 0x00006ea8, Max: 0x00080000, ABSOLUTE)

    Execution Region ER_IROM1 (Exec base: 0x00000000, Load base: 0x00000000, Size: 0x00006e38, Max: 0x00080000, ABSOLUTE)

    Exec Addr    Load Addr    Size         Type   Attr      Idx    E Section Name        Object

    0x00000000   0x00000000   0x000000cc   Data   RO         1055    RESET               startup_lpc17xx.o
    0x000000cc   0x000000cc   0x00000008   Code   RO         2355  * !!!main             c_w.l(__main.o)
    0x000000d4   0x000000d4   0x00000034   Code   RO         2525    !!!scatter          c_w.l(__scatter.o)
    0x00000108   0x00000108   0x0000001a   Code   RO         2527    !!handler_copy      c_w.l(__scatter_copy.o)
    0x00000122   0x00000122   0x00000002   PAD
    0x00000124   0x00000124   0x0000001c   Code   RO         2529    !!handler_zi        c_w.l(__scatter_zi.o)
    0x00000140   0x00000140   0x00000000   Code   RO         2348    .ARM.Collect$$_printf_percent$$00000000  c_w.l(_printf_percent.o)
    0x00000140   0x00000140   0x00000006   Code   RO         2347    .ARM.Collect$$_printf_percent$$0000000A  c_w.l(_printf_u.o)
    0x00000146   0x00000146   0x00000004   Code   RO         2370    .ARM.Collect$$_printf_percent$$00000017  c_w.l(_printf_percent_end.o)
    0x0000014a   0x0000014a   0x00000002   Code   RO         2411    .ARM.Collect$$libinit$$00000000  c_w.l(libinit.o)
    0x0000014c   0x0000014c   0x00000000   Code   RO         2423    .ARM.Collect$$libinit$$00000002  c_w.l(libinit2.o)
    0x0000014c   0x0000014c   0x00000000   Code   RO         2425    .ARM.Collect$$libinit$$00000004  c_w.l(libinit2.o)
    0x0000014c   0x0000014c   0x00000000   Code   RO         2428    .ARM.Collect$$libinit$$0000000A  c_w.l(libinit2.o)
    0x0000014c   0x0000014c   0x00000000   Code   RO         2430    .ARM.Collect$$libinit$$0000000C  c_w.l(libinit2.o)
    0x0000014c   0x0000014c   0x00000000   Code   RO         2432    .ARM.Collect$$libinit$$0000000E  c_w.l(libinit2.o)
    0x0000014c   0x0000014c   0x00000000   Code   RO         2435    .ARM.Collect$$libinit$$00000011  c_w.l(libinit2.o)
    0x0000014c   0x0000014c   0x00000000   Code   RO         2437    .ARM.Collect$$libinit$$00000013  c_w.l(libinit2.o)
    0x0000014c   0x0000014c   0x00000000   Code   RO         2439    .ARM.Collect$$libinit$$00000015  c_w.l(libinit2.o)
    0x0000014c   0x0000014c   0x00000000   Code   RO         2441    .ARM.Collect$$libinit$$00000017  c_w.l(libinit2.o)
    0x0000014c   0x0000014c   0x00000000   Code   RO         2443    .ARM.Collect$$libinit$$00000019  c_w.l(libinit2.o)
    0x0000014c   0x0000014c   0x00000000   Code   RO         2445    .ARM.Collect$$libinit$$0000001B  c_w.l(libinit2.o)
    0x0000014c   0x0000014c   0x00000000   Code   RO         2447    .ARM.Collect$$libinit$$0000001D  c_w.l(libinit2.o)
    0x0000014c   0x0000014c   0x00000000   Code   RO         2449    .ARM.Collect$$libinit$$0000001F  c_w.l(libinit2.o)
    0x0000014c   0x0000014c   0x00000000   Code   RO         2451    .ARM.Collect$$libinit$$00000021  c_w.l(libinit2.o)
    0x0000014c   0x0000014c   0x00000000   Code   RO         2453    .ARM.Collect$$libinit$$00000023  c_w.l(libinit2.o)
    0x0000014c   0x0000014c   0x00000000   Code   RO         2455    .ARM.Collect$$libinit$$00000025  c_w.l(libinit2.o)
    0x0000014c   0x0000014c   0x00000000   Code   RO         2459    .ARM.Collect$$libinit$$0000002C  c_w.l(libinit2.o)
    0x0000014c   0x0000014c   0x00000000   Code   RO         2461    .ARM.Collect$$libinit$$0000002E  c_w.l(libinit2.o)
    0x0000014c   0x0000014c   0x00000000   Code   RO         2463    .ARM.Collect$$libinit$$00000030  c_w.l(libinit2.o)
    0x0000014c   0x0000014c   0x00000000   Code   RO         2465    .ARM.Collect$$libinit$$00000032  c_w.l(libinit2.o)
    0x0000014c   0x0000014c   0x00000002   Code   RO         2466    .ARM.Collect$$libinit$$00000033  c_w.l(libinit2.o)
    0x0000014e   0x0000014e   0x00000002   Code   RO         2412    .ARM.Collect$$libshutdown$$00000000  c_w.l(libshutdown.o)
    0x00000150   0x00000150   0x00000000   Code   RO         2468    .ARM.Collect$$libshutdown$$00000002  c_w.l(libshutdown2.o)
    0x00000150   0x00000150   0x00000000   Code   RO         2470    .ARM.Collect$$libshutdown$$00000004  c_w.l(libshutdown2.o)
    0x00000150   0x00000150   0x00000000   Code   RO         2473    .ARM.Collect$$libshutdown$$00000007  c_w.l(libshutdown2.o)
    0x00000150   0x00000150   0x00000000   Code   RO         2476    .ARM.Collect$$libshutdown$$0000000A  c_w.l(libshutdown2.o)
    0x00000150   0x00000150   0x00000000   Code   RO         2478    .ARM.Collect$$libshutdown$$0000000C  c_w.l(libshutdown2.o)
    0x00000150   0x00000150   0x00000000   Code   RO         2481    .ARM.Collect$$libshutdown$$0000000F  c_w.l(libshutdown2.o)
    0x00000150   0x00000150   0x00000002   Code   RO         2482    .ARM.Collect$$libshutdown$$00000010  c_w.l(libshutdown2.o)
    0x00000152   0x00000152   0x00000000   Code   RO         2357    .ARM.Collect$$rtentry$$00000000  c_w.l(__rtentry.o)
    0x00000152   0x00000152   0x00000000   Code   RO         2372    .ARM.Collect$$rtentry$$00000002  c_w.l(__rtentry2.o)
    0x00000152   0x00000152   0x00000006   Code   RO         2384    .ARM.Collect$$rtentry$$00000004  c_w.l(__rtentry4.o)
    0x00000158   0x00000158   0x00000000   Code   RO         2374    .ARM.Collect$$rtentry$$00000009  c_w.l(__rtentry2.o)
    0x00000158   0x00000158   0x00000004   Code   RO         2375    .ARM.Collect$$rtentry$$0000000A  c_w.l(__rtentry2.o)
    0x0000015c   0x0000015c   0x00000008   Code   RO         2376    .ARM.Collect$$rtentry$$0000000B  c_w.l(__rtentry2.o)
    0x00000164   0x00000164   0x00000008   Code   RO         2378    .ARM.Collect$$rtentry$$0000000D  c_w.l(__rtentry2.o)
    0x0000016c   0x0000016c   0x00000002   Code   RO         2358    .ARM.Collect$$rtexit$$00000000  c_w.l(rtexit.o)
    0x0000016e   0x0000016e   0x00000000   Code   RO         2387    .ARM.Collect$$rtexit$$00000002  c_w.l(rtexit2.o)
    0x0000016e   0x0000016e   0x00000004   Code   RO         2388    .ARM.Collect$$rtexit$$00000003  c_w.l(rtexit2.o)
    0x00000172   0x00000172   0x00000006   Code   RO         2389    .ARM.Collect$$rtexit$$00000004  c_w.l(rtexit2.o)
    0x00000178   0x00000178   0x0000001c   Code   RO          527    .emb_text           rtx_conf_cm.o
    0x00000194   0x00000194   0x00000130   Code   RO         2297    .emb_text           RTX_CM3.lib(hal_cm3.o)
    0x000002c4   0x000002c4   0x00000008   Code   RO         2312    .text               c_w.l(libspace.o)
    0x000002cc   0x000002cc   0x00000028   Code   RO         2319    .text               c_w.l(noretval__2sprintf.o)
    0x000002f4   0x000002f4   0x00000006   Code   RO         2353    .text               c_w.l(heapauxi.o)
    0x000002fa   0x000002fa   0x00000002   Code   RO         2413    .text               c_w.l(use_no_semi.o)
    0x000002fc   0x000002fc   0x00000004   Code   RO         1056    .ARM.__at_0x02FC    startup_lpc17xx.o
    0x00000300   0x00000300   0x0000003c   Code   RO         1057    .text               startup_lpc17xx.o
    0x0000033c   0x0000033c   0x0000004e   Code   RO         2323    .text               c_w.l(_printf_pad.o)
    0x0000038a   0x0000038a   0x00000002   PAD
    0x0000038c   0x0000038c   0x00000078   Code   RO         2325    .text               c_w.l(_printf_dec.o)
    0x00000404   0x00000404   0x00000138   Code   RO         2339    .text               c_w.l(__printf_flags_wp.o)
    0x0000053c   0x0000053c   0x00000012   Code   RO         2349    .text               c_w.l(exit.o)
    0x0000054e   0x0000054e   0x0000004e   Code   RO         2351    .text               c_w.l(rt_memclr_w.o)
    0x0000059c   0x0000059c   0x000000b2   Code   RO         2364    .text               c_w.l(_printf_intcommon.o)
    0x0000064e   0x0000064e   0x00000002   PAD
    0x00000650   0x00000650   0x00000030   Code   RO         2366    .text               c_w.l(_printf_char_common.o)
    0x00000680   0x00000680   0x0000000a   Code   RO         2368    .text               c_w.l(_sputc.o)
    0x0000068a   0x0000068a   0x00000002   PAD
    0x0000068c   0x0000068c   0x0000000c   Code   RO         2397    .text               c_w.l(sys_exit.o)
    0x00000698   0x00000698   0x0000004a   Code   RO         2399    .text               c_w.l(sys_stackheap_outer.o)
    0x000006e2   0x000006e2   0x00000000   Code   RO         2415    .text               c_w.l(indicate_semi.o)
    0x000006e2   0x000006e2   0x00000002   PAD
    0x000006e4   0x000006e4   0x00000004   Code   RO         2307    SVC_TABLE           RTX_CM3.lib(svc_table.o)
    0x000006e8   0x000006e8   0x00000040   Code   RO          199    i.ADC_Init_Hardware  adc_driver.o
    0x00000728   0x00000728   0x00000028   Code   RO          200    i.ADC_Read_Knob     adc_driver.o
    0x00000750   0x00000750   0x0000008c   Code   RO            4    i.CAN_IRQHandler    can_mcal.o
    0x000007dc   0x000007dc   0x000000c4   Code   RO            5    i.CAN_Init          can_mcal.o
    0x000008a0   0x000008a0   0x00000040   Code   RO            6    i.CAN_Init_Interrupt  can_mcal.o
    0x000008e0   0x000008e0   0x00000044   Code   RO            8    i.Can_Write         can_mcal.o
    0x00000924   0x00000924   0x00000020   Code   RO          876    i.Clear_Channel_active_flag  gpdma_lpc17xx.o
    0x00000944   0x00000944   0x000000ac   Code   RO           92    i.Command_RxTask    main.o
    0x000009f0   0x000009f0   0x00000180   Code   RO          877    i.DMA_IRQHandler    gpdma_lpc17xx.o
    0x00000b70   0x00000b70   0x0000003c   Code   RO          241    i.GLCD_ClearScreen  glcd_mcb1700.o
    0x00000bac   0x00000bac   0x000000d0   Code   RO          244    i.GLCD_DrawChar     glcd_mcb1700.o
    0x00000c7c   0x00000c7c   0x0000002c   Code   RO          248    i.GLCD_DrawString   glcd_mcb1700.o
    0x00000ca8   0x00000ca8   0x000005fe   Code   RO          252    i.GLCD_Initialize   glcd_mcb1700.o
    0x000012a6   0x000012a6   0x00000002   PAD
    0x000012a8   0x000012a8   0x00000010   Code   RO          253    i.GLCD_SetBackgroundColor  glcd_mcb1700.o
    0x000012b8   0x000012b8   0x00000010   Code   RO          254    i.GLCD_SetFont      glcd_mcb1700.o
    0x000012c8   0x000012c8   0x00000010   Code   RO          255    i.GLCD_SetForegroundColor  glcd_mcb1700.o
    0x000012d8   0x000012d8   0x000000a0   Code   RO          256    i.GLCD_SetWindow    glcd_mcb1700.o
    0x00001378   0x00001378   0x000000f4   Code   RO          878    i.GPDMA_ChannelConfigure  gpdma_lpc17xx.o
    0x0000146c   0x0000146c   0x00000030   Code   RO          879    i.GPDMA_ChannelDisable  gpdma_lpc17xx.o
    0x0000149c   0x0000149c   0x00000030   Code   RO          881    i.GPDMA_ChannelGetCount  gpdma_lpc17xx.o
    0x000014cc   0x000014cc   0x000000b0   Code   RO          883    i.GPDMA_Initialize  gpdma_lpc17xx.o
    0x0000157c   0x0000157c   0x00000044   Code   RO          884    i.GPDMA_PeripheralSelect  gpdma_lpc17xx.o
    0x000015c0   0x000015c0   0x00000080   Code   RO          885    i.GPDMA_Uninitialize  gpdma_lpc17xx.o
    0x00001640   0x00001640   0x00000020   Code   RO          966    i.GPIO_PinRead      gpio_lpc17xx.o
    0x00001660   0x00001660   0x00000028   Code   RO          967    i.GPIO_PinWrite     gpio_lpc17xx.o
    0x00001688   0x00001688   0x0000002c   Code   RO          968    i.GPIO_PortClock    gpio_lpc17xx.o
    0x000016b4   0x000016b4   0x00000038   Code   RO          971    i.GPIO_SetDir       gpio_lpc17xx.o
    0x000016ec   0x000016ec   0x00000050   Code   RO          588    i.GetSPIClockFreq   spi_lpc17xx.o
    0x0000173c   0x0000173c   0x00000044   Code   RO          701    i.GetSSPClockFreq   ssp_lpc17xx.o
    0x00001780   0x00001780   0x000000fc   Code   RO         1020    i.PIN_Configure     pin_lpc17xx.o
    0x0000187c   0x0000187c   0x000005e8   Code   RO          589    i.SPI_Control       spi_lpc17xx.o
    0x00001e64   0x00001e64   0x0000000c   Code   RO          590    i.SPI_GetCapabilities  spi_lpc17xx.o
    0x00001e70   0x00001e70   0x00000020   Code   RO          591    i.SPI_GetDataCount  spi_lpc17xx.o
    0x00001e90   0x00001e90   0x00000068   Code   RO          592    i.SPI_GetStatus     spi_lpc17xx.o
    0x00001ef8   0x00001ef8   0x00000010   Code   RO          593    i.SPI_GetVersion    spi_lpc17xx.o
    0x00001f08   0x00001f08   0x00000208   Code   RO          594    i.SPI_IRQHandler    spi_lpc17xx.o
    0x00002110   0x00002110   0x000000c8   Code   RO          595    i.SPI_Initialize    spi_lpc17xx.o
    0x000021d8   0x000021d8   0x000001ec   Code   RO          596    i.SPI_PowerControl  spi_lpc17xx.o
    0x000023c4   0x000023c4   0x000000b8   Code   RO          597    i.SPI_Receive       spi_lpc17xx.o
    0x0000247c   0x0000247c   0x00000118   Code   RO          598    i.SPI_Send          spi_lpc17xx.o
    0x00002594   0x00002594   0x00000118   Code   RO          599    i.SPI_Transfer      spi_lpc17xx.o
    0x000026ac   0x000026ac   0x0000009c   Code   RO          600    i.SPI_Uninitialize  spi_lpc17xx.o
    0x00002748   0x00002748   0x00000018   Code   RO          702    i.SSP1_Control      ssp_lpc17xx.o
    0x00002760   0x00002760   0x00000014   Code   RO          703    i.SSP1_GPDMA_Rx_SignalEvent  ssp_lpc17xx.o
    0x00002774   0x00002774   0x00000014   Code   RO          704    i.SSP1_GPDMA_Tx_SignalEvent  ssp_lpc17xx.o
    0x00002788   0x00002788   0x00000010   Code   RO          705    i.SSP1_GetDataCount  ssp_lpc17xx.o
    0x00002798   0x00002798   0x00000010   Code   RO          706    i.SSP1_GetStatus    ssp_lpc17xx.o
    0x000027a8   0x000027a8   0x00000010   Code   RO          707    i.SSP1_IRQHandler   ssp_lpc17xx.o
    0x000027b8   0x000027b8   0x00000014   Code   RO          708    i.SSP1_Initialize   ssp_lpc17xx.o
    0x000027cc   0x000027cc   0x00000014   Code   RO          709    i.SSP1_PowerControl  ssp_lpc17xx.o
    0x000027e0   0x000027e0   0x00000018   Code   RO          710    i.SSP1_Receive      ssp_lpc17xx.o
    0x000027f8   0x000027f8   0x00000018   Code   RO          711    i.SSP1_Send         ssp_lpc17xx.o
    0x00002810   0x00002810   0x0000001c   Code   RO          712    i.SSP1_Transfer     ssp_lpc17xx.o
    0x0000282c   0x0000282c   0x00000010   Code   RO          713    i.SSP1_Uninitialize  ssp_lpc17xx.o
    0x0000283c   0x0000283c   0x0000000c   Code   RO          714    i.SSP_GetCapabilities  ssp_lpc17xx.o
    0x00002848   0x00002848   0x00000010   Code   RO          715    i.SSP_GetVersion    ssp_lpc17xx.o
    0x00002858   0x00002858   0x0000051e   Code   RO          716    i.SSPx_Control      ssp_lpc17xx.o
    0x00002d76   0x00002d76   0x00000036   Code   RO          717    i.SSPx_GPDMA_Rx_SignalEvent  ssp_lpc17xx.o
    0x00002dac   0x00002dac   0x0000001c   Code   RO          718    i.SSPx_GPDMA_Tx_SignalEvent  ssp_lpc17xx.o
    0x00002dc8   0x00002dc8   0x0000002c   Code   RO          719    i.SSPx_GetDataCount  ssp_lpc17xx.o
    0x00002df4   0x00002df4   0x0000005a   Code   RO          720    i.SSPx_GetStatus    ssp_lpc17xx.o
    0x00002e4e   0x00002e4e   0x00000104   Code   RO          721    i.SSPx_IRQHandler   ssp_lpc17xx.o
    0x00002f52   0x00002f52   0x000000a8   Code   RO          722    i.SSPx_Initialize   ssp_lpc17xx.o
    0x00002ffa   0x00002ffa   0x00000002   PAD
    0x00002ffc   0x00002ffc   0x000001d8   Code   RO          723    i.SSPx_PowerControl  ssp_lpc17xx.o
    0x000031d4   0x000031d4   0x0000015c   Code   RO          724    i.SSPx_Receive      ssp_lpc17xx.o
    0x00003330   0x00003330   0x00000154   Code   RO          725    i.SSPx_Send         ssp_lpc17xx.o
    0x00003484   0x00003484   0x00000152   Code   RO          726    i.SSPx_Transfer     ssp_lpc17xx.o
    0x000035d6   0x000035d6   0x00000070   Code   RO          727    i.SSPx_Uninitialize  ssp_lpc17xx.o
    0x00003646   0x00003646   0x00000002   PAD
    0x00003648   0x00003648   0x00000370   Code   RO           93    i.Sensor_TxTask     main.o
    0x000039b8   0x000039b8   0x00000064   Code   RO           94    i.Set_All_LEDs      main.o
    0x00003a1c   0x00003a1c   0x00000038   Code   RO          886    i.Set_Channel_active_flag  gpdma_lpc17xx.o
    0x00003a54   0x00003a54   0x00000140   Code   RO         1067    i.SystemInit        system_lpc17xx.o
    0x00003b94   0x00003b94   0x00000038   Code   RO           95    i.Update_Kit1_Hardware_LEDs  main.o
    0x00003bcc   0x00003bcc   0x0000001c   Code   RO          601    i.__NVIC_ClearPendingIRQ  spi_lpc17xx.o
    0x00003be8   0x00003be8   0x0000001c   Code   RO          728    i.__NVIC_ClearPendingIRQ  ssp_lpc17xx.o
    0x00003c04   0x00003c04   0x0000001c   Code   RO          887    i.__NVIC_ClearPendingIRQ  gpdma_lpc17xx.o
    0x00003c20   0x00003c20   0x00000046   Code   RO         2196    i._init_box         RTX_CM3.lib(rt_membox.o)
    0x00003c66   0x00003c66   0x0000000e   Code   RO         2337    i._is_digit         c_w.l(__printf_wp.o)
    0x00003c74   0x00003c74   0x00000020   Code   RO          529    i._mutex_acquire    rtx_conf_cm.o
    0x00003c94   0x00003c94   0x0000001c   Code   RO          531    i._mutex_release    rtx_conf_cm.o
    0x00003cb0   0x00003cb0   0x00000030   Code   RO         2249    i.dbg_init          RTX_CM3.lib(hal_cm.o)
    0x00003ce0   0x00003ce0   0x00000020   Code   RO         2250    i.dbg_task_notify   RTX_CM3.lib(hal_cm.o)
    0x00003d00   0x00003d00   0x00000010   Code   RO         2251    i.dbg_task_switch   RTX_CM3.lib(hal_cm.o)
    0x00003d10   0x00003d10   0x00000030   Code   RO          259    i.delay_ms          glcd_mcb1700.o
    0x00003d40   0x00003d40   0x0000002a   Code   RO         1102    i.isrMessageGet     RTX_CM3.lib(rt_cmsis.o)
    0x00003d6a   0x00003d6a   0x0000002c   Code   RO         1103    i.isrMessagePut     RTX_CM3.lib(rt_cmsis.o)
    0x00003d96   0x00003d96   0x00000002   PAD
    0x00003d98   0x00003d98   0x00000056   Code   RO         2051    i.isr_mbx_receive   RTX_CM3.lib(rt_mailbox.o)
    0x00003dee   0x00003dee   0x0000000e   Code   RO         2052    i.isr_mbx_send      RTX_CM3.lib(rt_mailbox.o)
    0x00003dfc   0x00003dfc   0x0000003c   Code   RO           96    i.main              main.o
    0x00003e38   0x00003e38   0x00000018   Code   RO         1106    i.osDelay           RTX_CM3.lib(rt_cmsis.o)
    0x00003e50   0x00003e50   0x00000024   Code   RO         1107    i.osKernelInitialize  RTX_CM3.lib(rt_cmsis.o)
    0x00003e74   0x00003e74   0x0000006c   Code   RO         1109    i.osKernelStart     RTX_CM3.lib(rt_cmsis.o)
    0x00003ee0   0x00003ee0   0x0000002c   Code   RO         1117    i.osMessageCreate   RTX_CM3.lib(rt_cmsis.o)
    0x00003f0c   0x00003f0c   0x00000018   Code   RO         1118    i.osMessageGet      RTX_CM3.lib(rt_cmsis.o)
    0x00003f24   0x00003f24   0x00000018   Code   RO         1119    i.osMessagePut      RTX_CM3.lib(rt_cmsis.o)
    0x00003f3c   0x00003f3c   0x0000002c   Code   RO         1135    i.osThreadCreate    RTX_CM3.lib(rt_cmsis.o)
    0x00003f68   0x00003f68   0x00000018   Code   RO         1136    i.osThreadExit      RTX_CM3.lib(rt_cmsis.o)
    0x00003f80   0x00003f80   0x0000000c   Code   RO         1142    i.osTimerCall       RTX_CM3.lib(rt_cmsis.o)
    0x00003f8c   0x00003f8c   0x0000002c   Code   RO         1147    i.osTimerThread     RTX_CM3.lib(rt_cmsis.o)
    0x00003fb8   0x00003fb8   0x00000022   Code   RO          532    i.os_error          rtx_conf_cm.o
    0x00003fda   0x00003fda   0x00000004   Code   RO          533    i.os_idle_demon     rtx_conf_cm.o
    0x00003fde   0x00003fde   0x00000002   PAD
    0x00003fe0   0x00003fe0   0x00000028   Code   RO         1843    i.os_tick_init      RTX_CM3.lib(rt_system.o)
    0x00004008   0x00004008   0x00000002   Code   RO         1844    i.os_tick_irqack    RTX_CM3.lib(rt_system.o)
    0x0000400a   0x0000400a   0x00000002   PAD
    0x0000400c   0x0000400c   0x000000c8   Code   RO          260    i.rd_id_man         glcd_mcb1700.o
    0x000040d4   0x000040d4   0x0000001a   Code   RO         2197    i.rt_alloc_box      RTX_CM3.lib(rt_membox.o)
    0x000040ee   0x000040ee   0x0000003e   Code   RO         2225    i.rt_alloc_mem      RTX_CM3.lib(rt_memory.o)
    0x0000412c   0x0000412c   0x00000038   Code   RO         1724    i.rt_block          RTX_CM3.lib(rt_task.o)
    0x00004164   0x00004164   0x00000048   Code   RO         2174    i.rt_chk_robin      RTX_CM3.lib(rt_robin.o)
    0x000041ac   0x000041ac   0x00000070   Code   RO         1975    i.rt_dec_dly        RTX_CM3.lib(rt_list.o)
    0x0000421c   0x0000421c   0x00000044   Code   RO         1725    i.rt_dispatch       RTX_CM3.lib(rt_task.o)
    0x00004260   0x00004260   0x00000006   Code   RO         2141    i.rt_dly_wait       RTX_CM3.lib(rt_time.o)
    0x00004266   0x00004266   0x00000002   PAD
    0x00004268   0x00004268   0x00000050   Code   RO         1936    i.rt_evt_psh        RTX_CM3.lib(rt_event.o)
    0x000042b8   0x000042b8   0x0000002c   Code   RO         2198    i.rt_free_box       RTX_CM3.lib(rt_membox.o)
    0x000042e4   0x000042e4   0x00000028   Code   RO         2226    i.rt_free_mem       RTX_CM3.lib(rt_memory.o)
    0x0000430c   0x0000430c   0x00000028   Code   RO         1976    i.rt_get_first      RTX_CM3.lib(rt_list.o)
    0x00004334   0x00004334   0x00000008   Code   RO         1152    i.rt_id2obj         RTX_CM3.lib(rt_cmsis.o)
    0x0000433c   0x0000433c   0x00000048   Code   RO         1726    i.rt_init_context   RTX_CM3.lib(rt_task.o)
    0x00004384   0x00004384   0x0000001a   Code   RO         2227    i.rt_init_mem       RTX_CM3.lib(rt_memory.o)
    0x0000439e   0x0000439e   0x00000002   PAD
    0x000043a0   0x000043a0   0x00000018   Code   RO         2175    i.rt_init_robin     RTX_CM3.lib(rt_robin.o)
    0x000043b8   0x000043b8   0x00000080   Code   RO         2252    i.rt_init_stack     RTX_CM3.lib(hal_cm.o)
    0x00004438   0x00004438   0x00000008   Code   RO         2053    i.rt_mbx_check      RTX_CM3.lib(rt_mailbox.o)
    0x00004440   0x00004440   0x0000001a   Code   RO         2054    i.rt_mbx_init       RTX_CM3.lib(rt_mailbox.o)
    0x0000445a   0x0000445a   0x00000002   PAD
    0x0000445c   0x0000445c   0x000000f0   Code   RO         2055    i.rt_mbx_psh        RTX_CM3.lib(rt_mailbox.o)
    0x0000454c   0x0000454c   0x00000098   Code   RO         2056    i.rt_mbx_send       RTX_CM3.lib(rt_mailbox.o)
    0x000045e4   0x000045e4   0x000000b4   Code   RO         2057    i.rt_mbx_wait       RTX_CM3.lib(rt_mailbox.o)
    0x00004698   0x00004698   0x00000044   Code   RO         1153    i.rt_ms2tick        RTX_CM3.lib(rt_cmsis.o)
    0x000046dc   0x000046dc   0x000000d8   Code   RO         1810    i.rt_mut_release    RTX_CM3.lib(rt_mutex.o)
    0x000047b4   0x000047b4   0x00000078   Code   RO         1811    i.rt_mut_wait       RTX_CM3.lib(rt_mutex.o)
    0x0000482c   0x0000482c   0x0000007c   Code   RO         1847    i.rt_pop_req        RTX_CM3.lib(rt_system.o)
    0x000048a8   0x000048a8   0x00000020   Code   RO         1848    i.rt_psh_req        RTX_CM3.lib(rt_system.o)
    0x000048c8   0x000048c8   0x0000005c   Code   RO         1978    i.rt_psq_enq        RTX_CM3.lib(rt_list.o)
    0x00004924   0x00004924   0x00000048   Code   RO         1979    i.rt_put_dly        RTX_CM3.lib(rt_list.o)
    0x0000496c   0x0000496c   0x00000036   Code   RO         1980    i.rt_put_prio       RTX_CM3.lib(rt_list.o)
    0x000049a2   0x000049a2   0x00000002   PAD
    0x000049a4   0x000049a4   0x00000014   Code   RO         1981    i.rt_put_rdy_first  RTX_CM3.lib(rt_list.o)
    0x000049b8   0x000049b8   0x00000034   Code   RO         1982    i.rt_resort_prio    RTX_CM3.lib(rt_list.o)
    0x000049ec   0x000049ec   0x00000006   Code   RO         2253    i.rt_ret_val        RTX_CM3.lib(hal_cm.o)
    0x000049f2   0x000049f2   0x00000008   Code   RO         2254    i.rt_ret_val2       RTX_CM3.lib(hal_cm.o)
    0x000049fa   0x000049fa   0x00000028   Code   RO         1983    i.rt_rmv_dly        RTX_CM3.lib(rt_list.o)
    0x00004a22   0x00004a22   0x00000002   PAD
    0x00004a24   0x00004a24   0x00000030   Code   RO         1984    i.rt_rmv_list       RTX_CM3.lib(rt_list.o)
    0x00004a54   0x00004a54   0x00000034   Code   RO         2102    i.rt_sem_psh        RTX_CM3.lib(rt_semaphore.o)
    0x00004a88   0x00004a88   0x00000024   Code   RO         1850    i.rt_stk_check      RTX_CM3.lib(rt_system.o)
    0x00004aac   0x00004aac   0x00000028   Code   RO         1727    i.rt_switch_req     RTX_CM3.lib(rt_task.o)
    0x00004ad4   0x00004ad4   0x000000cc   Code   RO         1728    i.rt_sys_init       RTX_CM3.lib(rt_task.o)
    0x00004ba0   0x00004ba0   0x00000078   Code   RO         1729    i.rt_sys_start      RTX_CM3.lib(rt_task.o)
    0x00004c18   0x00004c18   0x00000040   Code   RO         1852    i.rt_systick        RTX_CM3.lib(rt_system.o)
    0x00004c58   0x00004c58   0x00000012   Code   RO         1154    i.rt_tid2ptcb       RTX_CM3.lib(rt_cmsis.o)
    0x00004c6a   0x00004c6a   0x00000002   PAD
    0x00004c6c   0x00004c6c   0x00000034   Code   RO         1155    i.rt_timer_insert   RTX_CM3.lib(rt_cmsis.o)
    0x00004ca0   0x00004ca0   0x00000088   Code   RO         1730    i.rt_tsk_create     RTX_CM3.lib(rt_task.o)
    0x00004d28   0x00004d28   0x0000017c   Code   RO         1731    i.rt_tsk_delete     RTX_CM3.lib(rt_task.o)
    0x00004ea4   0x00004ea4   0x0000007c   Code   RO         1733    i.rt_tsk_prio       RTX_CM3.lib(rt_task.o)
    0x00004f20   0x00004f20   0x00000010   Code   RO         1734    i.rt_tsk_self       RTX_CM3.lib(rt_task.o)
    0x00004f30   0x00004f30   0x0000002c   Code   RO          261    i.spi_tran          glcd_mcb1700.o
    0x00004f5c   0x00004f5c   0x00000088   Code   RO          262    i.spi_tran_man      glcd_mcb1700.o
    0x00004fe4   0x00004fe4   0x00000012   Code   RO         1157    i.svcDelay          RTX_CM3.lib(rt_cmsis.o)
    0x00004ff6   0x00004ff6   0x00000002   PAD
    0x00004ff8   0x00004ff8   0x00000070   Code   RO         1158    i.svcKernelInitialize  RTX_CM3.lib(rt_cmsis.o)
    0x00005068   0x00005068   0x00000048   Code   RO         1160    i.svcKernelStart    RTX_CM3.lib(rt_cmsis.o)
    0x000050b0   0x000050b0   0x00000024   Code   RO         1163    i.svcMessageCreate  RTX_CM3.lib(rt_cmsis.o)
    0x000050d4   0x000050d4   0x0000003a   Code   RO         1164    i.svcMessageGet     RTX_CM3.lib(rt_cmsis.o)
    0x0000510e   0x0000510e   0x00000036   Code   RO         1165    i.svcMessagePut     RTX_CM3.lib(rt_cmsis.o)
    0x00005144   0x00005144   0x0000006c   Code   RO         1178    i.svcThreadCreate   RTX_CM3.lib(rt_cmsis.o)
    0x000051b0   0x000051b0   0x0000001c   Code   RO         1179    i.svcThreadGetId    RTX_CM3.lib(rt_cmsis.o)
    0x000051cc   0x000051cc   0x00000038   Code   RO         1182    i.svcThreadTerminate  RTX_CM3.lib(rt_cmsis.o)
    0x00005204   0x00005204   0x00000018   Code   RO         1184    i.svcTimerCall      RTX_CM3.lib(rt_cmsis.o)
    0x0000521c   0x0000521c   0x0000005c   Code   RO         1193    i.sysTimerTick      RTX_CM3.lib(rt_cmsis.o)
    0x00005278   0x00005278   0x0000004c   Code   RO          263    i.wr_cmd            glcd_mcb1700.o
    0x000052c4   0x000052c4   0x00000034   Code   RO          264    i.wr_dat_only       glcd_mcb1700.o
    0x000052f8   0x000052f8   0x00000018   Code   RO          265    i.wr_dat_start      glcd_mcb1700.o
    0x00005310   0x00005310   0x00000014   Code   RO          266    i.wr_dat_stop       glcd_mcb1700.o
    0x00005324   0x00005324   0x00000090   Code   RO          267    i.wr_reg            glcd_mcb1700.o
    0x000053b4   0x000053b4   0x00000038   Data   RO           98    .constdata          main.o
    0x000053ec   0x000053ec   0x000018a0   Data   RO          226    .constdata          glcd_fonts.o
    0x00006c8c   0x00006c8c   0x00000008   Data   RO          268    .constdata          glcd_mcb1700.o
    0x00006c94   0x00006c94   0x00000068   Data   RO          535    .constdata          rtx_conf_cm.o
    0x00006cfc   0x00006cfc   0x00000074   Data   RO          603    .constdata          spi_lpc17xx.o
    0x00006d70   0x00006d70   0x00000084   Data   RO          730    .constdata          ssp_lpc17xx.o
    0x00006df4   0x00006df4   0x00000011   Data   RO         2340    .constdata          c_w.l(__printf_flags_wp.o)
    0x00006e05   0x00006e05   0x00000003   PAD
    0x00006e08   0x00006e08   0x00000030   Data   RO         2523    Region$$Table       anon$$obj.o


    Execution Region RW_IRAM1 (Exec base: 0x10000000, Load base: 0x00006e38, Size: 0x00003de0, Max: 0x00008000, ABSOLUTE)

    Exec Addr    Load Addr    Size         Type   Attr      Idx    E Section Name        Object

    0x10000000        -       0x00003de0   Zero   RW          534    .bss                rtx_conf_cm.o


    Execution Region RW_IRAM2 (Exec base: 0x2007c000, Load base: 0x00006e38, Size: 0x00000480, Max: 0x00008000, ABSOLUTE)

    Exec Addr    Load Addr    Size         Type   Attr      Idx    E Section Name        Object

    0x2007c000   0x00006e38   0x00000010   Data   RW           99    .data               main.o
    0x2007c010   0x00006e48   0x00000009   Data   RW          269    .data               glcd_mcb1700.o
    0x2007c019   0x00006e51   0x00000003   PAD
    0x2007c01c   0x00006e54   0x00000014   Data   RW          536    .data               rtx_conf_cm.o
    0x2007c030   0x00006e68   0x00000004   Data   RW          604    .data               spi_lpc17xx.o
    0x2007c034   0x00006e6c   0x00000008   Data   RW          731    .data               ssp_lpc17xx.o
    0x2007c03c   0x00006e74   0x00000008   Data   RW          889    .data               gpdma_lpc17xx.o
    0x2007c044   0x00006e7c   0x00000004   Data   RW         1068    .data               system_lpc17xx.o
    0x2007c048   0x00006e80   0x00000008   Data   RW         1196    .data               RTX_CM3.lib(rt_cmsis.o)
    0x2007c050   0x00006e88   0x00000008   Data   RW         1736    .data               RTX_CM3.lib(rt_task.o)
    0x2007c058   0x00006e90   0x00000008   Data   RW         1855    .data               RTX_CM3.lib(rt_system.o)
    0x2007c060   0x00006e98   0x00000004   Data   RW         2145    .data               RTX_CM3.lib(rt_time.o)
    0x2007c064   0x00006e9c   0x00000008   Data   RW         2176    .data               RTX_CM3.lib(rt_robin.o)
    0x2007c06c   0x00006ea4   0x00000001   Data   RW         2255    .data               RTX_CM3.lib(hal_cm.o)
    0x2007c06d   0x00006ea5   0x00000003   PAD
    0x2007c070        -       0x00000050   Zero   RW           97    .bss                main.o
    0x2007c0c0        -       0x0000002c   Zero   RW          602    .bss                spi_lpc17xx.o
    0x2007c0ec        -       0x0000002c   Zero   RW          729    .bss                ssp_lpc17xx.o
    0x2007c118        -       0x000000a0   Zero   RW          888    .bss                gpdma_lpc17xx.o
    0x2007c1b8        -       0x00000034   Zero   RW         1735    .bss                RTX_CM3.lib(rt_task.o)
    0x2007c1ec        -       0x00000030   Zero   RW         1985    .bss                RTX_CM3.lib(rt_list.o)
    0x2007c21c        -       0x00000060   Zero   RW         2313    .bss                c_w.l(libspace.o)
    0x2007c27c   0x00006ea5   0x00000004   PAD
    0x2007c280        -       0x00000000   Zero   RW         1054    HEAP                startup_lpc17xx.o
    0x2007c280        -       0x00000200   Zero   RW         1053    STACK               startup_lpc17xx.o


==============================================================================

Image component sizes


      Code (inc. data)   RO Data    RW Data    ZI Data      Debug   Object Name

       104         22          0          0          0        876   adc_driver.o
       468         44          0          0          0      55833   can_mcal.o
         0          0       6304          0          0       1128   glcd_fonts.o
      2798        110          8          9          0      20104   glcd_mcb1700.o
      1212         94          0          8        160       9170   gpdma_lpc17xx.o
       172         18          0          0          0       2570   gpio_lpc17xx.o
      1268        240         56         16         80       5929   main.o
       252          6          0          0          0        876   pin_lpc17xx.o
       126         26        104         20      15840       9491   rtx_conf_cm.o
      3896         86        116          4         44      40838   spi_lpc17xx.o
      3932        106        132          8         44      29438   ssp_lpc17xx.o
        64         26        204          0        512       1008   startup_lpc17xx.o
       320         18          0          4          0        859   system_lpc17xx.o

    ----------------------------------------------------------------------
     14620        796       6972         72      16680     178120   Object Totals
         0          0         48          0          0          0   (incl. Generated)
         8          0          0          3          0          0   (incl. Padding)

    ----------------------------------------------------------------------

      Code (inc. data)   RO Data    RW Data    ZI Data      Debug   Library Member Name

       238         24          0          1          0       3268   hal_cm.o
       304         36          0          0          0        760   hal_cm3.o
      1274        158          0          8          0      35156   rt_cmsis.o
        80          4          0          0          0        653   rt_event.o
       530         34          0          0         48       8169   rt_list.o
       706         14          0          0          0       4731   rt_mailbox.o
       140          0          0          0          0       1901   rt_membox.o
       128          0          0          0          0       2275   rt_memory.o
       336         14          0          0          0       1631   rt_mutex.o
        96         22          0          8          0       1134   rt_robin.o
        52          4          0          0          0        565   rt_semaphore.o
       298         52          0          8          0       6151   rt_system.o
      1216        174          0          8         52       9565   rt_task.o
         6          0          0          4          0        644   rt_time.o
         4          4          0          0          0        200   svc_table.o
         8          0          0          0          0         68   __main.o
       312          4         17          0          0         92   __printf_flags_wp.o
        14          0          0          0          0         68   __printf_wp.o
         0          0          0          0          0          0   __rtentry.o
        20          0          0          0          0          0   __rtentry2.o
         6          0          0          0          0          0   __rtentry4.o
        52          8          0          0          0          0   __scatter.o
        26          0          0          0          0          0   __scatter_copy.o
        28          0          0          0          0          0   __scatter_zi.o
        48          6          0          0          0         96   _printf_char_common.o
       120         16          0          0          0         92   _printf_dec.o
       178          0          0          0          0         88   _printf_intcommon.o
        78          0          0          0          0        108   _printf_pad.o
         0          0          0          0          0          0   _printf_percent.o
         4          0          0          0          0          0   _printf_percent_end.o
         6          0          0          0          0          0   _printf_u.o
        10          0          0          0          0         68   _sputc.o
        18          0          0          0          0         80   exit.o
         6          0          0          0          0        152   heapauxi.o
         0          0          0          0          0          0   indicate_semi.o
         2          0          0          0          0          0   libinit.o
         2          0          0          0          0          0   libinit2.o
         2          0          0          0          0          0   libshutdown.o
         2          0          0          0          0          0   libshutdown2.o
         8          4          0          0         96         68   libspace.o
        40          6          0          0          0         84   noretval__2sprintf.o
        78          0          0          0          0         80   rt_memclr_w.o
         2          0          0          0          0          0   rtexit.o
        10          0          0          0          0          0   rtexit2.o
        12          4          0          0          0         68   sys_exit.o
        74          0          0          0          0         80   sys_stackheap_outer.o
         2          0          0          0          0         68   use_no_semi.o

    ----------------------------------------------------------------------
      6604        588         20         40        200      78163   Library Totals
        28          0          3          3          4          0   (incl. Padding)

    ----------------------------------------------------------------------

      Code (inc. data)   RO Data    RW Data    ZI Data      Debug   Library Name

      5408        540          0         37        100      76803   RTX_CM3.lib
      1168         48         17          0         96       1360   c_w.l

    ----------------------------------------------------------------------
      6604        588         20         40        200      78163   Library Totals

    ----------------------------------------------------------------------

==============================================================================


      Code (inc. data)   RO Data    RW Data    ZI Data      Debug   

     21224       1384       6992        112      16880     247283   Grand Totals
     21224       1384       6992        112      16880     247283   ELF Image Totals
     21224       1384       6992        112          0          0   ROM Totals

==============================================================================

    Total RO  Size (Code + RO Data)                28216 (  27.55kB)
    Total RW  Size (RW Data + ZI Data)             16992 (  16.59kB)
    Total ROM Size (Code + RO Data + RW Data)      28328 (  27.66kB)

==============================================================================

